Archive member included to satisfy reference by file (symbol)

c:/st/stm32cubeide_1.1.0/stm32cubeide/plugins/com.st.stm32cube.ide.mcu.externaltools.gnu-tools-for-stm32.7-2018-q2-update.win32_1.0.0.201904181610/tools/bin/../lib/gcc/arm-none-eabi/7.3.1/../../../../arm-none-eabi/lib/thumb/v7e-m/fpv4-sp/hard\libc_nano.a(lib_a-errno.o)
                              Core/Src/syscalls.o (__errno)
c:/st/stm32cubeide_1.1.0/stm32cubeide/plugins/com.st.stm32cube.ide.mcu.externaltools.gnu-tools-for-stm32.7-2018-q2-update.win32_1.0.0.201904181610/tools/bin/../lib/gcc/arm-none-eabi/7.3.1/../../../../arm-none-eabi/lib/thumb/v7e-m/fpv4-sp/hard\libc_nano.a(lib_a-exit.o)
                              c:/st/stm32cubeide_1.1.0/stm32cubeide/plugins/com.st.stm32cube.ide.mcu.externaltools.gnu-tools-for-stm32.7-2018-q2-update.win32_1.0.0.201904181610/tools/bin/../lib/gcc/arm-none-eabi/7.3.1/../../../../arm-none-eabi/lib/thumb/v7e-m/fpv4-sp/hard/crt0.o (exit)
c:/st/stm32cubeide_1.1.0/stm32cubeide/plugins/com.st.stm32cube.ide.mcu.externaltools.gnu-tools-for-stm32.7-2018-q2-update.win32_1.0.0.201904181610/tools/bin/../lib/gcc/arm-none-eabi/7.3.1/../../../../arm-none-eabi/lib/thumb/v7e-m/fpv4-sp/hard\libc_nano.a(lib_a-impure.o)
                              c:/st/stm32cubeide_1.1.0/stm32cubeide/plugins/com.st.stm32cube.ide.mcu.externaltools.gnu-tools-for-stm32.7-2018-q2-update.win32_1.0.0.201904181610/tools/bin/../lib/gcc/arm-none-eabi/7.3.1/../../../../arm-none-eabi/lib/thumb/v7e-m/fpv4-sp/hard\libc_nano.a(lib_a-exit.o) (_global_impure_ptr)
c:/st/stm32cubeide_1.1.0/stm32cubeide/plugins/com.st.stm32cube.ide.mcu.externaltools.gnu-tools-for-stm32.7-2018-q2-update.win32_1.0.0.201904181610/tools/bin/../lib/gcc/arm-none-eabi/7.3.1/../../../../arm-none-eabi/lib/thumb/v7e-m/fpv4-sp/hard\libc_nano.a(lib_a-init.o)
                              c:/st/stm32cubeide_1.1.0/stm32cubeide/plugins/com.st.stm32cube.ide.mcu.externaltools.gnu-tools-for-stm32.7-2018-q2-update.win32_1.0.0.201904181610/tools/bin/../lib/gcc/arm-none-eabi/7.3.1/../../../../arm-none-eabi/lib/thumb/v7e-m/fpv4-sp/hard/crt0.o (__libc_init_array)
c:/st/stm32cubeide_1.1.0/stm32cubeide/plugins/com.st.stm32cube.ide.mcu.externaltools.gnu-tools-for-stm32.7-2018-q2-update.win32_1.0.0.201904181610/tools/bin/../lib/gcc/arm-none-eabi/7.3.1/../../../../arm-none-eabi/lib/thumb/v7e-m/fpv4-sp/hard\libc_nano.a(lib_a-memcmp.o)
                              Middlewares/ST/STM32_WPAN/ble/core/template/osal.o (memcmp)
c:/st/stm32cubeide_1.1.0/stm32cubeide/plugins/com.st.stm32cube.ide.mcu.externaltools.gnu-tools-for-stm32.7-2018-q2-update.win32_1.0.0.201904181610/tools/bin/../lib/gcc/arm-none-eabi/7.3.1/../../../../arm-none-eabi/lib/thumb/v7e-m/fpv4-sp/hard\libc_nano.a(lib_a-memcpy-stub.o)
                              Middlewares/ST/STM32_WPAN/ble/core/template/osal.o (memcpy)
c:/st/stm32cubeide_1.1.0/stm32cubeide/plugins/com.st.stm32cube.ide.mcu.externaltools.gnu-tools-for-stm32.7-2018-q2-update.win32_1.0.0.201904181610/tools/bin/../lib/gcc/arm-none-eabi/7.3.1/../../../../arm-none-eabi/lib/thumb/v7e-m/fpv4-sp/hard\libc_nano.a(lib_a-memset.o)
                              c:/st/stm32cubeide_1.1.0/stm32cubeide/plugins/com.st.stm32cube.ide.mcu.externaltools.gnu-tools-for-stm32.7-2018-q2-update.win32_1.0.0.201904181610/tools/bin/../lib/gcc/arm-none-eabi/7.3.1/../../../../arm-none-eabi/lib/thumb/v7e-m/fpv4-sp/hard/crt0.o (memset)
c:/st/stm32cubeide_1.1.0/stm32cubeide/plugins/com.st.stm32cube.ide.mcu.externaltools.gnu-tools-for-stm32.7-2018-q2-update.win32_1.0.0.201904181610/tools/bin/../lib/gcc/arm-none-eabi/7.3.1/../../../../arm-none-eabi/lib/thumb/v7e-m/fpv4-sp/hard\libc_nano.a(lib_a-printf.o)
                              Middlewares/ST/STM32_WPAN/utilities/dbg_trace.o (printf)
c:/st/stm32cubeide_1.1.0/stm32cubeide/plugins/com.st.stm32cube.ide.mcu.externaltools.gnu-tools-for-stm32.7-2018-q2-update.win32_1.0.0.201904181610/tools/bin/../lib/gcc/arm-none-eabi/7.3.1/../../../../arm-none-eabi/lib/thumb/v7e-m/fpv4-sp/hard\libc_nano.a(lib_a-strlen.o)
                              STM32_WPAN/App/app_ble.o (strlen)
c:/st/stm32cubeide_1.1.0/stm32cubeide/plugins/com.st.stm32cube.ide.mcu.externaltools.gnu-tools-for-stm32.7-2018-q2-update.win32_1.0.0.201904181610/tools/bin/../lib/gcc/arm-none-eabi/7.3.1/../../../../arm-none-eabi/lib/thumb/v7e-m/fpv4-sp/hard\libc_nano.a(lib_a-strrchr.o)
                              Middlewares/ST/STM32_WPAN/utilities/dbg_trace.o (strrchr)
c:/st/stm32cubeide_1.1.0/stm32cubeide/plugins/com.st.stm32cube.ide.mcu.externaltools.gnu-tools-for-stm32.7-2018-q2-update.win32_1.0.0.201904181610/tools/bin/../lib/gcc/arm-none-eabi/7.3.1/../../../../arm-none-eabi/lib/thumb/v7e-m/fpv4-sp/hard\libc_nano.a(lib_a-vprintf.o)
                              Middlewares/ST/STM32_WPAN/utilities/dbg_trace.o (vprintf)
[...]
Memory Configuration

Name             Origin             Length             Attributes
FLASH            0x0000000008000000 0x0000000000080000 xr
RAM1             0x0000000020000004 0x000000000002fffc xrw
RAM_SHARED       0x0000000020030000 0x0000000000002800 xrw
*default*        0x0000000000000000 0xffffffffffffffff

Linker script and memory map

LOAD c:/st/stm32cubeide_1.1.0/stm32cubeide/plugins/com.st.stm32cube.ide.mcu.externaltools.gnu-tools-for-stm32.7-2018-q2-update.win32_1.0.0.201904181610/tools/bin/../lib/gcc/arm-none-eabi/7.3.1/thumb/v7e-m/fpv4-sp/hard/crti.o
LOAD c:/st/stm32cubeide_1.1.0/stm32cubeide/plugins/com.st.stm32cube.ide.mcu.externaltools.gnu-tools-for-stm32.7-2018-q2-update.win32_1.0.0.201904181610/tools/bin/../lib/gcc/arm-none-eabi/7.3.1/thumb/v7e-m/fpv4-sp/hard/crtbegin.o
LOAD c:/st/stm32cubeide_1.1.0/stm32cubeide/plugins/com.st.stm32cube.ide.mcu.externaltools.gnu-tools-for-stm32.7-2018-q2-update.win32_1.0.0.201904181610/tools/bin/../lib/gcc/arm-none-eabi/7.3.1/../../../../arm-none-eabi/lib/thumb/v7e-m/fpv4-sp/hard/crt0.o
LOAD Core/Src/app_entry.o
LOAD Core/Src/hw_timerserver.o
LOAD Core/Src/main.o
LOAD Core/Src/stm32_lpm_if.o
LOAD Core/Src/stm32wbxx_hal_msp.o
LOAD Core/Src/stm32wbxx_it.o
LOAD Core/Src/syscalls.o
LOAD Core/Src/sysmem.o
LOAD Core/Src/system_stm32wbxx.o
LOAD Core/Startup/startup_stm32wb55rgvx.o
LOAD Drivers/STM32WBxx_HAL_Driver/Src/stm32wbxx_hal.o
LOAD Drivers/STM32WBxx_HAL_Driver/Src/stm32wbxx_hal_cortex.o
LOAD Drivers/STM32WBxx_HAL_Driver/Src/stm32wbxx_hal_dma.o
LOAD Drivers/STM32WBxx_HAL_Driver/Src/stm32wbxx_hal_dma_ex.o
LOAD Drivers/STM32WBxx_HAL_Driver/Src/stm32wbxx_hal_exti.o
LOAD Drivers/STM32WBxx_HAL_Driver/Src/stm32wbxx_hal_flash.o
LOAD Drivers/STM32WBxx_HAL_Driver/Src/stm32wbxx_hal_flash_ex.o
LOAD Drivers/STM32WBxx_HAL_Driver/Src/stm32wbxx_hal_gpio.o
LOAD Drivers/STM32WBxx_HAL_Driver/Src/stm32wbxx_hal_hsem.o
LOAD Drivers/STM32WBxx_HAL_Driver/Src/stm32wbxx_hal_pcd.o
LOAD Drivers/STM32WBxx_HAL_Driver/Src/stm32wbxx_hal_pcd_ex.o
LOAD Drivers/STM32WBxx_HAL_Driver/Src/stm32wbxx_hal_pwr.o
LOAD Drivers/STM32WBxx_HAL_Driver/Src/stm32wbxx_hal_pwr_ex.o
LOAD Drivers/STM32WBxx_HAL_Driver/Src/stm32wbxx_hal_rcc.o
LOAD Drivers/STM32WBxx_HAL_Driver/Src/stm32wbxx_hal_rcc_ex.o
LOAD Drivers/STM32WBxx_HAL_Driver/Src/stm32wbxx_hal_rtc.o
LOAD Drivers/STM32WBxx_HAL_Driver/Src/stm32wbxx_hal_rtc_ex.o
LOAD Drivers/STM32WBxx_HAL_Driver/Src/stm32wbxx_hal_tim.o
LOAD Drivers/STM32WBxx_HAL_Driver/Src/stm32wbxx_hal_tim_ex.o
LOAD Drivers/STM32WBxx_HAL_Driver/Src/stm32wbxx_hal_uart.o
LOAD Drivers/STM32WBxx_HAL_Driver/Src/stm32wbxx_hal_uart_ex.o
LOAD Drivers/STM32WBxx_HAL_Driver/Src/stm32wbxx_ll_usb.o
LOAD Middlewares/ST/STM32_WPAN/ble/core/auto/ble_gap_aci.o
LOAD Middlewares/ST/STM32_WPAN/ble/core/auto/ble_gatt_aci.o
LOAD Middlewares/ST/STM32_WPAN/ble/core/auto/ble_hal_aci.o
LOAD Middlewares/ST/STM32_WPAN/ble/core/auto/ble_hci_le.o
LOAD Middlewares/ST/STM32_WPAN/ble/core/auto/ble_l2cap_aci.o
LOAD Middlewares/ST/STM32_WPAN/ble/core/template/osal.o
LOAD Middlewares/ST/STM32_WPAN/ble/svc/Src/p2p_stm.o
LOAD Middlewares/ST/STM32_WPAN/ble/svc/Src/svc_ctl.o
LOAD Middlewares/ST/STM32_WPAN/interface/patterns/ble_thread/shci/shci.o
LOAD Middlewares/ST/STM32_WPAN/interface/patterns/ble_thread/tl/hci_tl.o
LOAD Middlewares/ST/STM32_WPAN/interface/patterns/ble_thread/tl/hci_tl_if.o
LOAD Middlewares/ST/STM32_WPAN/interface/patterns/ble_thread/tl/shci_tl.o
LOAD Middlewares/ST/STM32_WPAN/interface/patterns/ble_thread/tl/shci_tl_if.o
LOAD Middlewares/ST/STM32_WPAN/interface/patterns/ble_thread/tl/tl_mbox.o
LOAD Middlewares/ST/STM32_WPAN/utilities/dbg_trace.o
LOAD Middlewares/ST/STM32_WPAN/utilities/otp.o
LOAD Middlewares/ST/STM32_WPAN/utilities/stm_list.o
LOAD Middlewares/ST/STM32_WPAN/utilities/stm_queue.o
LOAD STM32_WPAN/App/app_ble.o
LOAD STM32_WPAN/App/p2p_server_app.o
LOAD STM32_WPAN/Target/hw_ipcc.o
LOAD Utilities/lpm/tiny_lpm/stm32_lpm.o
LOAD Utilities/sequencer/stm32_seq.o
START GROUP
LOAD c:/st/stm32cubeide_1.1.0/stm32cubeide/plugins/com.st.stm32cube.ide.mcu.externaltools.gnu-tools-for-stm32.7-2018-q2-update.win32_1.0.0.201904181610/tools/bin/../lib/gcc/arm-none-eabi/7.3.1/../../../../arm-none-eabi/lib/thumb/v7e-m/fpv4-sp/hard\libc_nano.a
LOAD c:/st/stm32cubeide_1.1.0/stm32cubeide/plugins/com.st.stm32cube.ide.mcu.externaltools.gnu-tools-for-stm32.7-2018-q2-update.win32_1.0.0.201904181610/tools/bin/../lib/gcc/arm-none-eabi/7.3.1/../../../../arm-none-eabi/lib/thumb/v7e-m/fpv4-sp/hard\libm.a
END GROUP
START GROUP
LOAD c:/st/stm32cubeide_1.1.0/stm32cubeide/plugins/com.st.stm32cube.ide.mcu.externaltools.gnu-tools-for-stm32.7-2018-q2-update.win32_1.0.0.201904181610/tools/bin/../lib/gcc/arm-none-eabi/7.3.1/thumb/v7e-m/fpv4-sp/hard\libgcc.a
LOAD c:/st/stm32cubeide_1.1.0/stm32cubeide/plugins/com.st.stm32cube.ide.mcu.externaltools.gnu-tools-for-stm32.7-2018-q2-update.win32_1.0.0.201904181610/tools/bin/../lib/gcc/arm-none-eabi/7.3.1/../../../../arm-none-eabi/lib/thumb/v7e-m/fpv4-sp/hard\libc_nano.a
END GROUP
START GROUP
LOAD c:/st/stm32cubeide_1.1.0/stm32cubeide/plugins/com.st.stm32cube.ide.mcu.externaltools.gnu-tools-for-stm32.7-2018-q2-update.win32_1.0.0.201904181610/tools/bin/../lib/gcc/arm-none-eabi/7.3.1/thumb/v7e-m/fpv4-sp/hard\libgcc.a
LOAD c:/st/stm32cubeide_1.1.0/stm32cubeide/plugins/com.st.stm32cube.ide.mcu.externaltools.gnu-tools-for-stm32.7-2018-q2-update.win32_1.0.0.201904181610/tools/bin/../lib/gcc/arm-none-eabi/7.3.1/../../../../arm-none-eabi/lib/thumb/v7e-m/fpv4-sp/hard\libc_nano.a
LOAD c:/st/stm32cubeide_1.1.0/stm32cubeide/plugins/com.st.stm32cube.ide.mcu.externaltools.gnu-tools-for-stm32.7-2018-q2-update.win32_1.0.0.201904181610/tools/bin/../lib/gcc/arm-none-eabi/7.3.1/../../../../arm-none-eabi/lib/thumb/v7e-m/fpv4-sp/hard\libnosys.a
END GROUP
START GROUP
LOAD c:/st/stm32cubeide_1.1.0/stm32cubeide/plugins/com.st.stm32cube.ide.mcu.externaltools.gnu-tools-for-stm32.7-2018-q2-update.win32_1.0.0.201904181610/tools/bin/../lib/gcc/arm-none-eabi/7.3.1/thumb/v7e-m/fpv4-sp/hard\libgcc.a
LOAD c:/st/stm32cubeide_1.1.0/stm32cubeide/plugins/com.st.stm32cube.ide.mcu.externaltools.gnu-tools-for-stm32.7-2018-q2-update.win32_1.0.0.201904181610/tools/bin/../lib/gcc/arm-none-eabi/7.3.1/../../../../arm-none-eabi/lib/thumb/v7e-m/fpv4-sp/hard\libc_nano.a
LOAD c:/st/stm32cubeide_1.1.0/stm32cubeide/plugins/com.st.stm32cube.ide.mcu.externaltools.gnu-tools-for-stm32.7-2018-q2-update.win32_1.0.0.201904181610/tools/bin/../lib/gcc/arm-none-eabi/7.3.1/../../../../arm-none-eabi/lib/thumb/v7e-m/fpv4-sp/hard\libnosys.a
END GROUP
LOAD c:/st/stm32cubeide_1.1.0/stm32cubeide/plugins/com.st.stm32cube.ide.mcu.externaltools.gnu-tools-for-stm32.7-2018-q2-update.win32_1.0.0.201904181610/tools/bin/../lib/gcc/arm-none-eabi/7.3.1/thumb/v7e-m/fpv4-sp/hard/crtend.o
LOAD c:/st/stm32cubeide_1.1.0/stm32cubeide/plugins/com.st.stm32cube.ide.mcu.externaltools.gnu-tools-for-stm32.7-2018-q2-update.win32_1.0.0.201904181610/tools/bin/../lib/gcc/arm-none-eabi/7.3.1/thumb/v7e-m/fpv4-sp/hard/crtn.o
                0x0000000020030000                _estack = 0x20030000
                0x0000000000000200                _Min_Heap_Size = 0x200
                0x0000000000000400                _Min_Stack_Size = 0x400

.isr_vector     0x0000000008000000      0x13c
                0x0000000008000000                . = ALIGN (0x4)
 *(.isr_vector)
 .isr_vector    0x0000000008000000      0x13c Core/Startup/startup_stm32wb55rgvx.o
                0x0000000008000000                g_pfnVectors
                0x000000000800013c                . = ALIGN (0x4)

.text           0x0000000008000140     0x8cf0
                0x0000000008000140                . = ALIGN (0x4)
 *(.text)
 .text          0x0000000008000140       0x40 c:/st/stm32cubeide_1.1.0/stm32cubeide/plugins/com.st.stm32cube.ide.mcu.externaltools.gnu-tools-for-stm32.7-2018-q2-update.win32_1.0.0.201904181610/tools/bin/../lib/gcc/arm-none-eabi/7.3.1/thumb/v7e-m/fpv4-sp/hard/crtbegin.o
 .text          0x0000000008000180       0x10 c:/st/stm32cubeide_1.1.0/stm32cubeide/plugins/com.st.stm32cube.ide.mcu.externaltools.gnu-tools-for-stm32.7-2018-q2-update.win32_1.0.0.201904181610/tools/bin/../lib/gcc/arm-none-eabi/7.3.1/../../../../arm-none-eabi/lib/thumb/v7e-m/fpv4-sp/hard\libc_nano.a(lib_a-strlen.o)
                0x0000000008000180                strlen
 .text          0x0000000008000190       0x30 c:/st/stm32cubeide_1.1.0/stm32cubeide/plugins/com.st.stm32cube.ide.mcu.externaltools.gnu-tools-for-stm32.7-2018-q2-update.win32_1.0.0.201904181610/tools/bin/../lib/gcc/arm-none-eabi/7.3.1/thumb/v7e-m/fpv4-sp/hard\libgcc.a(_aeabi_uldivmod.o)
                0x0000000008000190                __aeabi_uldivmod
 .text          0x00000000080001c0      0x2cc c:/st/stm32cubeide_1.1.0/stm32cubeide/plugins/com.st.stm32cube.ide.mcu.externaltools.gnu-tools-for-stm32.7-2018-q2-update.win32_1.0.0.201904181610/tools/bin/../lib/gcc/arm-none-eabi/7.3.1/thumb/v7e-m/fpv4-sp/hard\libgcc.a(_udivmoddi4.o)
                0x00000000080001c0                __udivmoddi4
 .text          0x000000000800048c        0x4 c:/st/stm32cubeide_1.1.0/stm32cubeide/plugins/com.st.stm32cube.ide.mcu.externaltools.gnu-tools-for-stm32.7-2018-q2-update.win32_1.0.0.201904181610/tools/bin/../lib/gcc/arm-none-eabi/7.3.1/thumb/v7e-m/fpv4-sp/hard\libgcc.a(_dvmd_tls.o)
                0x000000000800048c                __aeabi_idiv0
                0x000000000800048c                __aeabi_ldiv0
 *(.text*)
 .text.LL_RCC_SetClkAfterWakeFromStop
                0x0000000008000490       0x28 Core/Src/app_entry.o
 .text.APPE_Init
                0x00000000080004b8       0x1c Core/Src/app_entry.o
                0x00000000080004b8                APPE_Init
 .text.SystemPower_Config
                0x00000000080004d4       0x14 Core/Src/app_entry.o
 .text.appe_Tl_Init
                0x00000000080004e8       0x6c Core/Src/app_entry.o
 .text.APPE_SysStatusNot
                0x0000000008000554       0x16 Core/Src/app_entry.o
 .text.APPE_SysUserEvtRx
                0x000000000800056a       0x20 Core/Src/app_entry.o
 .text.UTIL_SEQ_Idle
                0x000000000800058a        0xe Core/Src/app_entry.o
                0x000000000800058a                UTIL_SEQ_Idle
 .text.UTIL_SEQ_EvtIdle
                0x0000000008000598       0x1a Core/Src/app_entry.o
                0x0000000008000598                UTIL_SEQ_EvtIdle
 .text.shci_notify_asynch_evt
                0x00000000080005b2       0x18 Core/Src/app_entry.o
                0x00000000080005b2                shci_notify_asynch_evt
 .text.shci_cmd_resp_release
                0x00000000080005ca       0x16 Core/Src/app_entry.o
                0x00000000080005ca                shci_cmd_resp_release
 .text.shci_cmd_resp_wait
                0x00000000080005e0       0x16 Core/Src/app_entry.o
                0x00000000080005e0                shci_cmd_resp_wait
 *fill*         0x00000000080005f6        0x2 
 .text.LL_EXTI_EnableIT_0_31
                0x00000000080005f8       0x28 Core/Src/hw_timerserver.o
 .text.LL_EXTI_EnableRisingTrig_0_31
                0x0000000008000620       0x24 Core/Src/hw_timerserver.o
 .text.ReadRtcSsrValue
                0x0000000008000644       0x40 Core/Src/hw_timerserver.o
 .text.LinkTimerAfter
                0x0000000008000684       0x8c Core/Src/hw_timerserver.o
 .text.LinkTimerBefore
                0x0000000008000710       0xc0 Core/Src/hw_timerserver.o
 .text.linkTimer
                0x00000000080007d0      0x154 Core/Src/hw_timerserver.o
 .text.UnlinkTimer
                0x0000000008000924      0x108 Core/Src/hw_timerserver.o
 .text.ReturnTimeElapsed
                0x0000000008000a2c       0x80 Core/Src/hw_timerserver.o
 .text.RestartWakeupCounter
                0x0000000008000aac       0xbc Core/Src/hw_timerserver.o
 .text.RescheduleTimerList
                0x0000000008000b68      0x13c Core/Src/hw_timerserver.o
 .text.HW_TS_Init
                0x0000000008000ca4      0x1c0 Core/Src/hw_timerserver.o
                0x0000000008000ca4                HW_TS_Init
 .text.HW_TS_Create
                0x0000000008000e64       0xec Core/Src/hw_timerserver.o
                0x0000000008000e64                HW_TS_Create
 .text.HW_TS_Stop
                0x0000000008000f50      0x114 Core/Src/hw_timerserver.o
                0x0000000008000f50                HW_TS_Stop
 .text.HW_TS_Start
                0x0000000008001064      0x10c Core/Src/hw_timerserver.o
                0x0000000008001064                HW_TS_Start
 .text.LL_RCC_LSE_SetDriveCapability
                0x0000000008001170       0x2c Core/Src/main.o
 .text.LL_AHB2_GRP1_EnableClock
                0x000000000800119c       0x32 Core/Src/main.o
 .text.main     0x00000000080011ce       0x2e Core/Src/main.o
                0x00000000080011ce                main
 .text.SystemClock_Config
                0x00000000080011fc      0x154 Core/Src/main.o
                0x00000000080011fc                SystemClock_Config
 .text.MX_RF_Init
                0x0000000008001350        0xe Core/Src/main.o
 *fill*         0x000000000800135e        0x2 
 .text.MX_RTC_Init
                0x0000000008001360       0x50 Core/Src/main.o
 .text.MX_USART1_UART_Init
                0x00000000080013b0       0x98 Core/Src/main.o
 .text.MX_USB_PCD_Init
                0x0000000008001448       0x50 Core/Src/main.o
 .text.MX_GPIO_Init
                0x0000000008001498       0xa4 Core/Src/main.o
 .text.Error_Handler
                0x000000000800153c        0xe Core/Src/main.o
                0x000000000800153c                Error_Handler
 .text.LL_RCC_EnableRTC
                0x000000000800154a       0x22 Core/Src/stm32wbxx_hal_msp.o
 .text.LL_AHB2_GRP1_EnableClock
                0x000000000800156c       0x32 Core/Src/stm32wbxx_hal_msp.o
 .text.LL_AHB3_GRP1_EnableClock
                0x000000000800159e       0x32 Core/Src/stm32wbxx_hal_msp.o
 .text.LL_APB1_GRP1_EnableClock
                0x00000000080015d0       0x32 Core/Src/stm32wbxx_hal_msp.o
 .text.LL_APB2_GRP1_EnableClock
                0x0000000008001602       0x32 Core/Src/stm32wbxx_hal_msp.o
 .text.HAL_MspInit
                0x0000000008001634       0x10 Core/Src/stm32wbxx_hal_msp.o
                0x0000000008001634                HAL_MspInit
 .text.HAL_RTC_MspInit
                0x0000000008001644       0x34 Core/Src/stm32wbxx_hal_msp.o
                0x0000000008001644                HAL_RTC_MspInit
 .text.HAL_UART_MspInit
                0x0000000008001678       0x70 Core/Src/stm32wbxx_hal_msp.o
                0x0000000008001678                HAL_UART_MspInit
 .text.HAL_PCD_MspInit
                0x00000000080016e8       0x60 Core/Src/stm32wbxx_hal_msp.o
                0x00000000080016e8                HAL_PCD_MspInit
 .text.NMI_Handler
                0x0000000008001748        0xe Core/Src/stm32wbxx_it.o
                0x0000000008001748                NMI_Handler
 .text.HardFault_Handler
                0x0000000008001756        0x6 Core/Src/stm32wbxx_it.o
                0x0000000008001756                HardFault_Handler
 .text.MemManage_Handler
                0x000000000800175c        0x6 Core/Src/stm32wbxx_it.o
                0x000000000800175c                MemManage_Handler
 .text.BusFault_Handler
                0x0000000008001762        0x6 Core/Src/stm32wbxx_it.o
                0x0000000008001762                BusFault_Handler
 .text.UsageFault_Handler
                0x0000000008001768        0x6 Core/Src/stm32wbxx_it.o
                0x0000000008001768                UsageFault_Handler
 .text.SVC_Handler
                0x000000000800176e        0xe Core/Src/stm32wbxx_it.o
                0x000000000800176e                SVC_Handler
 .text.DebugMon_Handler
                0x000000000800177c        0xe Core/Src/stm32wbxx_it.o
                0x000000000800177c                DebugMon_Handler
 .text.PendSV_Handler
                0x000000000800178a        0xe Core/Src/stm32wbxx_it.o
                0x000000000800178a                PendSV_Handler
 .text.SysTick_Handler
                0x0000000008001798        0xc Core/Src/stm32wbxx_it.o
                0x0000000008001798                SysTick_Handler
 .text.RTC_WKUP_IRQHandler
                0x00000000080017a4       0x14 Core/Src/stm32wbxx_it.o
                0x00000000080017a4                RTC_WKUP_IRQHandler
 .text.EXTI4_IRQHandler
                0x00000000080017b8        0xe Core/Src/stm32wbxx_it.o
                0x00000000080017b8                EXTI4_IRQHandler
 *fill*         0x00000000080017c6        0x2 
 .text.USART1_IRQHandler
                0x00000000080017c8       0x14 Core/Src/stm32wbxx_it.o
                0x00000000080017c8                USART1_IRQHandler
 .text.IPCC_C1_TX_IRQHandler
                0x00000000080017dc        0xc Core/Src/stm32wbxx_it.o
                0x00000000080017dc                IPCC_C1_TX_IRQHandler
 .text.IPCC_C1_RX_IRQHandler
                0x00000000080017e8        0xc Core/Src/stm32wbxx_it.o
                0x00000000080017e8                IPCC_C1_RX_IRQHandler
 .text.SystemInit
                0x00000000080017f4       0xac Core/Src/system_stm32wbxx.o
                0x00000000080017f4                SystemInit
 .text.SystemCoreClockUpdate
                0x00000000080018a0      0x144 Core/Src/system_stm32wbxx.o
                0x00000000080018a0                SystemCoreClockUpdate
 .text.data_initializers
                0x00000000080019e4       0x18 Core/Startup/startup_stm32wb55rgvx.o
 .text.Reset_Handler
                0x00000000080019fc       0x54 Core/Startup/startup_stm32wb55rgvx.o
                0x00000000080019fc                Reset_Handler
 .text.Default_Handler
                0x0000000008001a50        0x2 Core/Startup/startup_stm32wb55rgvx.o
                0x0000000008001a50                RTC_Alarm_IRQHandler
                0x0000000008001a50                EXTI2_IRQHandler
                0x0000000008001a50                TIM1_CC_IRQHandler
                0x0000000008001a50                TSC_IRQHandler
                0x0000000008001a50                USB_HP_IRQHandler
                0x0000000008001a50                EXTI3_IRQHandler
                0x0000000008001a50                LPTIM2_IRQHandler
                0x0000000008001a50                I2C3_ER_IRQHandler
                0x0000000008001a50                EXTI0_IRQHandler
                0x0000000008001a50                FPU_IRQHandler
                0x0000000008001a50                TIM1_UP_TIM16_IRQHandler
                0x0000000008001a50                AES1_IRQHandler
                0x0000000008001a50                SPI1_IRQHandler
                0x0000000008001a50                PWR_SOTF_BLEACT_802ACT_RFPHASE_IRQHandler
                0x0000000008001a50                DMA2_Channel2_IRQHandler
                0x0000000008001a50                DMA1_Channel4_IRQHandler
                0x0000000008001a50                ADC1_IRQHandler
                0x0000000008001a50                PKA_IRQHandler
                0x0000000008001a50                DMA1_Channel7_IRQHandler
                0x0000000008001a50                LCD_IRQHandler
                0x0000000008001a50                DMA2_Channel1_IRQHandler
                0x0000000008001a50                QUADSPI_IRQHandler
                0x0000000008001a50                I2C1_EV_IRQHandler
                0x0000000008001a50                DMAMUX1_OVR_IRQHandler
                0x0000000008001a50                DMA1_Channel6_IRQHandler
                0x0000000008001a50                DMA2_Channel4_IRQHandler
                0x0000000008001a50                RCC_IRQHandler
                0x0000000008001a50                DMA1_Channel1_IRQHandler
                0x0000000008001a50                Default_Handler
                0x0000000008001a50                DMA2_Channel7_IRQHandler
                0x0000000008001a50                EXTI15_10_IRQHandler
                0x0000000008001a50                C2SEV_PWR_C2H_IRQHandler
                0x0000000008001a50                AES2_IRQHandler
                0x0000000008001a50                I2C3_EV_IRQHandler
                0x0000000008001a50                EXTI9_5_IRQHandler
                0x0000000008001a50                PVD_PVM_IRQHandler
                0x0000000008001a50                SPI2_IRQHandler
                0x0000000008001a50                DMA2_Channel5_IRQHandler
                0x0000000008001a50                CRS_IRQHandler
                0x0000000008001a50                DMA1_Channel5_IRQHandler
                0x0000000008001a50                USB_LP_IRQHandler
                0x0000000008001a50                RNG_IRQHandler
                0x0000000008001a50                TIM1_TRG_COM_TIM17_IRQHandler
                0x0000000008001a50                TAMP_STAMP_LSECSS_IRQHandler
                0x0000000008001a50                DMA1_Channel3_IRQHandler
                0x0000000008001a50                COMP_IRQHandler
                0x0000000008001a50                HSEM_IRQHandler
                0x0000000008001a50                WWDG_IRQHandler
                0x0000000008001a50                LPUART1_IRQHandler
                0x0000000008001a50                DMA2_Channel6_IRQHandler
                0x0000000008001a50                TIM2_IRQHandler
                0x0000000008001a50                TIM1_BRK_IRQHandler
                0x0000000008001a50                EXTI1_IRQHandler
                0x0000000008001a50                DMA1_Channel2_IRQHandler
                0x0000000008001a50                FLASH_IRQHandler
                0x0000000008001a50                I2C1_ER_IRQHandler
                0x0000000008001a50                LPTIM1_IRQHandler
                0x0000000008001a50                SAI1_IRQHandler
                0x0000000008001a50                DMA2_Channel3_IRQHandler
 *fill*         0x0000000008001a52        0x2 
 .text.HAL_Init
                0x0000000008001a54       0x40 Drivers/STM32WBxx_HAL_Driver/Src/stm32wbxx_hal.o
                0x0000000008001a54                HAL_Init
 .text.HAL_InitTick
                0x0000000008001a94       0x74 Drivers/STM32WBxx_HAL_Driver/Src/stm32wbxx_hal.o
                0x0000000008001a94                HAL_InitTick
 .text.HAL_IncTick
                0x0000000008001b08       0x24 Drivers/STM32WBxx_HAL_Driver/Src/stm32wbxx_hal.o
                0x0000000008001b08                HAL_IncTick
 .text.HAL_GetTick
                0x0000000008001b2c       0x18 Drivers/STM32WBxx_HAL_Driver/Src/stm32wbxx_hal.o
                0x0000000008001b2c                HAL_GetTick
 .text.HAL_GetTickPrio
                0x0000000008001b44       0x18 Drivers/STM32WBxx_HAL_Driver/Src/stm32wbxx_hal.o
                0x0000000008001b44                HAL_GetTickPrio
 .text.__NVIC_SetPriorityGrouping
                0x0000000008001b5c       0x48 Drivers/STM32WBxx_HAL_Driver/Src/stm32wbxx_hal_cortex.o
 .text.__NVIC_GetPriorityGrouping
                0x0000000008001ba4       0x1c Drivers/STM32WBxx_HAL_Driver/Src/stm32wbxx_hal_cortex.o
 .text.__NVIC_EnableIRQ
                0x0000000008001bc0       0x3c Drivers/STM32WBxx_HAL_Driver/Src/stm32wbxx_hal_cortex.o
 .text.__NVIC_DisableIRQ
                0x0000000008001bfc       0x44 Drivers/STM32WBxx_HAL_Driver/Src/stm32wbxx_hal_cortex.o
 .text.__NVIC_SetPendingIRQ
                0x0000000008001c40       0x3c Drivers/STM32WBxx_HAL_Driver/Src/stm32wbxx_hal_cortex.o
 .text.__NVIC_ClearPendingIRQ
                0x0000000008001c7c       0x3c Drivers/STM32WBxx_HAL_Driver/Src/stm32wbxx_hal_cortex.o
 .text.__NVIC_SetPriority
                0x0000000008001cb8       0x54 Drivers/STM32WBxx_HAL_Driver/Src/stm32wbxx_hal_cortex.o
 .text.NVIC_EncodePriority
                0x0000000008001d0c       0x66 Drivers/STM32WBxx_HAL_Driver/Src/stm32wbxx_hal_cortex.o
 *fill*         0x0000000008001d72        0x2 
 .text.SysTick_Config
                0x0000000008001d74       0x44 Drivers/STM32WBxx_HAL_Driver/Src/stm32wbxx_hal_cortex.o
 .text.HAL_NVIC_SetPriorityGrouping
                0x0000000008001db8       0x16 Drivers/STM32WBxx_HAL_Driver/Src/stm32wbxx_hal_cortex.o
                0x0000000008001db8                HAL_NVIC_SetPriorityGrouping
 .text.HAL_NVIC_SetPriority
                0x0000000008001dce       0x34 Drivers/STM32WBxx_HAL_Driver/Src/stm32wbxx_hal_cortex.o
                0x0000000008001dce                HAL_NVIC_SetPriority
 .text.HAL_NVIC_EnableIRQ
                0x0000000008001e02       0x1c Drivers/STM32WBxx_HAL_Driver/Src/stm32wbxx_hal_cortex.o
                0x0000000008001e02                HAL_NVIC_EnableIRQ
 .text.HAL_NVIC_DisableIRQ
                0x0000000008001e1e       0x1c Drivers/STM32WBxx_HAL_Driver/Src/stm32wbxx_hal_cortex.o
                0x0000000008001e1e                HAL_NVIC_DisableIRQ
 .text.HAL_SYSTICK_Config
                0x0000000008001e3a       0x18 Drivers/STM32WBxx_HAL_Driver/Src/stm32wbxx_hal_cortex.o
                0x0000000008001e3a                HAL_SYSTICK_Config
 .text.HAL_NVIC_SetPendingIRQ
                0x0000000008001e52       0x1c Drivers/STM32WBxx_HAL_Driver/Src/stm32wbxx_hal_cortex.o
                0x0000000008001e52                HAL_NVIC_SetPendingIRQ
 .text.HAL_NVIC_ClearPendingIRQ
                0x0000000008001e6e       0x1c Drivers/STM32WBxx_HAL_Driver/Src/stm32wbxx_hal_cortex.o
                0x0000000008001e6e                HAL_NVIC_ClearPendingIRQ
 .text.HAL_DMA_Abort_IT
                0x0000000008001e8a       0xbe Drivers/STM32WBxx_HAL_Driver/Src/stm32wbxx_hal_dma.o
                0x0000000008001e8a                HAL_DMA_Abort_IT
 .text.HAL_GPIO_Init
                0x0000000008001f48      0x2e0 Drivers/STM32WBxx_HAL_Driver/Src/stm32wbxx_hal_gpio.o
                0x0000000008001f48                HAL_GPIO_Init
 .text.HAL_GPIO_WritePin
                0x0000000008002228       0x30 Drivers/STM32WBxx_HAL_Driver/Src/stm32wbxx_hal_gpio.o
                0x0000000008002228                HAL_GPIO_WritePin
 .text.HAL_GPIO_TogglePin
                0x0000000008002258       0x32 Drivers/STM32WBxx_HAL_Driver/Src/stm32wbxx_hal_gpio.o
                0x0000000008002258                HAL_GPIO_TogglePin
 *fill*         0x000000000800228a        0x2 
 .text.HAL_GPIO_EXTI_IRQHandler
                0x000000000800228c       0x30 Drivers/STM32WBxx_HAL_Driver/Src/stm32wbxx_hal_gpio.o
                0x000000000800228c                HAL_GPIO_EXTI_IRQHandler
 .text.HAL_GPIO_EXTI_Callback
                0x00000000080022bc       0x16 Drivers/STM32WBxx_HAL_Driver/Src/stm32wbxx_hal_gpio.o
                0x00000000080022bc                HAL_GPIO_EXTI_Callback
 .text.HAL_PCD_Init
                0x00000000080022d2      0x176 Drivers/STM32WBxx_HAL_Driver/Src/stm32wbxx_hal_pcd.o
                0x00000000080022d2                HAL_PCD_Init
 .text.HAL_PCDEx_ActivateLPM
                0x0000000008002448       0x54 Drivers/STM32WBxx_HAL_Driver/Src/stm32wbxx_hal_pcd_ex.o
                0x0000000008002448                HAL_PCDEx_ActivateLPM
 .text.HAL_PWR_EnableBkUpAccess
                0x000000000800249c       0x20 Drivers/STM32WBxx_HAL_Driver/Src/stm32wbxx_hal_pwr.o
                0x000000000800249c                HAL_PWR_EnableBkUpAccess
 .text.HAL_PWREx_GetVoltageRange
                0x00000000080024bc       0x1c Drivers/STM32WBxx_HAL_Driver/Src/stm32wbxx_hal_pwr_ex.o
                0x00000000080024bc                HAL_PWREx_GetVoltageRange
 .text.LL_RCC_HSE_IsEnabledDiv2
                0x00000000080024d8       0x24 Drivers/STM32WBxx_HAL_Driver/Src/stm32wbxx_hal_rcc.o
 .text.LL_RCC_HSE_EnableBypass
                0x00000000080024fc       0x1e Drivers/STM32WBxx_HAL_Driver/Src/stm32wbxx_hal_rcc.o
 .text.LL_RCC_HSE_DisableBypass
                0x000000000800251a       0x1e Drivers/STM32WBxx_HAL_Driver/Src/stm32wbxx_hal_rcc.o
 .text.LL_RCC_HSE_Enable
                0x0000000008002538       0x1e Drivers/STM32WBxx_HAL_Driver/Src/stm32wbxx_hal_rcc.o
 .text.LL_RCC_HSE_Disable
                0x0000000008002556       0x1e Drivers/STM32WBxx_HAL_Driver/Src/stm32wbxx_hal_rcc.o
 .text.LL_RCC_HSE_IsReady
                0x0000000008002574       0x24 Drivers/STM32WBxx_HAL_Driver/Src/stm32wbxx_hal_rcc.o
 .text.LL_RCC_HSI_Enable
                0x0000000008002598       0x1e Drivers/STM32WBxx_HAL_Driver/Src/stm32wbxx_hal_rcc.o
 .text.LL_RCC_HSI_Disable
                0x00000000080025b6       0x1e Drivers/STM32WBxx_HAL_Driver/Src/stm32wbxx_hal_rcc.o
 .text.LL_RCC_HSI_IsReady
                0x00000000080025d4       0x24 Drivers/STM32WBxx_HAL_Driver/Src/stm32wbxx_hal_rcc.o
 .text.LL_RCC_HSI_SetCalibTrimming
                0x00000000080025f8       0x2a Drivers/STM32WBxx_HAL_Driver/Src/stm32wbxx_hal_rcc.o
 .text.LL_RCC_HSI48_Enable
                0x0000000008002622       0x22 Drivers/STM32WBxx_HAL_Driver/Src/stm32wbxx_hal_rcc.o
 .text.LL_RCC_HSI48_Disable
                0x0000000008002644       0x22 Drivers/STM32WBxx_HAL_Driver/Src/stm32wbxx_hal_rcc.o
 .text.LL_RCC_HSI48_IsReady
                0x0000000008002666       0x24 Drivers/STM32WBxx_HAL_Driver/Src/stm32wbxx_hal_rcc.o
 .text.LL_RCC_LSE_Enable
                0x000000000800268a       0x22 Drivers/STM32WBxx_HAL_Driver/Src/stm32wbxx_hal_rcc.o
 .text.LL_RCC_LSE_Disable
                0x00000000080026ac       0x22 Drivers/STM32WBxx_HAL_Driver/Src/stm32wbxx_hal_rcc.o
 .text.LL_RCC_LSE_EnableBypass
                0x00000000080026ce       0x22 Drivers/STM32WBxx_HAL_Driver/Src/stm32wbxx_hal_rcc.o
 .text.LL_RCC_LSE_DisableBypass
                0x00000000080026f0       0x22 Drivers/STM32WBxx_HAL_Driver/Src/stm32wbxx_hal_rcc.o
 .text.LL_RCC_LSE_IsReady
                0x0000000008002712       0x24 Drivers/STM32WBxx_HAL_Driver/Src/stm32wbxx_hal_rcc.o
 .text.LL_RCC_LSI1_Enable
                0x0000000008002736       0x22 Drivers/STM32WBxx_HAL_Driver/Src/stm32wbxx_hal_rcc.o
 .text.LL_RCC_LSI1_Disable
                0x0000000008002758       0x22 Drivers/STM32WBxx_HAL_Driver/Src/stm32wbxx_hal_rcc.o
 .text.LL_RCC_LSI1_IsReady
                0x000000000800277a       0x24 Drivers/STM32WBxx_HAL_Driver/Src/stm32wbxx_hal_rcc.o
 .text.LL_RCC_LSI2_Enable
                0x000000000800279e       0x22 Drivers/STM32WBxx_HAL_Driver/Src/stm32wbxx_hal_rcc.o
 .text.LL_RCC_LSI2_Disable
                0x00000000080027c0       0x22 Drivers/STM32WBxx_HAL_Driver/Src/stm32wbxx_hal_rcc.o
 .text.LL_RCC_LSI2_IsReady
                0x00000000080027e2       0x24 Drivers/STM32WBxx_HAL_Driver/Src/stm32wbxx_hal_rcc.o
 .text.LL_RCC_LSI2_SetTrimming
                0x0000000008002806       0x2e Drivers/STM32WBxx_HAL_Driver/Src/stm32wbxx_hal_rcc.o
 .text.LL_RCC_MSI_Enable
                0x0000000008002834       0x1e Drivers/STM32WBxx_HAL_Driver/Src/stm32wbxx_hal_rcc.o
 .text.LL_RCC_MSI_Disable
                0x0000000008002852       0x1e Drivers/STM32WBxx_HAL_Driver/Src/stm32wbxx_hal_rcc.o
 .text.LL_RCC_MSI_IsReady
                0x0000000008002870       0x22 Drivers/STM32WBxx_HAL_Driver/Src/stm32wbxx_hal_rcc.o
 .text.LL_RCC_MSI_SetRange
                0x0000000008002892       0x28 Drivers/STM32WBxx_HAL_Driver/Src/stm32wbxx_hal_rcc.o
 .text.LL_RCC_MSI_GetRange
                0x00000000080028ba       0x2a Drivers/STM32WBxx_HAL_Driver/Src/stm32wbxx_hal_rcc.o
 .text.LL_RCC_MSI_SetCalibTrimming
                0x00000000080028e4       0x2a Drivers/STM32WBxx_HAL_Driver/Src/stm32wbxx_hal_rcc.o
 .text.LL_RCC_SetSysClkSource
                0x000000000800290e       0x28 Drivers/STM32WBxx_HAL_Driver/Src/stm32wbxx_hal_rcc.o
 .text.LL_RCC_GetSysClkSource
                0x0000000008002936       0x18 Drivers/STM32WBxx_HAL_Driver/Src/stm32wbxx_hal_rcc.o
 .text.LL_RCC_SetAHBPrescaler
                0x000000000800294e       0x28 Drivers/STM32WBxx_HAL_Driver/Src/stm32wbxx_hal_rcc.o
 .text.LL_C2_RCC_SetAHBPrescaler
                0x0000000008002976       0x2c Drivers/STM32WBxx_HAL_Driver/Src/stm32wbxx_hal_rcc.o
 .text.LL_RCC_SetAHB4Prescaler
                0x00000000080029a2       0x2e Drivers/STM32WBxx_HAL_Driver/Src/stm32wbxx_hal_rcc.o
 .text.LL_RCC_SetAPB1Prescaler
                0x00000000080029d0       0x28 Drivers/STM32WBxx_HAL_Driver/Src/stm32wbxx_hal_rcc.o
 .text.LL_RCC_SetAPB2Prescaler
                0x00000000080029f8       0x28 Drivers/STM32WBxx_HAL_Driver/Src/stm32wbxx_hal_rcc.o
 .text.LL_RCC_GetAHBPrescaler
                0x0000000008002a20       0x18 Drivers/STM32WBxx_HAL_Driver/Src/stm32wbxx_hal_rcc.o
 .text.LL_RCC_GetAHB4Prescaler
                0x0000000008002a38       0x1c Drivers/STM32WBxx_HAL_Driver/Src/stm32wbxx_hal_rcc.o
 .text.LL_RCC_GetAPB1Prescaler
                0x0000000008002a54       0x18 Drivers/STM32WBxx_HAL_Driver/Src/stm32wbxx_hal_rcc.o
 .text.LL_RCC_GetAPB2Prescaler
                0x0000000008002a6c       0x18 Drivers/STM32WBxx_HAL_Driver/Src/stm32wbxx_hal_rcc.o
 .text.LL_RCC_PLL_Enable
                0x0000000008002a84       0x1e Drivers/STM32WBxx_HAL_Driver/Src/stm32wbxx_hal_rcc.o
 .text.LL_RCC_PLL_Disable
                0x0000000008002aa2       0x1e Drivers/STM32WBxx_HAL_Driver/Src/stm32wbxx_hal_rcc.o
 .text.LL_RCC_PLL_IsReady
                0x0000000008002ac0       0x24 Drivers/STM32WBxx_HAL_Driver/Src/stm32wbxx_hal_rcc.o
 .text.LL_RCC_PLL_GetN
                0x0000000008002ae4       0x1a Drivers/STM32WBxx_HAL_Driver/Src/stm32wbxx_hal_rcc.o
 .text.LL_RCC_PLL_GetR
                0x0000000008002afe       0x18 Drivers/STM32WBxx_HAL_Driver/Src/stm32wbxx_hal_rcc.o
 .text.LL_RCC_PLL_GetDivider
                0x0000000008002b16       0x18 Drivers/STM32WBxx_HAL_Driver/Src/stm32wbxx_hal_rcc.o
 .text.LL_RCC_PLL_GetMainSource
                0x0000000008002b2e       0x18 Drivers/STM32WBxx_HAL_Driver/Src/stm32wbxx_hal_rcc.o
 .text.LL_RCC_IsActiveFlag_HPRE
                0x0000000008002b46       0x24 Drivers/STM32WBxx_HAL_Driver/Src/stm32wbxx_hal_rcc.o
 .text.LL_RCC_IsActiveFlag_C2HPRE
                0x0000000008002b6a       0x26 Drivers/STM32WBxx_HAL_Driver/Src/stm32wbxx_hal_rcc.o
 .text.LL_RCC_IsActiveFlag_SHDHPRE
                0x0000000008002b90       0x26 Drivers/STM32WBxx_HAL_Driver/Src/stm32wbxx_hal_rcc.o
 .text.LL_RCC_IsActiveFlag_PPRE1
                0x0000000008002bb6       0x24 Drivers/STM32WBxx_HAL_Driver/Src/stm32wbxx_hal_rcc.o
 .text.LL_RCC_IsActiveFlag_PPRE2
                0x0000000008002bda       0x24 Drivers/STM32WBxx_HAL_Driver/Src/stm32wbxx_hal_rcc.o
 *fill*         0x0000000008002bfe        0x2 
 .text.HAL_RCC_OscConfig
                0x0000000008002c00      0x6bc Drivers/STM32WBxx_HAL_Driver/Src/stm32wbxx_hal_rcc.o
                0x0000000008002c00                HAL_RCC_OscConfig
 .text.HAL_RCC_ClockConfig
                0x00000000080032bc      0x278 Drivers/STM32WBxx_HAL_Driver/Src/stm32wbxx_hal_rcc.o
                0x00000000080032bc                HAL_RCC_ClockConfig
 .text.HAL_RCC_GetSysClockFreq
                0x0000000008003534       0xd4 Drivers/STM32WBxx_HAL_Driver/Src/stm32wbxx_hal_rcc.o
                0x0000000008003534                HAL_RCC_GetSysClockFreq
 .text.HAL_RCC_GetHCLKFreq
                0x0000000008003608       0x28 Drivers/STM32WBxx_HAL_Driver/Src/stm32wbxx_hal_rcc.o
                0x0000000008003608                HAL_RCC_GetHCLKFreq
 .text.HAL_RCC_GetPCLK1Freq
                0x0000000008003630       0x2c Drivers/STM32WBxx_HAL_Driver/Src/stm32wbxx_hal_rcc.o
                0x0000000008003630                HAL_RCC_GetPCLK1Freq
 .text.HAL_RCC_GetPCLK2Freq
                0x000000000800365c       0x2c Drivers/STM32WBxx_HAL_Driver/Src/stm32wbxx_hal_rcc.o
                0x000000000800365c                HAL_RCC_GetPCLK2Freq
 .text.RCC_SetFlashLatencyFromMSIRange
                0x0000000008003688       0x70 Drivers/STM32WBxx_HAL_Driver/Src/stm32wbxx_hal_rcc.o
 .text.RCC_SetFlashLatency
                0x00000000080036f8      0x100 Drivers/STM32WBxx_HAL_Driver/Src/stm32wbxx_hal_rcc.o
 .text.LL_RCC_LSE_IsEnabled
                0x00000000080037f8       0x24 Drivers/STM32WBxx_HAL_Driver/Src/stm32wbxx_hal_rcc_ex.o
 .text.LL_RCC_LSE_IsReady
                0x000000000800381c       0x24 Drivers/STM32WBxx_HAL_Driver/Src/stm32wbxx_hal_rcc_ex.o
 .text.LL_RCC_MSI_EnablePLLMode
                0x0000000008003840       0x1e Drivers/STM32WBxx_HAL_Driver/Src/stm32wbxx_hal_rcc_ex.o
 .text.LL_RCC_SetRFWKPClockSource
                0x000000000800385e       0x2c Drivers/STM32WBxx_HAL_Driver/Src/stm32wbxx_hal_rcc_ex.o
 .text.LL_RCC_SetSMPSClockSource
                0x000000000800388a       0x28 Drivers/STM32WBxx_HAL_Driver/Src/stm32wbxx_hal_rcc_ex.o
 .text.LL_RCC_SetSMPSPrescaler
                0x00000000080038b2       0x28 Drivers/STM32WBxx_HAL_Driver/Src/stm32wbxx_hal_rcc_ex.o
 .text.LL_RCC_SetUSARTClockSource
                0x00000000080038da       0x2c Drivers/STM32WBxx_HAL_Driver/Src/stm32wbxx_hal_rcc_ex.o
 .text.LL_RCC_SetLPUARTClockSource
                0x0000000008003906       0x2c Drivers/STM32WBxx_HAL_Driver/Src/stm32wbxx_hal_rcc_ex.o
 .text.LL_RCC_SetI2CClockSource
                0x0000000008003932       0x3a Drivers/STM32WBxx_HAL_Driver/Src/stm32wbxx_hal_rcc_ex.o
 .text.LL_RCC_SetLPTIMClockSource
                0x000000000800396c       0x34 Drivers/STM32WBxx_HAL_Driver/Src/stm32wbxx_hal_rcc_ex.o
 .text.LL_RCC_SetSAIClockSource
                0x00000000080039a0       0x2c Drivers/STM32WBxx_HAL_Driver/Src/stm32wbxx_hal_rcc_ex.o
 .text.LL_RCC_SetRNGClockSource
                0x00000000080039cc       0x2c Drivers/STM32WBxx_HAL_Driver/Src/stm32wbxx_hal_rcc_ex.o
 .text.LL_RCC_SetCLK48ClockSource
                0x00000000080039f8       0x2c Drivers/STM32WBxx_HAL_Driver/Src/stm32wbxx_hal_rcc_ex.o
 .text.LL_RCC_SetUSBClockSource
                0x0000000008003a24       0x16 Drivers/STM32WBxx_HAL_Driver/Src/stm32wbxx_hal_rcc_ex.o
 .text.LL_RCC_SetADCClockSource
                0x0000000008003a3a       0x2c Drivers/STM32WBxx_HAL_Driver/Src/stm32wbxx_hal_rcc_ex.o
 .text.LL_RCC_SetRTCClockSource
                0x0000000008003a66       0x2c Drivers/STM32WBxx_HAL_Driver/Src/stm32wbxx_hal_rcc_ex.o
 .text.LL_RCC_GetRTCClockSource
                0x0000000008003a92       0x1a Drivers/STM32WBxx_HAL_Driver/Src/stm32wbxx_hal_rcc_ex.o
 .text.LL_RCC_ForceBackupDomainReset
                0x0000000008003aac       0x22 Drivers/STM32WBxx_HAL_Driver/Src/stm32wbxx_hal_rcc_ex.o
 .text.LL_RCC_ReleaseBackupDomainReset
                0x0000000008003ace       0x22 Drivers/STM32WBxx_HAL_Driver/Src/stm32wbxx_hal_rcc_ex.o
 .text.LL_RCC_PLLSAI1_Enable
                0x0000000008003af0       0x1e Drivers/STM32WBxx_HAL_Driver/Src/stm32wbxx_hal_rcc_ex.o
 .text.LL_RCC_PLLSAI1_Disable
                0x0000000008003b0e       0x1e Drivers/STM32WBxx_HAL_Driver/Src/stm32wbxx_hal_rcc_ex.o
 .text.LL_RCC_PLLSAI1_IsReady
                0x0000000008003b2c       0x24 Drivers/STM32WBxx_HAL_Driver/Src/stm32wbxx_hal_rcc_ex.o
 .text.HAL_RCCEx_PeriphCLKConfig
                0x0000000008003b50      0x2ea Drivers/STM32WBxx_HAL_Driver/Src/stm32wbxx_hal_rcc_ex.o
                0x0000000008003b50                HAL_RCCEx_PeriphCLKConfig
 .text.HAL_RCCEx_EnableMSIPLLMode
                0x0000000008003e3a        0xc Drivers/STM32WBxx_HAL_Driver/Src/stm32wbxx_hal_rcc_ex.o
                0x0000000008003e3a                HAL_RCCEx_EnableMSIPLLMode
 .text.RCCEx_PLLSAI1_ConfigNP
                0x0000000008003e46       0xb6 Drivers/STM32WBxx_HAL_Driver/Src/stm32wbxx_hal_rcc_ex.o
 .text.RCCEx_PLLSAI1_ConfigNQ
                0x0000000008003efc       0xb6 Drivers/STM32WBxx_HAL_Driver/Src/stm32wbxx_hal_rcc_ex.o
 .text.RCCEx_PLLSAI1_ConfigNR
                0x0000000008003fb2       0xb6 Drivers/STM32WBxx_HAL_Driver/Src/stm32wbxx_hal_rcc_ex.o
 .text.HAL_RTC_Init
                0x0000000008004068      0x13c Drivers/STM32WBxx_HAL_Driver/Src/stm32wbxx_hal_rtc.o
                0x0000000008004068                HAL_RTC_Init
 .text.HAL_RTC_WaitForSynchro
                0x00000000080041a4       0x4c Drivers/STM32WBxx_HAL_Driver/Src/stm32wbxx_hal_rtc.o
                0x00000000080041a4                HAL_RTC_WaitForSynchro
 .text.RTC_EnterInitMode
                0x00000000080041f0       0x54 Drivers/STM32WBxx_HAL_Driver/Src/stm32wbxx_hal_rtc.o
                0x00000000080041f0                RTC_EnterInitMode
 .text.HAL_RTCEx_SetWakeUpTimer_IT
                0x0000000008004244      0x178 Drivers/STM32WBxx_HAL_Driver/Src/stm32wbxx_hal_rtc_ex.o
                0x0000000008004244                HAL_RTCEx_SetWakeUpTimer_IT
 .text.HAL_RTCEx_WakeUpTimerIRQHandler
                0x00000000080043bc       0x4c Drivers/STM32WBxx_HAL_Driver/Src/stm32wbxx_hal_rtc_ex.o
                0x00000000080043bc                HAL_RTCEx_WakeUpTimerIRQHandler
 .text.HAL_RTCEx_WakeUpTimerEventCallback
                0x0000000008004408       0x14 Drivers/STM32WBxx_HAL_Driver/Src/stm32wbxx_hal_rtc_ex.o
                0x0000000008004408                HAL_RTCEx_WakeUpTimerEventCallback
 .text.LL_RCC_GetUSARTClockSource
                0x000000000800441c       0x20 Drivers/STM32WBxx_HAL_Driver/Src/stm32wbxx_hal_uart.o
 .text.LL_RCC_GetLPUARTClockSource
                0x000000000800443c       0x20 Drivers/STM32WBxx_HAL_Driver/Src/stm32wbxx_hal_uart.o
 .text.HAL_UART_Init
                0x000000000800445c       0xa0 Drivers/STM32WBxx_HAL_Driver/Src/stm32wbxx_hal_uart.o
                0x000000000800445c                HAL_UART_Init
 .text.HAL_UART_IRQHandler
                0x00000000080044fc      0x300 Drivers/STM32WBxx_HAL_Driver/Src/stm32wbxx_hal_uart.o
                0x00000000080044fc                HAL_UART_IRQHandler
 .text.HAL_UART_TxCpltCallback
                0x00000000080047fc       0x14 Drivers/STM32WBxx_HAL_Driver/Src/stm32wbxx_hal_uart.o
                0x00000000080047fc                HAL_UART_TxCpltCallback
 .text.HAL_UART_ErrorCallback
                0x0000000008004810       0x14 Drivers/STM32WBxx_HAL_Driver/Src/stm32wbxx_hal_uart.o
                0x0000000008004810                HAL_UART_ErrorCallback
 *fill*         0x0000000008004824        0x4 
 .text.UART_SetConfig
                0x0000000008004828     0x10c8 Drivers/STM32WBxx_HAL_Driver/Src/stm32wbxx_hal_uart.o
                0x0000000008004828                UART_SetConfig
 .text.UART_AdvFeatureConfig
                0x00000000080058f0      0x144 Drivers/STM32WBxx_HAL_Driver/Src/stm32wbxx_hal_uart.o
                0x00000000080058f0                UART_AdvFeatureConfig
 .text.UART_CheckIdleState
                0x0000000008005a34       0x90 Drivers/STM32WBxx_HAL_Driver/Src/stm32wbxx_hal_uart.o
                0x0000000008005a34                UART_CheckIdleState
 .text.UART_WaitOnFlagUntilTimeout
                0x0000000008005ac4      0x100 Drivers/STM32WBxx_HAL_Driver/Src/stm32wbxx_hal_uart.o
                0x0000000008005ac4                UART_WaitOnFlagUntilTimeout
 .text.UART_EndRxTransfer
                0x0000000008005bc4       0x46 Drivers/STM32WBxx_HAL_Driver/Src/stm32wbxx_hal_uart.o
 .text.UART_DMAAbortOnError
                0x0000000008005c0a       0x2c Drivers/STM32WBxx_HAL_Driver/Src/stm32wbxx_hal_uart.o
 .text.UART_EndTransmit_IT
                0x0000000008005c36       0x34 Drivers/STM32WBxx_HAL_Driver/Src/stm32wbxx_hal_uart.o
 .text.HAL_UARTEx_WakeupCallback
                0x0000000008005c6a       0x14 Drivers/STM32WBxx_HAL_Driver/Src/stm32wbxx_hal_uart_ex.o
                0x0000000008005c6a                HAL_UARTEx_WakeupCallback
 .text.HAL_UARTEx_RxFifoFullCallback
                0x0000000008005c7e       0x14 Drivers/STM32WBxx_HAL_Driver/Src/stm32wbxx_hal_uart_ex.o
                0x0000000008005c7e                HAL_UARTEx_RxFifoFullCallback
 .text.HAL_UARTEx_TxFifoEmptyCallback
                0x0000000008005c92       0x14 Drivers/STM32WBxx_HAL_Driver/Src/stm32wbxx_hal_uart_ex.o
                0x0000000008005c92                HAL_UARTEx_TxFifoEmptyCallback
 .text.HAL_UARTEx_DisableFifoMode
                0x0000000008005ca6       0x72 Drivers/STM32WBxx_HAL_Driver/Src/stm32wbxx_hal_uart_ex.o
                0x0000000008005ca6                HAL_UARTEx_DisableFifoMode
 .text.HAL_UARTEx_SetTxFifoThreshold
                0x0000000008005d18       0x7c Drivers/STM32WBxx_HAL_Driver/Src/stm32wbxx_hal_uart_ex.o
                0x0000000008005d18                HAL_UARTEx_SetTxFifoThreshold
 .text.HAL_UARTEx_SetRxFifoThreshold
                0x0000000008005d94       0x7c Drivers/STM32WBxx_HAL_Driver/Src/stm32wbxx_hal_uart_ex.o
                0x0000000008005d94                HAL_UARTEx_SetRxFifoThreshold
 .text.UARTEx_SetNbDataToProcess
                0x0000000008005e10       0xd0 Drivers/STM32WBxx_HAL_Driver/Src/stm32wbxx_hal_uart_ex.o
 .text.USB_EnableGlobalInt
                0x0000000008005ee0       0x30 Drivers/STM32WBxx_HAL_Driver/Src/stm32wbxx_ll_usb.o
                0x0000000008005ee0                USB_EnableGlobalInt
 .text.USB_DisableGlobalInt
                0x0000000008005f10       0x3a Drivers/STM32WBxx_HAL_Driver/Src/stm32wbxx_ll_usb.o
                0x0000000008005f10                USB_DisableGlobalInt
 .text.USB_DevInit
                0x0000000008005f4a       0x48 Drivers/STM32WBxx_HAL_Driver/Src/stm32wbxx_ll_usb.o
                0x0000000008005f4a                USB_DevInit
 .text.aci_gap_set_non_discoverable
                0x0000000008005f92       0x52 Middlewares/ST/STM32_WPAN/ble/core/auto/ble_gap_aci.o
                0x0000000008005f92                aci_gap_set_non_discoverable
 .text.aci_gap_set_discoverable
                0x0000000008005fe4      0x1ca Middlewares/ST/STM32_WPAN/ble/core/auto/ble_gap_aci.o
                0x0000000008005fe4                aci_gap_set_discoverable
 .text.aci_gap_set_io_capability
                0x00000000080061ae       0xa2 Middlewares/ST/STM32_WPAN/ble/core/auto/ble_gap_aci.o
                0x00000000080061ae                aci_gap_set_io_capability
 .text.aci_gap_set_authentication_requirement
                0x0000000008006250      0x15e Middlewares/ST/STM32_WPAN/ble/core/auto/ble_gap_aci.o
                0x0000000008006250                aci_gap_set_authentication_requirement
 .text.aci_gap_init
                0x00000000080063ae      0x116 Middlewares/ST/STM32_WPAN/ble/core/auto/ble_gap_aci.o
                0x00000000080063ae                aci_gap_init
 .text.aci_gap_update_adv_data
                0x00000000080064c4       0xc6 Middlewares/ST/STM32_WPAN/ble/core/auto/ble_gap_aci.o
                0x00000000080064c4                aci_gap_update_adv_data
 .text.aci_gap_configure_whitelist
                0x000000000800658a       0x52 Middlewares/ST/STM32_WPAN/ble/core/auto/ble_gap_aci.o
                0x000000000800658a                aci_gap_configure_whitelist
 .text.aci_gatt_init
                0x00000000080065dc       0x54 Middlewares/ST/STM32_WPAN/ble/core/auto/ble_gatt_aci.o
                0x00000000080065dc                aci_gatt_init
 .text.aci_gatt_add_service
                0x0000000008006630      0x15e Middlewares/ST/STM32_WPAN/ble/core/auto/ble_gatt_aci.o
                0x0000000008006630                aci_gatt_add_service
 .text.aci_gatt_add_char
                0x000000000800678e      0x1d4 Middlewares/ST/STM32_WPAN/ble/core/auto/ble_gatt_aci.o
                0x000000000800678e                aci_gatt_add_char
 .text.aci_gatt_update_char_value
                0x0000000008006962      0x11c Middlewares/ST/STM32_WPAN/ble/core/auto/ble_gatt_aci.o
                0x0000000008006962                aci_gatt_update_char_value
 .text.aci_hal_write_config_data
                0x0000000008006a7e       0xe0 Middlewares/ST/STM32_WPAN/ble/core/auto/ble_hal_aci.o
                0x0000000008006a7e                aci_hal_write_config_data
 .text.aci_hal_set_tx_power_level
                0x0000000008006b5e       0xbc Middlewares/ST/STM32_WPAN/ble/core/auto/ble_hal_aci.o
                0x0000000008006b5e                aci_hal_set_tx_power_level
 .text.aci_hal_set_radio_activity_mask
                0x0000000008006c1a       0xa2 Middlewares/ST/STM32_WPAN/ble/core/auto/ble_hal_aci.o
                0x0000000008006c1a                aci_hal_set_radio_activity_mask
 .text.hci_reset
                0x0000000008006cbc       0x52 Middlewares/ST/STM32_WPAN/ble/core/auto/ble_hci_le.o
                0x0000000008006cbc                hci_reset
 .text.hci_le_read_phy
                0x0000000008006d0e       0xd0 Middlewares/ST/STM32_WPAN/ble/core/auto/ble_hci_le.o
                0x0000000008006d0e                hci_le_read_phy
 .text.hci_le_set_default_phy
                0x0000000008006dde       0xdc Middlewares/ST/STM32_WPAN/ble/core/auto/ble_hci_le.o
                0x0000000008006dde                hci_le_set_default_phy
 .text.Osal_MemCpy
                0x0000000008006eba       0x20 Middlewares/ST/STM32_WPAN/ble/core/template/osal.o
                0x0000000008006eba                Osal_MemCpy
 .text.Osal_MemSet
                0x0000000008006eda       0x20 Middlewares/ST/STM32_WPAN/ble/core/template/osal.o
                0x0000000008006eda                Osal_MemSet
 *fill*         0x0000000008006efa        0x2 
 .text.PeerToPeer_Event_Handler
                0x0000000008006efc       0xc4 Middlewares/ST/STM32_WPAN/ble/svc/Src/p2p_stm.o
 .text.P2PS_STM_Init
                0x0000000008006fc0      0x140 Middlewares/ST/STM32_WPAN/ble/svc/Src/p2p_stm.o
                0x0000000008006fc0                P2PS_STM_Init
 .text.BLS_Init
                0x0000000008007100        0xe Middlewares/ST/STM32_WPAN/ble/svc/Src/svc_ctl.o
                0x0000000008007100                BLS_Init
 .text.CRS_STM_Init
                0x000000000800710e        0xe Middlewares/ST/STM32_WPAN/ble/svc/Src/svc_ctl.o
                0x000000000800710e                CRS_STM_Init
 .text.DIS_Init
                0x000000000800711c        0xe Middlewares/ST/STM32_WPAN/ble/svc/Src/svc_ctl.o
                0x000000000800711c                DIS_Init
 .text.EDS_STM_Init
                0x000000000800712a        0xe Middlewares/ST/STM32_WPAN/ble/svc/Src/svc_ctl.o
                0x000000000800712a                EDS_STM_Init
 .text.HIDS_Init
                0x0000000008007138        0xe Middlewares/ST/STM32_WPAN/ble/svc/Src/svc_ctl.o
                0x0000000008007138                HIDS_Init
 .text.HRS_Init
                0x0000000008007146        0xe Middlewares/ST/STM32_WPAN/ble/svc/Src/svc_ctl.o
                0x0000000008007146                HRS_Init
 .text.HTS_Init
                0x0000000008007154        0xe Middlewares/ST/STM32_WPAN/ble/svc/Src/svc_ctl.o
                0x0000000008007154                HTS_Init
 .text.IAS_Init
                0x0000000008007162        0xe Middlewares/ST/STM32_WPAN/ble/svc/Src/svc_ctl.o
                0x0000000008007162                IAS_Init
 .text.LLS_Init
                0x0000000008007170        0xe Middlewares/ST/STM32_WPAN/ble/svc/Src/svc_ctl.o
                0x0000000008007170                LLS_Init
 .text.TPS_Init
                0x000000000800717e        0xe Middlewares/ST/STM32_WPAN/ble/svc/Src/svc_ctl.o
                0x000000000800717e                TPS_Init
 .text.MOTENV_STM_Init
                0x000000000800718c        0xe Middlewares/ST/STM32_WPAN/ble/svc/Src/svc_ctl.o
                0x000000000800718c                MOTENV_STM_Init
 .text.OTAS_STM_Init
                0x000000000800719a        0xe Middlewares/ST/STM32_WPAN/ble/svc/Src/svc_ctl.o
                0x000000000800719a                OTAS_STM_Init
 .text.MESH_Init
                0x00000000080071a8        0xe Middlewares/ST/STM32_WPAN/ble/svc/Src/svc_ctl.o
                0x00000000080071a8                MESH_Init
 .text.BVOPUS_STM_Init
                0x00000000080071b6        0xe Middlewares/ST/STM32_WPAN/ble/svc/Src/svc_ctl.o
                0x00000000080071b6                BVOPUS_STM_Init
 .text.SVCCTL_InitCustomSvc
                0x00000000080071c4        0xe Middlewares/ST/STM32_WPAN/ble/svc/Src/svc_ctl.o
                0x00000000080071c4                SVCCTL_InitCustomSvc
 *fill*         0x00000000080071d2        0x2 
 .text.SVCCTL_Init
                0x00000000080071d4       0x20 Middlewares/ST/STM32_WPAN/ble/svc/Src/svc_ctl.o
                0x00000000080071d4                SVCCTL_Init
 .text.SVCCTL_SvcInit
                0x00000000080071f4       0x48 Middlewares/ST/STM32_WPAN/ble/svc/Src/svc_ctl.o
                0x00000000080071f4                SVCCTL_SvcInit
 .text.SVCCTL_RegisterSvcHandler
                0x000000000800723c       0x34 Middlewares/ST/STM32_WPAN/ble/svc/Src/svc_ctl.o
                0x000000000800723c                SVCCTL_RegisterSvcHandler
 .text.SVCCTL_UserEvtRx
                0x0000000008007270       0xa4 Middlewares/ST/STM32_WPAN/ble/svc/Src/svc_ctl.o
                0x0000000008007270                SVCCTL_UserEvtRx
 .text.SHCI_C2_BLE_Init
                0x0000000008007314       0x2e Middlewares/ST/STM32_WPAN/interface/patterns/ble_thread/shci/shci.o
                0x0000000008007314                SHCI_C2_BLE_Init
 *fill*         0x0000000008007342        0x2 
 .text.hci_init
                0x0000000008007344       0x38 Middlewares/ST/STM32_WPAN/interface/patterns/ble_thread/tl/hci_tl.o
                0x0000000008007344                hci_init
 .text.hci_user_evt_proc
                0x000000000800737c       0x94 Middlewares/ST/STM32_WPAN/interface/patterns/ble_thread/tl/hci_tl.o
                0x000000000800737c                hci_user_evt_proc
 .text.hci_send_req
                0x0000000008007410       0xfc Middlewares/ST/STM32_WPAN/interface/patterns/ble_thread/tl/hci_tl.o
                0x0000000008007410                hci_send_req
 .text.TlInit   0x000000000800750c       0x60 Middlewares/ST/STM32_WPAN/interface/patterns/ble_thread/tl/hci_tl.o
 .text.SendCmd  0x000000000800756c       0x4c Middlewares/ST/STM32_WPAN/interface/patterns/ble_thread/tl/hci_tl.o
 .text.NotifyCmdStatus
                0x00000000080075b8       0x40 Middlewares/ST/STM32_WPAN/interface/patterns/ble_thread/tl/hci_tl.o
 .text.TlEvtReceived
                0x00000000080075f8       0x48 Middlewares/ST/STM32_WPAN/interface/patterns/ble_thread/tl/hci_tl.o
 .text.hci_register_io_bus
                0x0000000008007640       0x28 Middlewares/ST/STM32_WPAN/interface/patterns/ble_thread/tl/hci_tl_if.o
                0x0000000008007640                hci_register_io_bus
 .text.shci_init
                0x0000000008007668       0x38 Middlewares/ST/STM32_WPAN/interface/patterns/ble_thread/tl/shci_tl.o
                0x0000000008007668                shci_init
 .text.shci_user_evt_proc
                0x00000000080076a0       0x94 Middlewares/ST/STM32_WPAN/interface/patterns/ble_thread/tl/shci_tl.o
                0x00000000080076a0                shci_user_evt_proc
 .text.shci_send
                0x0000000008007734       0x7c Middlewares/ST/STM32_WPAN/interface/patterns/ble_thread/tl/shci_tl.o
                0x0000000008007734                shci_send
 .text.TlInit   0x00000000080077b0       0x64 Middlewares/ST/STM32_WPAN/interface/patterns/ble_thread/tl/shci_tl.o
 .text.Cmd_SetStatus
                0x0000000008007814       0x50 Middlewares/ST/STM32_WPAN/interface/patterns/ble_thread/tl/shci_tl.o
 .text.TlCmdEvtReceived
                0x0000000008007864       0x16 Middlewares/ST/STM32_WPAN/interface/patterns/ble_thread/tl/shci_tl.o
 *fill*         0x000000000800787a        0x2 
 .text.TlUserEvtReceived
                0x000000000800787c       0x24 Middlewares/ST/STM32_WPAN/interface/patterns/ble_thread/tl/shci_tl.o
 .text.shci_register_io_bus
                0x00000000080078a0       0x28 Middlewares/ST/STM32_WPAN/interface/patterns/ble_thread/tl/shci_tl_if.o
                0x00000000080078a0                shci_register_io_bus
 .text.TL_Enable
                0x00000000080078c8        0xc Middlewares/ST/STM32_WPAN/interface/patterns/ble_thread/tl/tl_mbox.o
                0x00000000080078c8                TL_Enable
 .text.TL_Init  0x00000000080078d4       0x6c Middlewares/ST/STM32_WPAN/interface/patterns/ble_thread/tl/tl_mbox.o
                0x00000000080078d4                TL_Init
 .text.TL_BLE_Init
                0x0000000008007940       0x68 Middlewares/ST/STM32_WPAN/interface/patterns/ble_thread/tl/tl_mbox.o
                0x0000000008007940                TL_BLE_Init
 .text.TL_BLE_SendCmd
                0x00000000080079a8       0x28 Middlewares/ST/STM32_WPAN/interface/patterns/ble_thread/tl/tl_mbox.o
                0x00000000080079a8                TL_BLE_SendCmd
 .text.HW_IPCC_BLE_RxEvtNot
                0x00000000080079d0       0x38 Middlewares/ST/STM32_WPAN/interface/patterns/ble_thread/tl/tl_mbox.o
                0x00000000080079d0                HW_IPCC_BLE_RxEvtNot
 .text.HW_IPCC_BLE_AclDataAckNot
                0x0000000008007a08       0x14 Middlewares/ST/STM32_WPAN/interface/patterns/ble_thread/tl/tl_mbox.o
                0x0000000008007a08                HW_IPCC_BLE_AclDataAckNot
 .text.TL_SYS_Init
                0x0000000008007a1c       0x54 Middlewares/ST/STM32_WPAN/interface/patterns/ble_thread/tl/tl_mbox.o
                0x0000000008007a1c                TL_SYS_Init
 .text.TL_SYS_SendCmd
                0x0000000008007a70       0x28 Middlewares/ST/STM32_WPAN/interface/patterns/ble_thread/tl/tl_mbox.o
                0x0000000008007a70                TL_SYS_SendCmd
 .text.HW_IPCC_SYS_CmdEvtNot
                0x0000000008007a98       0x20 Middlewares/ST/STM32_WPAN/interface/patterns/ble_thread/tl/tl_mbox.o
                0x0000000008007a98                HW_IPCC_SYS_CmdEvtNot
 .text.HW_IPCC_SYS_EvtNot
                0x0000000008007ab8       0x38 Middlewares/ST/STM32_WPAN/interface/patterns/ble_thread/tl/tl_mbox.o
                0x0000000008007ab8                HW_IPCC_SYS_EvtNot
 .text.TL_MM_Init
                0x0000000008007af0       0x78 Middlewares/ST/STM32_WPAN/interface/patterns/ble_thread/tl/tl_mbox.o
                0x0000000008007af0                TL_MM_Init
 .text.TL_MM_EvtDone
                0x0000000008007b68       0x28 Middlewares/ST/STM32_WPAN/interface/patterns/ble_thread/tl/tl_mbox.o
                0x0000000008007b68                TL_MM_EvtDone
 .text.SendFreeBuf
                0x0000000008007b90       0x40 Middlewares/ST/STM32_WPAN/interface/patterns/ble_thread/tl/tl_mbox.o
 .text.TL_TRACES_Init
                0x0000000008007bd0       0x24 Middlewares/ST/STM32_WPAN/interface/patterns/ble_thread/tl/tl_mbox.o
                0x0000000008007bd0                TL_TRACES_Init
 .text.HW_IPCC_TRACES_EvtNot
                0x0000000008007bf4       0x34 Middlewares/ST/STM32_WPAN/interface/patterns/ble_thread/tl/tl_mbox.o
                0x0000000008007bf4                HW_IPCC_TRACES_EvtNot
 .text.TL_TRACES_EvtReceived
                0x0000000008007c28       0x14 Middlewares/ST/STM32_WPAN/interface/patterns/ble_thread/tl/tl_mbox.o
                0x0000000008007c28                TL_TRACES_EvtReceived
 .text.OTP_Read
                0x0000000008007c3c       0x50 Middlewares/ST/STM32_WPAN/utilities/otp.o
                0x0000000008007c3c                OTP_Read
 .text.LST_init_head
                0x0000000008007c8c       0x20 Middlewares/ST/STM32_WPAN/utilities/stm_list.o
                0x0000000008007c8c                LST_init_head
 .text.LST_is_empty
                0x0000000008007cac       0x40 Middlewares/ST/STM32_WPAN/utilities/stm_list.o
                0x0000000008007cac                LST_is_empty
 .text.LST_insert_head
                0x0000000008007cec       0x48 Middlewares/ST/STM32_WPAN/utilities/stm_list.o
                0x0000000008007cec                LST_insert_head
 .text.LST_insert_tail
                0x0000000008007d34       0x48 Middlewares/ST/STM32_WPAN/utilities/stm_list.o
                0x0000000008007d34                LST_insert_tail
 .text.LST_remove_node
                0x0000000008007d7c       0x3e Middlewares/ST/STM32_WPAN/utilities/stm_list.o
                0x0000000008007d7c                LST_remove_node
 .text.LST_remove_head
                0x0000000008007dba       0x3a Middlewares/ST/STM32_WPAN/utilities/stm_list.o
                0x0000000008007dba                LST_remove_head
 .text.LL_FLASH_GetUDN
                0x0000000008007df4       0x18 STM32_WPAN/App/app_ble.o
 .text.LL_FLASH_GetDeviceID
                0x0000000008007e0c       0x18 STM32_WPAN/App/app_ble.o
 .text.LL_FLASH_GetSTCompanyID
                0x0000000008007e24       0x18 STM32_WPAN/App/app_ble.o
 .text.APP_BLE_Init
                0x0000000008007e3c       0xd0 STM32_WPAN/App/app_ble.o
                0x0000000008007e3c                APP_BLE_Init
 .text.SVCCTL_App_Notification
                0x0000000008007f0c      0x14c STM32_WPAN/App/app_ble.o
                0x0000000008007f0c                SVCCTL_App_Notification
 .text.Ble_Tl_Init
                0x0000000008008058       0x2c STM32_WPAN/App/app_ble.o
 .text.Ble_Hci_Gap_Gatt_Init
                0x0000000008008084      0x1b4 STM32_WPAN/App/app_ble.o
 .text.Adv_Request
                0x0000000008008238       0xe4 STM32_WPAN/App/app_ble.o
 .text.BleGetBdAddress
                0x000000000800831c       0x88 STM32_WPAN/App/app_ble.o
 .text.Adv_Cancel
                0x00000000080083a4       0x34 STM32_WPAN/App/app_ble.o
 .text.Adv_Cancel_Req
                0x00000000080083d8       0x10 STM32_WPAN/App/app_ble.o
 .text.Switch_OFF_GPIO
                0x00000000080083e8        0xe STM32_WPAN/App/app_ble.o
 .text.hci_notify_asynch_evt
                0x00000000080083f6       0x18 STM32_WPAN/App/app_ble.o
                0x00000000080083f6                hci_notify_asynch_evt
 .text.hci_cmd_resp_release
                0x000000000800840e       0x16 STM32_WPAN/App/app_ble.o
                0x000000000800840e                hci_cmd_resp_release
 .text.hci_cmd_resp_wait
                0x0000000008008424       0x16 STM32_WPAN/App/app_ble.o
                0x0000000008008424                hci_cmd_resp_wait
 .text.BLE_UserEvtRx
                0x000000000800843a       0x38 STM32_WPAN/App/app_ble.o
 .text.BLE_StatusNot
                0x0000000008008472       0x36 STM32_WPAN/App/app_ble.o
 .text.P2PS_STM_App_Notification
                0x00000000080084a8       0x30 STM32_WPAN/App/p2p_server_app.o
                0x00000000080084a8                P2PS_STM_App_Notification
 .text.P2PS_APP_Notification
                0x00000000080084d8       0x28 STM32_WPAN/App/p2p_server_app.o
                0x00000000080084d8                P2PS_APP_Notification
 .text.P2PS_APP_Init
                0x0000000008008500        0xe STM32_WPAN/App/p2p_server_app.o
                0x0000000008008500                P2PS_APP_Init
 *fill*         0x000000000800850e        0x2 
 .text.LL_PWR_EnableBootC2
                0x0000000008008510       0x20 STM32_WPAN/Target/hw_ipcc.o
 .text.LL_AHB3_GRP1_EnableClock
                0x0000000008008530       0x32 STM32_WPAN/Target/hw_ipcc.o
 .text.LL_C1_IPCC_EnableIT_TXF
                0x0000000008008562       0x20 STM32_WPAN/Target/hw_ipcc.o
 .text.LL_C1_IPCC_EnableIT_RXO
                0x0000000008008582       0x20 STM32_WPAN/Target/hw_ipcc.o
 .text.LL_C1_IPCC_EnableTransmitChannel
                0x00000000080085a2       0x26 STM32_WPAN/Target/hw_ipcc.o
 .text.LL_C1_IPCC_DisableTransmitChannel
                0x00000000080085c8       0x24 STM32_WPAN/Target/hw_ipcc.o
 .text.LL_C1_IPCC_EnableReceiveChannel
                0x00000000080085ec       0x24 STM32_WPAN/Target/hw_ipcc.o
 .text.LL_C1_IPCC_ClearFlag_CHx
                0x0000000008008610       0x1c STM32_WPAN/Target/hw_ipcc.o
 .text.LL_C1_IPCC_SetFlag_CHx
                0x000000000800862c       0x1e STM32_WPAN/Target/hw_ipcc.o
 .text.LL_C1_IPCC_IsActiveFlag_CHx
                0x000000000800864a       0x2a STM32_WPAN/Target/hw_ipcc.o
 .text.LL_C2_IPCC_IsActiveFlag_CHx
                0x0000000008008674       0x2a STM32_WPAN/Target/hw_ipcc.o
 *fill*         0x000000000800869e        0x2 
 .text.HW_IPCC_Rx_Handler
                0x00000000080086a0       0x70 STM32_WPAN/Target/hw_ipcc.o
                0x00000000080086a0                HW_IPCC_Rx_Handler
 .text.HW_IPCC_Tx_Handler
                0x0000000008008710       0x94 STM32_WPAN/Target/hw_ipcc.o
                0x0000000008008710                HW_IPCC_Tx_Handler
 .text.HW_IPCC_Enable
                0x00000000080087a4       0x10 STM32_WPAN/Target/hw_ipcc.o
                0x00000000080087a4                HW_IPCC_Enable
 .text.HW_IPCC_Init
                0x00000000080087b4       0x2c STM32_WPAN/Target/hw_ipcc.o
                0x00000000080087b4                HW_IPCC_Init
 .text.HW_IPCC_BLE_Init
                0x00000000080087e0       0x14 STM32_WPAN/Target/hw_ipcc.o
                0x00000000080087e0                HW_IPCC_BLE_Init
 .text.HW_IPCC_BLE_SendCmd
                0x00000000080087f4       0x14 STM32_WPAN/Target/hw_ipcc.o
                0x00000000080087f4                HW_IPCC_BLE_SendCmd
 .text.HW_IPCC_BLE_EvtHandler
                0x0000000008008808       0x18 STM32_WPAN/Target/hw_ipcc.o
 .text.HW_IPCC_BLE_AclDataEvtHandler
                0x0000000008008820       0x18 STM32_WPAN/Target/hw_ipcc.o
 .text.HW_IPCC_SYS_Init
                0x0000000008008838       0x14 STM32_WPAN/Target/hw_ipcc.o
                0x0000000008008838                HW_IPCC_SYS_Init
 .text.HW_IPCC_SYS_SendCmd
                0x000000000800884c       0x1c STM32_WPAN/Target/hw_ipcc.o
                0x000000000800884c                HW_IPCC_SYS_SendCmd
 .text.HW_IPCC_SYS_CmdEvtHandler
                0x0000000008008868       0x18 STM32_WPAN/Target/hw_ipcc.o
 .text.HW_IPCC_SYS_EvtHandler
                0x0000000008008880       0x18 STM32_WPAN/Target/hw_ipcc.o
 .text.HW_IPCC_MM_SendFreeBuf
                0x0000000008008898       0x44 STM32_WPAN/Target/hw_ipcc.o
                0x0000000008008898                HW_IPCC_MM_SendFreeBuf
 .text.HW_IPCC_MM_FreeBufHandler
                0x00000000080088dc       0x28 STM32_WPAN/Target/hw_ipcc.o
 .text.HW_IPCC_TRACES_Init
                0x0000000008008904       0x14 STM32_WPAN/Target/hw_ipcc.o
                0x0000000008008904                HW_IPCC_TRACES_Init
 .text.HW_IPCC_TRACES_EvtHandler
                0x0000000008008918       0x18 STM32_WPAN/Target/hw_ipcc.o
 .text.UTIL_LPM_Init
                0x0000000008008930       0x24 Utilities/lpm/tiny_lpm/stm32_lpm.o
                0x0000000008008930                UTIL_LPM_Init
 .text.UTIL_LPM_SetOffMode
                0x0000000008008954       0x5c Utilities/lpm/tiny_lpm/stm32_lpm.o
                0x0000000008008954                UTIL_LPM_SetOffMode
 .text.UTIL_SEQ_Run
                0x00000000080089b0      0x1b8 Utilities/sequencer/stm32_seq.o
                0x00000000080089b0                UTIL_SEQ_Run
 .text.UTIL_SEQ_RegTask
                0x0000000008008b68       0x40 Utilities/sequencer/stm32_seq.o
                0x0000000008008b68                UTIL_SEQ_RegTask
 .text.UTIL_SEQ_SetTask
                0x0000000008008ba8       0x54 Utilities/sequencer/stm32_seq.o
                0x0000000008008ba8                UTIL_SEQ_SetTask
 .text.UTIL_SEQ_PauseTask
                0x0000000008008bfc       0x3c Utilities/sequencer/stm32_seq.o
                0x0000000008008bfc                UTIL_SEQ_PauseTask
 .text.UTIL_SEQ_ResumeTask
                0x0000000008008c38       0x3c Utilities/sequencer/stm32_seq.o
                0x0000000008008c38                UTIL_SEQ_ResumeTask
 .text.UTIL_SEQ_SetEvt
                0x0000000008008c74       0x3c Utilities/sequencer/stm32_seq.o
                0x0000000008008c74                UTIL_SEQ_SetEvt
 .text.UTIL_SEQ_WaitEvt
                0x0000000008008cb0       0x68 Utilities/sequencer/stm32_seq.o
                0x0000000008008cb0                UTIL_SEQ_WaitEvt
 .text.UTIL_SEQ_PreIdle
                0x0000000008008d18        0xe Utilities/sequencer/stm32_seq.o
                0x0000000008008d18                UTIL_SEQ_PreIdle
 .text.UTIL_SEQ_PostIdle
                0x0000000008008d26        0xe Utilities/sequencer/stm32_seq.o
                0x0000000008008d26                UTIL_SEQ_PostIdle
 .text.bit_position
                0x0000000008008d34       0x74 Utilities/sequencer/stm32_seq.o
 .text.__libc_init_array
                0x0000000008008da8       0x48 c:/st/stm32cubeide_1.1.0/stm32cubeide/plugins/com.st.stm32cube.ide.mcu.externaltools.gnu-tools-for-stm32.7-2018-q2-update.win32_1.0.0.201904181610/tools/bin/../lib/gcc/arm-none-eabi/7.3.1/../../../../arm-none-eabi/lib/thumb/v7e-m/fpv4-sp/hard\libc_nano.a(lib_a-init.o)
                0x0000000008008da8                __libc_init_array
 .text.memcpy   0x0000000008008df0       0x16 c:/st/stm32cubeide_1.1.0/stm32cubeide/plugins/com.st.stm32cube.ide.mcu.externaltools.gnu-tools-for-stm32.7-2018-q2-update.win32_1.0.0.201904181610/tools/bin/../lib/gcc/arm-none-eabi/7.3.1/../../../../arm-none-eabi/lib/thumb/v7e-m/fpv4-sp/hard\libc_nano.a(lib_a-memcpy-stub.o)
                0x0000000008008df0                memcpy
 .text.memset   0x0000000008008e06       0x10 c:/st/stm32cubeide_1.1.0/stm32cubeide/plugins/com.st.stm32cube.ide.mcu.externaltools.gnu-tools-for-stm32.7-2018-q2-update.win32_1.0.0.201904181610/tools/bin/../lib/gcc/arm-none-eabi/7.3.1/../../../../arm-none-eabi/lib/thumb/v7e-m/fpv4-sp/hard\libc_nano.a(lib_a-memset.o)
                0x0000000008008e06                memset
 *(.glue_7)
 .glue_7        0x0000000008008e16        0x0 linker stubs
 *(.glue_7t)
 .glue_7t       0x0000000008008e16        0x0 linker stubs
 *(.eh_frame)
 *fill*         0x0000000008008e16        0x2 
 .eh_frame      0x0000000008008e18        0x0 c:/st/stm32cubeide_1.1.0/stm32cubeide/plugins/com.st.stm32cube.ide.mcu.externaltools.gnu-tools-for-stm32.7-2018-q2-update.win32_1.0.0.201904181610/tools/bin/../lib/gcc/arm-none-eabi/7.3.1/thumb/v7e-m/fpv4-sp/hard/crtbegin.o
 *(.init)
 .init          0x0000000008008e18        0x4 c:/st/stm32cubeide_1.1.0/stm32cubeide/plugins/com.st.stm32cube.ide.mcu.externaltools.gnu-tools-for-stm32.7-2018-q2-update.win32_1.0.0.201904181610/tools/bin/../lib/gcc/arm-none-eabi/7.3.1/thumb/v7e-m/fpv4-sp/hard/crti.o
                0x0000000008008e18                _init
 .init          0x0000000008008e1c        0x8 c:/st/stm32cubeide_1.1.0/stm32cubeide/plugins/com.st.stm32cube.ide.mcu.externaltools.gnu-tools-for-stm32.7-2018-q2-update.win32_1.0.0.201904181610/tools/bin/../lib/gcc/arm-none-eabi/7.3.1/thumb/v7e-m/fpv4-sp/hard/crtn.o
 *(.fini)
 .fini          0x0000000008008e24        0x4 c:/st/stm32cubeide_1.1.0/stm32cubeide/plugins/com.st.stm32cube.ide.mcu.externaltools.gnu-tools-for-stm32.7-2018-q2-update.win32_1.0.0.201904181610/tools/bin/../lib/gcc/arm-none-eabi/7.3.1/thumb/v7e-m/fpv4-sp/hard/crti.o
                0x0000000008008e24                _fini
 .fini          0x0000000008008e28        0x8 c:/st/stm32cubeide_1.1.0/stm32cubeide/plugins/com.st.stm32cube.ide.mcu.externaltools.gnu-tools-for-stm32.7-2018-q2-update.win32_1.0.0.201904181610/tools/bin/../lib/gcc/arm-none-eabi/7.3.1/thumb/v7e-m/fpv4-sp/hard/crtn.o
                0x0000000008008e30                . = ALIGN (0x4)
                0x0000000008008e30                _etext = .

.vfp11_veneer   0x0000000008008e30        0x0
 .vfp11_veneer  0x0000000008008e30        0x0 linker stubs

.v4_bx          0x0000000008008e30        0x0
 .v4_bx         0x0000000008008e30        0x0 linker stubs

.iplt           0x0000000008008e30        0x0
 .iplt          0x0000000008008e30        0x0 c:/st/stm32cubeide_1.1.0/stm32cubeide/plugins/com.st.stm32cube.ide.mcu.externaltools.gnu-tools-for-stm32.7-2018-q2-update.win32_1.0.0.201904181610/tools/bin/../lib/gcc/arm-none-eabi/7.3.1/thumb/v7e-m/fpv4-sp/hard/crtbegin.o

.rodata         0x0000000008008e30      0x154
                0x0000000008008e30                . = ALIGN (0x4)
 *(.rodata)
 .rodata        0x0000000008008e30       0x2c Drivers/STM32WBxx_HAL_Driver/Src/stm32wbxx_hal_rcc.o
 .rodata        0x0000000008008e5c       0x10 Drivers/STM32WBxx_HAL_Driver/Src/stm32wbxx_hal_uart_ex.o
 .rodata        0x0000000008008e6c       0x38 STM32_WPAN/App/app_ble.o
 *(.rodata*)
 .rodata.AHBPrescTable
                0x0000000008008ea4       0x40 Core/Src/system_stm32wbxx.o
                0x0000000008008ea4                AHBPrescTable
 .rodata.APBPrescTable
                0x0000000008008ee4       0x20 Core/Src/system_stm32wbxx.o
                0x0000000008008ee4                APBPrescTable
 .rodata.MSIRangeTable
                0x0000000008008f04       0x40 Core/Src/system_stm32wbxx.o
                0x0000000008008f04                MSIRangeTable
 .rodata.M_bd_addr
                0x0000000008008f44        0x6 STM32_WPAN/App/app_ble.o
 *fill*         0x0000000008008f4a        0x2 
 .rodata.BLE_CFG_IR_VALUE
                0x0000000008008f4c       0x10 STM32_WPAN/App/app_ble.o
 .rodata.BLE_CFG_ER_VALUE
                0x0000000008008f5c       0x10 STM32_WPAN/App/app_ble.o
 .rodata.local_name
                0x0000000008008f6c        0x6 STM32_WPAN/App/app_ble.o
 *fill*         0x0000000008008f72        0x2 
 .rodata.clz_table_4bit
                0x0000000008008f74       0x10 Utilities/sequencer/stm32_seq.o
                0x0000000008008f84                . = ALIGN (0x4)

.ARM.extab
 *(.ARM.extab* .gnu.linkonce.armextab.*)

.ARM            0x0000000008008f84        0x8
                0x0000000008008f84                __exidx_start = .
 *(.ARM.exidx*)
 .ARM.exidx     0x0000000008008f84        0x8 c:/st/stm32cubeide_1.1.0/stm32cubeide/plugins/com.st.stm32cube.ide.mcu.externaltools.gnu-tools-for-stm32.7-2018-q2-update.win32_1.0.0.201904181610/tools/bin/../lib/gcc/arm-none-eabi/7.3.1/thumb/v7e-m/fpv4-sp/hard\libgcc.a(_udivmoddi4.o)
                0x0000000008008f8c                __exidx_end = .

.rel.dyn        0x0000000008008f8c        0x0
 .rel.iplt      0x0000000008008f8c        0x0 c:/st/stm32cubeide_1.1.0/stm32cubeide/plugins/com.st.stm32cube.ide.mcu.externaltools.gnu-tools-for-stm32.7-2018-q2-update.win32_1.0.0.201904181610/tools/bin/../lib/gcc/arm-none-eabi/7.3.1/thumb/v7e-m/fpv4-sp/hard/crtbegin.o

.preinit_array  0x0000000008008f8c        0x0
                0x0000000008008f8c                PROVIDE (__preinit_array_start = .)
 *(.preinit_array*)
                0x0000000008008f8c                PROVIDE (__preinit_array_end = .)

.init_array     0x0000000008008f8c        0x4
                0x0000000008008f8c                PROVIDE (__init_array_start = .)
 *(SORT_BY_NAME(.init_array.*))
 *(.init_array*)
 .init_array    0x0000000008008f8c        0x4 c:/st/stm32cubeide_1.1.0/stm32cubeide/plugins/com.st.stm32cube.ide.mcu.externaltools.gnu-tools-for-stm32.7-2018-q2-update.win32_1.0.0.201904181610/tools/bin/../lib/gcc/arm-none-eabi/7.3.1/thumb/v7e-m/fpv4-sp/hard/crtbegin.o
                0x0000000008008f90                PROVIDE (__init_array_end = .)

.fini_array     0x0000000008008f90        0x4
                [!provide]                        PROVIDE (__fini_array_start = .)
 *(SORT_BY_NAME(.fini_array.*))
 *(.fini_array*)
 .fini_array    0x0000000008008f90        0x4 c:/st/stm32cubeide_1.1.0/stm32cubeide/plugins/com.st.stm32cube.ide.mcu.externaltools.gnu-tools-for-stm32.7-2018-q2-update.win32_1.0.0.201904181610/tools/bin/../lib/gcc/arm-none-eabi/7.3.1/thumb/v7e-m/fpv4-sp/hard/crtbegin.o
                [!provide]                        PROVIDE (__fini_array_end = .)
                0x0000000008008f94                _sidata = LOADADDR (.data)

.data           0x0000000020000004       0x24 load address 0x0000000008008f94
                0x0000000020000004                . = ALIGN (0x4)
                0x0000000020000004                _sdata = .
 *(.data)
 *(.data*)
 .data.SystemCoreClock
                0x0000000020000004        0x4 Core/Src/system_stm32wbxx.o
                0x0000000020000004                SystemCoreClock
 .data.uwTickPrio
                0x0000000020000008        0x4 Drivers/STM32WBxx_HAL_Driver/Src/stm32wbxx_hal.o
                0x0000000020000008                uwTickPrio
 .data.uwTickFreq
                0x000000002000000c        0x4 Drivers/STM32WBxx_HAL_Driver/Src/stm32wbxx_hal.o
                0x000000002000000c                uwTickFreq
 .data.manuf_data
                0x0000000020000010        0xe STM32_WPAN/App/app_ble.o
                0x0000000020000010                manuf_data
 *fill*         0x000000002000001e        0x2 
 .data.TaskMask
                0x0000000020000020        0x4 Utilities/sequencer/stm32_seq.o
 .data.SuperMask
                0x0000000020000024        0x4 Utilities/sequencer/stm32_seq.o
                0x0000000020000028                . = ALIGN (0x4)
                0x0000000020000028                _edata = .

.igot.plt       0x0000000020000028        0x0 load address 0x0000000008008fb8
 .igot.plt      0x0000000020000028        0x0 c:/st/stm32cubeide_1.1.0/stm32cubeide/plugins/com.st.stm32cube.ide.mcu.externaltools.gnu-tools-for-stm32.7-2018-q2-update.win32_1.0.0.201904181610/tools/bin/../lib/gcc/arm-none-eabi/7.3.1/thumb/v7e-m/fpv4-sp/hard/crtbegin.o

TIMERSERVER_CONTEXT
                0x0000000020000028       0x99 load address 0x0000000008008fb8
 TIMERSERVER_CONTEXT
                0x0000000020000028       0x99 Core/Src/hw_timerserver.o

BLE_DRIVER_CONTEXT
                0x00000000200000c4       0x3d load address 0x0000000008009051
 BLE_DRIVER_CONTEXT
                0x00000000200000c4        0x6 Middlewares/ST/STM32_WPAN/ble/svc/Src/p2p_stm.o
 *fill*         0x00000000200000ca        0x2 
 BLE_DRIVER_CONTEXT
                0x00000000200000cc       0x21 Middlewares/ST/STM32_WPAN/ble/svc/Src/svc_ctl.o
                0x00000000200000cc                SVCCTL_EvtHandler
                0x00000000200000ec                SVCCTL_CltHandler
 *fill*         0x00000000200000ed        0x3 
 BLE_DRIVER_CONTEXT
                0x00000000200000f0       0x11 Middlewares/ST/STM32_WPAN/interface/patterns/ble_thread/tl/hci_tl.o
                0x0000000020000100                UserEventFlow

SYSTEM_DRIVER_CONTEXT
                0x0000000020000104       0x11 load address 0x000000000800908e
 SYSTEM_DRIVER_CONTEXT
                0x0000000020000104       0x11 Middlewares/ST/STM32_WPAN/interface/patterns/ble_thread/tl/shci_tl.o
                0x0000000020000114                SHCI_TL_UserEventFlow

BLE_APP_CONTEXT
                0x0000000020000118       0x98 load address 0x000000000800909f
 BLE_APP_CONTEXT
                0x0000000020000118       0x98 STM32_WPAN/App/app_ble.o
                0x00000000200001b0                . = ALIGN (0x4)

.bss            0x00000000200001b0      0x474 load address 0x0000000008009137
                0x00000000200001b0                _sbss = .
                0x00000000200001b0                __bss_start__ = _sbss
 *(.bss)
 .bss           0x00000000200001b0       0x1c c:/st/stm32cubeide_1.1.0/stm32cubeide/plugins/com.st.stm32cube.ide.mcu.externaltools.gnu-tools-for-stm32.7-2018-q2-update.win32_1.0.0.201904181610/tools/bin/../lib/gcc/arm-none-eabi/7.3.1/thumb/v7e-m/fpv4-sp/hard/crtbegin.o
 *(.bss*)
 .bss.phrtc     0x00000000200001cc        0x4 Core/Src/hw_timerserver.o
 .bss.WakeupTimerDivider
                0x00000000200001d0        0x1 Core/Src/hw_timerserver.o
 .bss.AsynchPrescalerUserConfig
                0x00000000200001d1        0x1 Core/Src/hw_timerserver.o
 .bss.SynchPrescalerUserConfig
                0x00000000200001d2        0x2 Core/Src/hw_timerserver.o
 .bss.MaxWakeupTimerSetup
                0x00000000200001d4        0x2 Core/Src/hw_timerserver.o
 *fill*         0x00000000200001d6        0x2 
 .bss.hciContext
                0x00000000200001d8       0x20 Middlewares/ST/STM32_WPAN/interface/patterns/ble_thread/tl/hci_tl.o
 .bss.HciCmdEventQueue
                0x00000000200001f8        0x8 Middlewares/ST/STM32_WPAN/interface/patterns/ble_thread/tl/hci_tl.o
 .bss.StatusNotCallBackFunction
                0x0000000020000200        0x4 Middlewares/ST/STM32_WPAN/interface/patterns/ble_thread/tl/hci_tl.o
 .bss.shciContext
                0x0000000020000204       0x20 Middlewares/ST/STM32_WPAN/interface/patterns/ble_thread/tl/shci_tl.o
 .bss.StatusNotCallBackFunction
                0x0000000020000224        0x4 Middlewares/ST/STM32_WPAN/interface/patterns/ble_thread/tl/shci_tl.o
 .bss.LocalFreeBufQueue
                0x0000000020000228        0x8 Middlewares/ST/STM32_WPAN/interface/patterns/ble_thread/tl/tl_mbox.o
 .bss.BLE_IoBusEvtCallBackFunction
                0x0000000020000230        0x4 Middlewares/ST/STM32_WPAN/interface/patterns/ble_thread/tl/tl_mbox.o
 .bss.BLE_IoBusAclDataTxAck
                0x0000000020000234        0x4 Middlewares/ST/STM32_WPAN/interface/patterns/ble_thread/tl/tl_mbox.o
 .bss.SYS_CMD_IoBusCallBackFunction
                0x0000000020000238        0x4 Middlewares/ST/STM32_WPAN/interface/patterns/ble_thread/tl/tl_mbox.o
 .bss.SYS_EVT_IoBusCallBackFunction
                0x000000002000023c        0x4 Middlewares/ST/STM32_WPAN/interface/patterns/ble_thread/tl/tl_mbox.o
 .bss.p_mem_manager_table.7965
                0x0000000020000240        0x4 Middlewares/ST/STM32_WPAN/interface/patterns/ble_thread/tl/tl_mbox.o
 .bss.bd_addr_udn
                0x0000000020000244        0x6 STM32_WPAN/App/app_ble.o
 *fill*         0x000000002000024a        0x2 
 .bss.FreeBufCb
                0x000000002000024c        0x4 STM32_WPAN/Target/hw_ipcc.o
 .bss.StopModeDisable
                0x0000000020000250        0x4 Utilities/lpm/tiny_lpm/stm32_lpm.o
 .bss.OffModeDisable
                0x0000000020000254        0x4 Utilities/lpm/tiny_lpm/stm32_lpm.o
 .bss.TaskSet   0x0000000020000258        0x4 Utilities/sequencer/stm32_seq.o
 .bss.EvtSet    0x000000002000025c        0x4 Utilities/sequencer/stm32_seq.o
 .bss.EvtWaited
                0x0000000020000260        0x4 Utilities/sequencer/stm32_seq.o
 .bss.CurrentTaskIdx
                0x0000000020000264        0x4 Utilities/sequencer/stm32_seq.o
 .bss.TaskCb    0x0000000020000268       0x80 Utilities/sequencer/stm32_seq.o
 .bss.TaskPrio  0x00000000200002e8       0x10 Utilities/sequencer/stm32_seq.o
 *(COMMON)
 COMMON         0x00000000200002f8      0x324 Core/Src/main.o
                0x00000000200002f8                huart1
                0x0000000020000384                hrtc
                0x00000000200003a8                hpcd_USB_FS
 COMMON         0x000000002000061c        0x4 Drivers/STM32WBxx_HAL_Driver/Src/stm32wbxx_hal.o
                0x000000002000061c                uwTick
 COMMON         0x0000000020000620        0x4 STM32_WPAN/App/app_ble.o
                0x0000000020000620                handleNotification
                0x0000000020000624                . = ALIGN (0x4)
                0x0000000020000624                _ebss = .
                0x0000000020000624                __bss_end__ = _ebss

._user_heap_stack
                0x0000000020000624      0x604 load address 0x0000000008009137
                0x0000000020000628                . = ALIGN (0x8)
 *fill*         0x0000000020000624        0x4 
                0x0000000020000628                PROVIDE (end = .)
                [!provide]                        PROVIDE (_end = .)
                0x0000000020000828                . = (. + _Min_Heap_Size)
 *fill*         0x0000000020000628      0x200 
                0x0000000020000c28                . = (. + _Min_Stack_Size)
 *fill*         0x0000000020000828      0x400 
                0x0000000020000c28                . = ALIGN (0x8)

/DISCARD/
 libc.a(*)
 libm.a(*)
 libgcc.a(*)

.ARM.attributes
                0x0000000000000000       0x30
 *(.ARM.attributes)
 .ARM.attributes
                0x0000000000000000       0x22 c:/st/stm32cubeide_1.1.0/stm32cubeide/plugins/com.st.stm32cube.ide.mcu.externaltools.gnu-tools-for-stm32.7-2018-q2-update.win32_1.0.0.201904181610/tools/bin/../lib/gcc/arm-none-eabi/7.3.1/thumb/v7e-m/fpv4-sp/hard/crti.o
 .ARM.attributes
                0x0000000000000022       0x34 c:/st/stm32cubeide_1.1.0/stm32cubeide/plugins/com.st.stm32cube.ide.mcu.externaltools.gnu-tools-for-stm32.7-2018-q2-update.win32_1.0.0.201904181610/tools/bin/../lib/gcc/arm-none-eabi/7.3.1/thumb/v7e-m/fpv4-sp/hard/crtbegin.o
 .ARM.attributes
                0x0000000000000056       0x39 Core/Src/app_entry.o
 .ARM.attributes
                0x000000000000008f       0x39 Core/Src/hw_timerserver.o
 .ARM.attributes
                0x00000000000000c8       0x39 Core/Src/main.o
 .ARM.attributes
                0x0000000000000101       0x39 Core/Src/stm32wbxx_hal_msp.o
 .ARM.attributes
                0x000000000000013a       0x39 Core/Src/stm32wbxx_it.o
 .ARM.attributes
                0x0000000000000173       0x39 Core/Src/system_stm32wbxx.o
 .ARM.attributes
                0x00000000000001ac       0x21 Core/Startup/startup_stm32wb55rgvx.o
 .ARM.attributes
                0x00000000000001cd       0x39 Drivers/STM32WBxx_HAL_Driver/Src/stm32wbxx_hal.o
 .ARM.attributes
                0x0000000000000206       0x39 Drivers/STM32WBxx_HAL_Driver/Src/stm32wbxx_hal_cortex.o
 .ARM.attributes
                0x000000000000023f       0x39 Drivers/STM32WBxx_HAL_Driver/Src/stm32wbxx_hal_dma.o
 .ARM.attributes
                0x0000000000000278       0x39 Drivers/STM32WBxx_HAL_Driver/Src/stm32wbxx_hal_gpio.o
 .ARM.attributes
                0x00000000000002b1       0x39 Drivers/STM32WBxx_HAL_Driver/Src/stm32wbxx_hal_pcd.o
 .ARM.attributes
                0x00000000000002ea       0x39 Drivers/STM32WBxx_HAL_Driver/Src/stm32wbxx_hal_pcd_ex.o
 .ARM.attributes
                0x0000000000000323       0x39 Drivers/STM32WBxx_HAL_Driver/Src/stm32wbxx_hal_pwr.o
 .ARM.attributes
                0x000000000000035c       0x39 Drivers/STM32WBxx_HAL_Driver/Src/stm32wbxx_hal_pwr_ex.o
 .ARM.attributes
                0x0000000000000395       0x39 Drivers/STM32WBxx_HAL_Driver/Src/stm32wbxx_hal_rcc.o
 .ARM.attributes
                0x00000000000003ce       0x39 Drivers/STM32WBxx_HAL_Driver/Src/stm32wbxx_hal_rcc_ex.o
 .ARM.attributes
                0x0000000000000407       0x39 Drivers/STM32WBxx_HAL_Driver/Src/stm32wbxx_hal_rtc.o
 .ARM.attributes
                0x0000000000000440       0x39 Drivers/STM32WBxx_HAL_Driver/Src/stm32wbxx_hal_rtc_ex.o
 .ARM.attributes
                0x0000000000000479       0x39 Drivers/STM32WBxx_HAL_Driver/Src/stm32wbxx_hal_uart.o
 .ARM.attributes
                0x00000000000004b2       0x39 Drivers/STM32WBxx_HAL_Driver/Src/stm32wbxx_hal_uart_ex.o
 .ARM.attributes
                0x00000000000004eb       0x39 Drivers/STM32WBxx_HAL_Driver/Src/stm32wbxx_ll_usb.o
 .ARM.attributes
                0x0000000000000524       0x39 Middlewares/ST/STM32_WPAN/ble/core/auto/ble_gap_aci.o
 .ARM.attributes
                0x000000000000055d       0x39 Middlewares/ST/STM32_WPAN/ble/core/auto/ble_gatt_aci.o
 .ARM.attributes
                0x0000000000000596       0x39 Middlewares/ST/STM32_WPAN/ble/core/auto/ble_hal_aci.o
 .ARM.attributes
                0x00000000000005cf       0x39 Middlewares/ST/STM32_WPAN/ble/core/auto/ble_hci_le.o
 .ARM.attributes
                0x0000000000000608       0x39 Middlewares/ST/STM32_WPAN/ble/core/template/osal.o
 .ARM.attributes
                0x0000000000000641       0x39 Middlewares/ST/STM32_WPAN/ble/svc/Src/p2p_stm.o
 .ARM.attributes
                0x000000000000067a       0x39 Middlewares/ST/STM32_WPAN/ble/svc/Src/svc_ctl.o
 .ARM.attributes
                0x00000000000006b3       0x39 Middlewares/ST/STM32_WPAN/interface/patterns/ble_thread/shci/shci.o
 .ARM.attributes
                0x00000000000006ec       0x39 Middlewares/ST/STM32_WPAN/interface/patterns/ble_thread/tl/hci_tl.o
 .ARM.attributes
                0x0000000000000725       0x39 Middlewares/ST/STM32_WPAN/interface/patterns/ble_thread/tl/hci_tl_if.o
 .ARM.attributes
                0x000000000000075e       0x39 Middlewares/ST/STM32_WPAN/interface/patterns/ble_thread/tl/shci_tl.o
 .ARM.attributes
                0x0000000000000797       0x39 Middlewares/ST/STM32_WPAN/interface/patterns/ble_thread/tl/shci_tl_if.o
 .ARM.attributes
                0x00000000000007d0       0x39 Middlewares/ST/STM32_WPAN/interface/patterns/ble_thread/tl/tl_mbox.o
 .ARM.attributes
                0x0000000000000809       0x39 Middlewares/ST/STM32_WPAN/utilities/otp.o
 .ARM.attributes
                0x0000000000000842       0x39 Middlewares/ST/STM32_WPAN/utilities/stm_list.o
 .ARM.attributes
                0x000000000000087b       0x39 STM32_WPAN/App/app_ble.o
 .ARM.attributes
                0x00000000000008b4       0x39 STM32_WPAN/App/p2p_server_app.o
 .ARM.attributes
                0x00000000000008ed       0x39 STM32_WPAN/Target/hw_ipcc.o
 .ARM.attributes
                0x0000000000000926       0x39 Utilities/lpm/tiny_lpm/stm32_lpm.o
 .ARM.attributes
                0x000000000000095f       0x39 Utilities/sequencer/stm32_seq.o
 .ARM.attributes
                0x0000000000000998       0x34 c:/st/stm32cubeide_1.1.0/stm32cubeide/plugins/com.st.stm32cube.ide.mcu.externaltools.gnu-tools-for-stm32.7-2018-q2-update.win32_1.0.0.201904181610/tools/bin/../lib/gcc/arm-none-eabi/7.3.1/../../../../arm-none-eabi/lib/thumb/v7e-m/fpv4-sp/hard\libc_nano.a(lib_a-init.o)
 .ARM.attributes
                0x00000000000009cc       0x34 c:/st/stm32cubeide_1.1.0/stm32cubeide/plugins/com.st.stm32cube.ide.mcu.externaltools.gnu-tools-for-stm32.7-2018-q2-update.win32_1.0.0.201904181610/tools/bin/../lib/gcc/arm-none-eabi/7.3.1/../../../../arm-none-eabi/lib/thumb/v7e-m/fpv4-sp/hard\libc_nano.a(lib_a-memcpy-stub.o)
 .ARM.attributes
                0x0000000000000a00       0x34 c:/st/stm32cubeide_1.1.0/stm32cubeide/plugins/com.st.stm32cube.ide.mcu.externaltools.gnu-tools-for-stm32.7-2018-q2-update.win32_1.0.0.201904181610/tools/bin/../lib/gcc/arm-none-eabi/7.3.1/../../../../arm-none-eabi/lib/thumb/v7e-m/fpv4-sp/hard\libc_nano.a(lib_a-memset.o)
 .ARM.attributes
                0x0000000000000a34       0x1b c:/st/stm32cubeide_1.1.0/stm32cubeide/plugins/com.st.stm32cube.ide.mcu.externaltools.gnu-tools-for-stm32.7-2018-q2-update.win32_1.0.0.201904181610/tools/bin/../lib/gcc/arm-none-eabi/7.3.1/../../../../arm-none-eabi/lib/thumb/v7e-m/fpv4-sp/hard\libc_nano.a(lib_a-strlen.o)
 .ARM.attributes
                0x0000000000000a4f       0x22 c:/st/stm32cubeide_1.1.0/stm32cubeide/plugins/com.st.stm32cube.ide.mcu.externaltools.gnu-tools-for-stm32.7-2018-q2-update.win32_1.0.0.201904181610/tools/bin/../lib/gcc/arm-none-eabi/7.3.1/thumb/v7e-m/fpv4-sp/hard\libgcc.a(_aeabi_uldivmod.o)
 .ARM.attributes
                0x0000000000000a71       0x34 c:/st/stm32cubeide_1.1.0/stm32cubeide/plugins/com.st.stm32cube.ide.mcu.externaltools.gnu-tools-for-stm32.7-2018-q2-update.win32_1.0.0.201904181610/tools/bin/../lib/gcc/arm-none-eabi/7.3.1/thumb/v7e-m/fpv4-sp/hard\libgcc.a(_udivmoddi4.o)
 .ARM.attributes
                0x0000000000000aa5       0x22 c:/st/stm32cubeide_1.1.0/stm32cubeide/plugins/com.st.stm32cube.ide.mcu.externaltools.gnu-tools-for-stm32.7-2018-q2-update.win32_1.0.0.201904181610/tools/bin/../lib/gcc/arm-none-eabi/7.3.1/thumb/v7e-m/fpv4-sp/hard\libgcc.a(_dvmd_tls.o)
 .ARM.attributes
                0x0000000000000ac7       0x22 c:/st/stm32cubeide_1.1.0/stm32cubeide/plugins/com.st.stm32cube.ide.mcu.externaltools.gnu-tools-for-stm32.7-2018-q2-update.win32_1.0.0.201904181610/tools/bin/../lib/gcc/arm-none-eabi/7.3.1/thumb/v7e-m/fpv4-sp/hard/crtn.o

MAPPING_TABLE   0x0000000020030000       0x24
 *(MAPPING_TABLE)
 MAPPING_TABLE  0x0000000020030000       0x24 Middlewares/ST/STM32_WPAN/interface/patterns/ble_thread/tl/tl_mbox.o

MB_MEM1         0x0000000020030024      0x19f
 *(MB_MEM1)
 MB_MEM1        0x0000000020030024       0x94 Middlewares/ST/STM32_WPAN/interface/patterns/ble_thread/tl/tl_mbox.o
 MB_MEM1        0x00000000200300b8      0x10b STM32_WPAN/App/app_ble.o

MB_MEM2         0x00000000200301c4      0x880
                0x00000000200301c4                _sMB_MEM2 = .
 *(MB_MEM2)
 MB_MEM2        0x00000000200301c4      0x85e Core/Src/app_entry.o
 *fill*         0x0000000020030a22        0x2 
 MB_MEM2        0x0000000020030a24       0x20 Middlewares/ST/STM32_WPAN/interface/patterns/ble_thread/tl/tl_mbox.o
                0x0000000020030a44                _eMB_MEM2 = .
OUTPUT(tgr2020_handson4.elf elf32-littlearm)

.debug_info     0x0000000000000000    0x3266b
 .debug_info    0x0000000000000000     0x17da Core/Src/app_entry.o
 .debug_info    0x00000000000017da     0x1a9e Core/Src/hw_timerserver.o
 .debug_info    0x0000000000003278     0x23e9 Core/Src/main.o
 .debug_info    0x0000000000005661     0x17f7 Core/Src/stm32wbxx_hal_msp.o
 .debug_info    0x0000000000006e58      0xc38 Core/Src/stm32wbxx_it.o
 .debug_info    0x0000000000007a90      0x7b4 Core/Src/system_stm32wbxx.o
 .debug_info    0x0000000000008244       0x22 Core/Startup/startup_stm32wb55rgvx.o
 .debug_info    0x0000000000008266     0x12f3 Drivers/STM32WBxx_HAL_Driver/Src/stm32wbxx_hal.o
 .debug_info    0x0000000000009559      0xde3 Drivers/STM32WBxx_HAL_Driver/Src/stm32wbxx_hal_cortex.o
 .debug_info    0x000000000000a33c      0x978 Drivers/STM32WBxx_HAL_Driver/Src/stm32wbxx_hal_dma.o
 .debug_info    0x000000000000acb4      0x7d5 Drivers/STM32WBxx_HAL_Driver/Src/stm32wbxx_hal_gpio.o
 .debug_info    0x000000000000b489      0xef6 Drivers/STM32WBxx_HAL_Driver/Src/stm32wbxx_hal_pcd.o
 .debug_info    0x000000000000c37f      0x90f Drivers/STM32WBxx_HAL_Driver/Src/stm32wbxx_hal_pcd_ex.o
 .debug_info    0x000000000000cc8e      0x9db Drivers/STM32WBxx_HAL_Driver/Src/stm32wbxx_hal_pwr.o
 .debug_info    0x000000000000d669     0x112d Drivers/STM32WBxx_HAL_Driver/Src/stm32wbxx_hal_pwr_ex.o
 .debug_info    0x000000000000e796     0x1548 Drivers/STM32WBxx_HAL_Driver/Src/stm32wbxx_hal_rcc.o
 .debug_info    0x000000000000fcde     0x1c98 Drivers/STM32WBxx_HAL_Driver/Src/stm32wbxx_hal_rcc_ex.o
 .debug_info    0x0000000000011976      0xd58 Drivers/STM32WBxx_HAL_Driver/Src/stm32wbxx_hal_rtc.o
 .debug_info    0x00000000000126ce     0x10ef Drivers/STM32WBxx_HAL_Driver/Src/stm32wbxx_hal_rtc_ex.o
 .debug_info    0x00000000000137bd     0x1b95 Drivers/STM32WBxx_HAL_Driver/Src/stm32wbxx_hal_uart.o
 .debug_info    0x0000000000015352      0xc2e Drivers/STM32WBxx_HAL_Driver/Src/stm32wbxx_hal_uart_ex.o
 .debug_info    0x0000000000015f80     0x15bc Drivers/STM32WBxx_HAL_Driver/Src/stm32wbxx_ll_usb.o
 .debug_info    0x000000000001753c     0x3389 Middlewares/ST/STM32_WPAN/ble/core/auto/ble_gap_aci.o
 .debug_info    0x000000000001a8c5     0x3718 Middlewares/ST/STM32_WPAN/ble/core/auto/ble_gatt_aci.o
 .debug_info    0x000000000001dfdd     0x14b9 Middlewares/ST/STM32_WPAN/ble/core/auto/ble_hal_aci.o
 .debug_info    0x000000000001f496     0x371e Middlewares/ST/STM32_WPAN/ble/core/auto/ble_hci_le.o
 .debug_info    0x0000000000022bb4      0x956 Middlewares/ST/STM32_WPAN/ble/core/template/osal.o
 .debug_info    0x000000000002350a      0xea6 Middlewares/ST/STM32_WPAN/ble/svc/Src/p2p_stm.o
 .debug_info    0x00000000000243b0      0xe91 Middlewares/ST/STM32_WPAN/ble/svc/Src/svc_ctl.o