Archive member included to satisfy reference by file (symbol)

c:/st/stm32cubeide_1.1.0/stm32cubeide/plugins/com.st.stm32cube.ide.mcu.externaltools.gnu-tools-for-stm32.7-2018-q2-update.win32_1.0.0.201904181610/tools/bin/../lib/gcc/arm-none-eabi/7.3.1/../../../../arm-none-eabi/lib/thumb/v7e-m/fpv4-sp/hard\libc_nano.a(lib_a-errno.o)
                              Core/Src/syscalls.o (__errno)
c:/st/stm32cubeide_1.1.0/stm32cubeide/plugins/com.st.stm32cube.ide.mcu.externaltools.gnu-tools-for-stm32.7-2018-q2-update.win32_1.0.0.201904181610/tools/bin/../lib/gcc/arm-none-eabi/7.3.1/../../../../arm-none-eabi/lib/thumb/v7e-m/fpv4-sp/hard\libc_nano.a(lib_a-exit.o)
                              c:/st/stm32cubeide_1.1.0/stm32cubeide/plugins/com.st.stm32cube.ide.mcu.externaltools.gnu-tools-for-stm32.7-2018-q2-update.win32_1.0.0.201904181610/tools/bin/../lib/gcc/arm-none-eabi/7.3.1/../../../../arm-none-eabi/lib/thumb/v7e-m/fpv4-sp/hard/crt0.o (exit)
c:/st/stm32cubeide_1.1.0/stm32cubeide/plugins/com.st.stm32cube.ide.mcu.externaltools.gnu-tools-for-stm32.7-2018-q2-update.win32_1.0.0.201904181610/tools/bin/../lib/gcc/arm-none-eabi/7.3.1/../../../../arm-none-eabi/lib/thumb/v7e-m/fpv4-sp/hard\libc_nano.a(lib_a-impure.o)
                              c:/st/stm32cubeide_1.1.0/stm32cubeide/plugins/com.st.stm32cube.ide.mcu.externaltools.gnu-tools-for-stm32.7-2018-q2-update.win32_1.0.0.201904181610/tools/bin/../lib/gcc/arm-none-eabi/7.3.1/../../../../arm-none-eabi/lib/thumb/v7e-m/fpv4-sp/hard\libc_nano.a(lib_a-exit.o) (_global_impure_ptr)
c:/st/stm32cubeide_1.1.0/stm32cubeide/plugins/com.st.stm32cube.ide.mcu.externaltools.gnu-tools-for-stm32.7-2018-q2-update.win32_1.0.0.201904181610/tools/bin/../lib/gcc/arm-none-eabi/7.3.1/../../../../arm-none-eabi/lib/thumb/v7e-m/fpv4-sp/hard\libc_nano.a(lib_a-init.o)
                              c:/st/stm32cubeide_1.1.0/stm32cubeide/plugins/com.st.stm32cube.ide.mcu.externaltools.gnu-tools-for-stm32.7-2018-q2-update.win32_1.0.0.201904181610/tools/bin/../lib/gcc/arm-none-eabi/7.3.1/../../../../arm-none-eabi/lib/thumb/v7e-m/fpv4-sp/hard/crt0.o (__libc_init_array)
c:/st/stm32cubeide_1.1.0/stm32cubeide/plugins/com.st.stm32cube.ide.mcu.externaltools.gnu-tools-for-stm32.7-2018-q2-update.win32_1.0.0.201904181610/tools/bin/../lib/gcc/arm-none-eabi/7.3.1/../../../../arm-none-eabi/lib/thumb/v7e-m/fpv4-sp/hard\libc_nano.a(lib_a-memcmp.o)
                              Middlewares/ST/STM32_WPAN/ble/core/template/osal.o (memcmp)
c:/st/stm32cubeide_1.1.0/stm32cubeide/plugins/com.st.stm32cube.ide.mcu.externaltools.gnu-tools-for-stm32.7-2018-q2-update.win32_1.0.0.201904181610/tools/bin/../lib/gcc/arm-none-eabi/7.3.1/../../../../arm-none-eabi/lib/thumb/v7e-m/fpv4-sp/hard\libc_nano.a(lib_a-memcpy-stub.o)
                              Middlewares/ST/STM32_WPAN/ble/core/template/osal.o (memcpy)
c:/st/stm32cubeide_1.1.0/stm32cubeide/plugins/com.st.stm32cube.ide.mcu.externaltools.gnu-tools-for-stm32.7-2018-q2-update.win32_1.0.0.201904181610/tools/bin/../lib/gcc/arm-none-eabi/7.3.1/../../../../arm-none-eabi/lib/thumb/v7e-m/fpv4-sp/hard\libc_nano.a(lib_a-memset.o)
                              c:/st/stm32cubeide_1.1.0/stm32cubeide/plugins/com.st.stm32cube.ide.mcu.externaltools.gnu-tools-for-stm32.7-2018-q2-update.win32_1.0.0.201904181610/tools/bin/../lib/gcc/arm-none-eabi/7.3.1/../../../../arm-none-eabi/lib/thumb/v7e-m/fpv4-sp/hard/crt0.o (memset)
c:/st/stm32cubeide_1.1.0/stm32cubeide/plugins/com.st.stm32cube.ide.mcu.externaltools.gnu-tools-for-stm32.7-2018-q2-update.win32_1.0.0.201904181610/tools/bin/../lib/gcc/arm-none-eabi/7.3.1/../../../../arm-none-eabi/lib/thumb/v7e-m/fpv4-sp/hard\libc_nano.a(lib_a-printf.o)
                              Middlewares/ST/STM32_WPAN/utilities/dbg_trace.o (printf)
c:/st/stm32cubeide_1.1.0/stm32cubeide/plugins/com.st.stm32cube.ide.mcu.externaltools.gnu-tools-for-stm32.7-2018-q2-update.win32_1.0.0.201904181610/tools/bin/../lib/gcc/arm-none-eabi/7.3.1/../../../../arm-none-eabi/lib/thumb/v7e-m/fpv4-sp/hard\libc_nano.a(lib_a-strlen.o)
                              STM32_WPAN/App/app_ble.o (strlen)
c:/st/stm32cubeide_1.1.0/stm32cubeide/plugins/com.st.stm32cube.ide.mcu.externaltools.gnu-tools-for-stm32.7-2018-q2-update.win32_1.0.0.201904181610/tools/bin/../lib/gcc/arm-none-eabi/7.3.1/../../../../arm-none-eabi/lib/thumb/v7e-m/fpv4-sp/hard\libc_nano.a(lib_a-strrchr.o)
                              Middlewares/ST/STM32_WPAN/utilities/dbg_trace.o (strrchr)
c:/st/stm32cubeide_1.1.0/stm32cubeide/plugins/com.st.stm32cube.ide.mcu.externaltools.gnu-tools-for-stm32.7-2018-q2-update.win32_1.0.0.201904181610/tools/bin/../lib/gcc/arm-none-eabi/7.3.1/../../../../arm-none-eabi/lib/thumb/v7e-m/fpv4-sp/hard\libc_nano.a(lib_a-vprintf.o)
                              Middlewares/ST/STM32_WPAN/utilities/dbg_trace.o (vprintf)
[...]
Memory Configuration

Name             Origin             Length             Attributes
FLASH            0x0000000008000000 0x0000000000080000 xr
RAM1             0x0000000020000004 0x000000000002fffc xrw
RAM_SHARED       0x0000000020030000 0x0000000000002800 xrw
*default*        0x0000000000000000 0xffffffffffffffff

Linker script and memory map

LOAD c:/st/stm32cubeide_1.1.0/stm32cubeide/plugins/com.st.stm32cube.ide.mcu.externaltools.gnu-tools-for-stm32.7-2018-q2-update.win32_1.0.0.201904181610/tools/bin/../lib/gcc/arm-none-eabi/7.3.1/thumb/v7e-m/fpv4-sp/hard/crti.o
LOAD c:/st/stm32cubeide_1.1.0/stm32cubeide/plugins/com.st.stm32cube.ide.mcu.externaltools.gnu-tools-for-stm32.7-2018-q2-update.win32_1.0.0.201904181610/tools/bin/../lib/gcc/arm-none-eabi/7.3.1/thumb/v7e-m/fpv4-sp/hard/crtbegin.o
LOAD c:/st/stm32cubeide_1.1.0/stm32cubeide/plugins/com.st.stm32cube.ide.mcu.externaltools.gnu-tools-for-stm32.7-2018-q2-update.win32_1.0.0.201904181610/tools/bin/../lib/gcc/arm-none-eabi/7.3.1/../../../../arm-none-eabi/lib/thumb/v7e-m/fpv4-sp/hard/crt0.o
LOAD Core/Src/app_entry.o
LOAD Core/Src/hw_timerserver.o
LOAD Core/Src/main.o
LOAD Core/Src/stm32_lpm_if.o
LOAD Core/Src/stm32wbxx_hal_msp.o
LOAD Core/Src/stm32wbxx_it.o
LOAD Core/Src/syscalls.o
LOAD Core/Src/sysmem.o
LOAD Core/Src/system_stm32wbxx.o
LOAD Core/Startup/startup_stm32wb55rgvx.o
LOAD Drivers/STM32WBxx_HAL_Driver/Src/stm32wbxx_hal.o
LOAD Drivers/STM32WBxx_HAL_Driver/Src/stm32wbxx_hal_cortex.o
LOAD Drivers/STM32WBxx_HAL_Driver/Src/stm32wbxx_hal_dma.o
LOAD Drivers/STM32WBxx_HAL_Driver/Src/stm32wbxx_hal_dma_ex.o
LOAD Drivers/STM32WBxx_HAL_Driver/Src/stm32wbxx_hal_exti.o
LOAD Drivers/STM32WBxx_HAL_Driver/Src/stm32wbxx_hal_flash.o
LOAD Drivers/STM32WBxx_HAL_Driver/Src/stm32wbxx_hal_flash_ex.o
LOAD Drivers/STM32WBxx_HAL_Driver/Src/stm32wbxx_hal_gpio.o
LOAD Drivers/STM32WBxx_HAL_Driver/Src/stm32wbxx_hal_hsem.o
LOAD Drivers/STM32WBxx_HAL_Driver/Src/stm32wbxx_hal_pcd.o
LOAD Drivers/STM32WBxx_HAL_Driver/Src/stm32wbxx_hal_pcd_ex.o
LOAD Drivers/STM32WBxx_HAL_Driver/Src/stm32wbxx_hal_pwr.o
LOAD Drivers/STM32WBxx_HAL_Driver/Src/stm32wbxx_hal_pwr_ex.o
LOAD Drivers/STM32WBxx_HAL_Driver/Src/stm32wbxx_hal_rcc.o
LOAD Drivers/STM32WBxx_HAL_Driver/Src/stm32wbxx_hal_rcc_ex.o
LOAD Drivers/STM32WBxx_HAL_Driver/Src/stm32wbxx_hal_rtc.o
LOAD Drivers/STM32WBxx_HAL_Driver/Src/stm32wbxx_hal_rtc_ex.o
LOAD Drivers/STM32WBxx_HAL_Driver/Src/stm32wbxx_hal_tim.o
LOAD Drivers/STM32WBxx_HAL_Driver/Src/stm32wbxx_hal_tim_ex.o
LOAD Drivers/STM32WBxx_HAL_Driver/Src/stm32wbxx_hal_uart.o
LOAD Drivers/STM32WBxx_HAL_Driver/Src/stm32wbxx_hal_uart_ex.o
LOAD Drivers/STM32WBxx_HAL_Driver/Src/stm32wbxx_ll_usb.o
LOAD Middlewares/ST/STM32_WPAN/ble/core/auto/ble_gap_aci.o
LOAD Middlewares/ST/STM32_WPAN/ble/core/auto/ble_gatt_aci.o
LOAD Middlewares/ST/STM32_WPAN/ble/core/auto/ble_hal_aci.o
LOAD Middlewares/ST/STM32_WPAN/ble/core/auto/ble_hci_le.o
LOAD Middlewares/ST/STM32_WPAN/ble/core/auto/ble_l2cap_aci.o
LOAD Middlewares/ST/STM32_WPAN/ble/core/template/osal.o
LOAD Middlewares/ST/STM32_WPAN/ble/svc/Src/p2p_stm.o
LOAD Middlewares/ST/STM32_WPAN/ble/svc/Src/svc_ctl.o
LOAD Middlewares/ST/STM32_WPAN/interface/patterns/ble_thread/shci/shci.o
LOAD Middlewares/ST/STM32_WPAN/interface/patterns/ble_thread/tl/hci_tl.o
LOAD Middlewares/ST/STM32_WPAN/interface/patterns/ble_thread/tl/hci_tl_if.o
LOAD Middlewares/ST/STM32_WPAN/interface/patterns/ble_thread/tl/shci_tl.o
LOAD Middlewares/ST/STM32_WPAN/interface/patterns/ble_thread/tl/shci_tl_if.o
LOAD Middlewares/ST/STM32_WPAN/interface/patterns/ble_thread/tl/tl_mbox.o
LOAD Middlewares/ST/STM32_WPAN/utilities/dbg_trace.o
LOAD Middlewares/ST/STM32_WPAN/utilities/otp.o
LOAD Middlewares/ST/STM32_WPAN/utilities/stm_list.o
LOAD Middlewares/ST/STM32_WPAN/utilities/stm_queue.o
LOAD STM32_WPAN/App/app_ble.o
LOAD STM32_WPAN/App/p2p_server_app.o
LOAD STM32_WPAN/Target/hw_ipcc.o
START GROUP
LOAD c:/st/stm32cubeide_1.1.0/stm32cubeide/plugins/com.st.stm32cube.ide.mcu.externaltools.gnu-tools-for-stm32.7-2018-q2-update.win32_1.0.0.201904181610/tools/bin/../lib/gcc/arm-none-eabi/7.3.1/../../../../arm-none-eabi/lib/thumb/v7e-m/fpv4-sp/hard\libc_nano.a
LOAD c:/st/stm32cubeide_1.1.0/stm32cubeide/plugins/com.st.stm32cube.ide.mcu.externaltools.gnu-tools-for-stm32.7-2018-q2-update.win32_1.0.0.201904181610/tools/bin/../lib/gcc/arm-none-eabi/7.3.1/../../../../arm-none-eabi/lib/thumb/v7e-m/fpv4-sp/hard\libm.a
END GROUP
START GROUP
LOAD c:/st/stm32cubeide_1.1.0/stm32cubeide/plugins/com.st.stm32cube.ide.mcu.externaltools.gnu-tools-for-stm32.7-2018-q2-update.win32_1.0.0.201904181610/tools/bin/../lib/gcc/arm-none-eabi/7.3.1/thumb/v7e-m/fpv4-sp/hard\libgcc.a
LOAD c:/st/stm32cubeide_1.1.0/stm32cubeide/plugins/com.st.stm32cube.ide.mcu.externaltools.gnu-tools-for-stm32.7-2018-q2-update.win32_1.0.0.201904181610/tools/bin/../lib/gcc/arm-none-eabi/7.3.1/../../../../arm-none-eabi/lib/thumb/v7e-m/fpv4-sp/hard\libc_nano.a
END GROUP
START GROUP
LOAD c:/st/stm32cubeide_1.1.0/stm32cubeide/plugins/com.st.stm32cube.ide.mcu.externaltools.gnu-tools-for-stm32.7-2018-q2-update.win32_1.0.0.201904181610/tools/bin/../lib/gcc/arm-none-eabi/7.3.1/thumb/v7e-m/fpv4-sp/hard\libgcc.a
LOAD c:/st/stm32cubeide_1.1.0/stm32cubeide/plugins/com.st.stm32cube.ide.mcu.externaltools.gnu-tools-for-stm32.7-2018-q2-update.win32_1.0.0.201904181610/tools/bin/../lib/gcc/arm-none-eabi/7.3.1/../../../../arm-none-eabi/lib/thumb/v7e-m/fpv4-sp/hard\libc_nano.a
LOAD c:/st/stm32cubeide_1.1.0/stm32cubeide/plugins/com.st.stm32cube.ide.mcu.externaltools.gnu-tools-for-stm32.7-2018-q2-update.win32_1.0.0.201904181610/tools/bin/../lib/gcc/arm-none-eabi/7.3.1/../../../../arm-none-eabi/lib/thumb/v7e-m/fpv4-sp/hard\libnosys.a
END GROUP
START GROUP
LOAD c:/st/stm32cubeide_1.1.0/stm32cubeide/plugins/com.st.stm32cube.ide.mcu.externaltools.gnu-tools-for-stm32.7-2018-q2-update.win32_1.0.0.201904181610/tools/bin/../lib/gcc/arm-none-eabi/7.3.1/thumb/v7e-m/fpv4-sp/hard\libgcc.a
LOAD c:/st/stm32cubeide_1.1.0/stm32cubeide/plugins/com.st.stm32cube.ide.mcu.externaltools.gnu-tools-for-stm32.7-2018-q2-update.win32_1.0.0.201904181610/tools/bin/../lib/gcc/arm-none-eabi/7.3.1/../../../../arm-none-eabi/lib/thumb/v7e-m/fpv4-sp/hard\libc_nano.a
LOAD c:/st/stm32cubeide_1.1.0/stm32cubeide/plugins/com.st.stm32cube.ide.mcu.externaltools.gnu-tools-for-stm32.7-2018-q2-update.win32_1.0.0.201904181610/tools/bin/../lib/gcc/arm-none-eabi/7.3.1/../../../../arm-none-eabi/lib/thumb/v7e-m/fpv4-sp/hard\libnosys.a
END GROUP
LOAD c:/st/stm32cubeide_1.1.0/stm32cubeide/plugins/com.st.stm32cube.ide.mcu.externaltools.gnu-tools-for-stm32.7-2018-q2-update.win32_1.0.0.201904181610/tools/bin/../lib/gcc/arm-none-eabi/7.3.1/thumb/v7e-m/fpv4-sp/hard/crtend.o
LOAD c:/st/stm32cubeide_1.1.0/stm32cubeide/plugins/com.st.stm32cube.ide.mcu.externaltools.gnu-tools-for-stm32.7-2018-q2-update.win32_1.0.0.201904181610/tools/bin/../lib/gcc/arm-none-eabi/7.3.1/thumb/v7e-m/fpv4-sp/hard/crtn.o
                0x0000000020030000                _estack = 0x20030000
                0x0000000000000200                _Min_Heap_Size = 0x200
                0x0000000000000400                _Min_Stack_Size = 0x400

.isr_vector     0x0000000008000000      0x13c
                0x0000000008000000                . = ALIGN (0x4)
 *(.isr_vector)
 .isr_vector    0x0000000008000000      0x13c Core/Startup/startup_stm32wb55rgvx.o
                0x0000000008000000                g_pfnVectors
                0x000000000800013c                . = ALIGN (0x4)

.text           0x0000000008000140     0x84ec
                0x0000000008000140                . = ALIGN (0x4)
 *(.text)
 .text          0x0000000008000140       0x40 c:/st/stm32cubeide_1.1.0/stm32cubeide/plugins/com.st.stm32cube.ide.mcu.externaltools.gnu-tools-for-stm32.7-2018-q2-update.win32_1.0.0.201904181610/tools/bin/../lib/gcc/arm-none-eabi/7.3.1/thumb/v7e-m/fpv4-sp/hard/crtbegin.o
 .text          0x0000000008000180       0x10 c:/st/stm32cubeide_1.1.0/stm32cubeide/plugins/com.st.stm32cube.ide.mcu.externaltools.gnu-tools-for-stm32.7-2018-q2-update.win32_1.0.0.201904181610/tools/bin/../lib/gcc/arm-none-eabi/7.3.1/../../../../arm-none-eabi/lib/thumb/v7e-m/fpv4-sp/hard\libc_nano.a(lib_a-strlen.o)
                0x0000000008000180                strlen
 .text          0x0000000008000190       0x30 c:/st/stm32cubeide_1.1.0/stm32cubeide/plugins/com.st.stm32cube.ide.mcu.externaltools.gnu-tools-for-stm32.7-2018-q2-update.win32_1.0.0.201904181610/tools/bin/../lib/gcc/arm-none-eabi/7.3.1/thumb/v7e-m/fpv4-sp/hard\libgcc.a(_aeabi_uldivmod.o)
                0x0000000008000190                __aeabi_uldivmod
 .text          0x00000000080001c0      0x2cc c:/st/stm32cubeide_1.1.0/stm32cubeide/plugins/com.st.stm32cube.ide.mcu.externaltools.gnu-tools-for-stm32.7-2018-q2-update.win32_1.0.0.201904181610/tools/bin/../lib/gcc/arm-none-eabi/7.3.1/thumb/v7e-m/fpv4-sp/hard\libgcc.a(_udivmoddi4.o)
                0x00000000080001c0                __udivmoddi4
 .text          0x000000000800048c        0x4 c:/st/stm32cubeide_1.1.0/stm32cubeide/plugins/com.st.stm32cube.ide.mcu.externaltools.gnu-tools-for-stm32.7-2018-q2-update.win32_1.0.0.201904181610/tools/bin/../lib/gcc/arm-none-eabi/7.3.1/thumb/v7e-m/fpv4-sp/hard\libgcc.a(_dvmd_tls.o)
                0x000000000800048c                __aeabi_idiv0
                0x000000000800048c                __aeabi_ldiv0
 *(.text*)
 .text.LL_RCC_SetClkAfterWakeFromStop
                0x0000000008000490       0x28 Core/Src/app_entry.o
 .text.APPE_Init
                0x00000000080004b8       0x1c Core/Src/app_entry.o
                0x00000000080004b8                APPE_Init
 .text.SystemPower_Config
                0x00000000080004d4       0x14 Core/Src/app_entry.o
 .text.appe_Tl_Init
                0x00000000080004e8       0x6c Core/Src/app_entry.o
 .text.APPE_SysStatusNot
                0x0000000008000554       0x16 Core/Src/app_entry.o
 .text.APPE_SysUserEvtRx
                0x000000000800056a       0x20 Core/Src/app_entry.o
 .text.shci_notify_asynch_evt
                0x000000000800058a       0x18 Core/Src/app_entry.o
                0x000000000800058a                shci_notify_asynch_evt
 .text.shci_cmd_resp_release
                0x00000000080005a2       0x16 Core/Src/app_entry.o
                0x00000000080005a2                shci_cmd_resp_release
 .text.shci_cmd_resp_wait
                0x00000000080005b8       0x16 Core/Src/app_entry.o
                0x00000000080005b8                shci_cmd_resp_wait
 *fill*         0x00000000080005ce        0x2 
 .text.LL_EXTI_EnableIT_0_31
                0x00000000080005d0       0x28 Core/Src/hw_timerserver.o
 .text.LL_EXTI_EnableRisingTrig_0_31
                0x00000000080005f8       0x24 Core/Src/hw_timerserver.o
 .text.ReadRtcSsrValue
                0x000000000800061c       0x40 Core/Src/hw_timerserver.o
 .text.LinkTimerAfter
                0x000000000800065c       0x8c Core/Src/hw_timerserver.o
 .text.LinkTimerBefore
                0x00000000080006e8       0xc0 Core/Src/hw_timerserver.o
 .text.linkTimer
                0x00000000080007a8      0x154 Core/Src/hw_timerserver.o
 .text.UnlinkTimer
                0x00000000080008fc      0x108 Core/Src/hw_timerserver.o
 .text.ReturnTimeElapsed
                0x0000000008000a04       0x80 Core/Src/hw_timerserver.o
 .text.RestartWakeupCounter
                0x0000000008000a84       0xbc Core/Src/hw_timerserver.o
 .text.RescheduleTimerList
                0x0000000008000b40      0x13c Core/Src/hw_timerserver.o
 .text.HW_TS_Init
                0x0000000008000c7c      0x1c0 Core/Src/hw_timerserver.o
                0x0000000008000c7c                HW_TS_Init
 .text.HW_TS_Create
                0x0000000008000e3c       0xec Core/Src/hw_timerserver.o
                0x0000000008000e3c                HW_TS_Create
 .text.HW_TS_Stop
                0x0000000008000f28      0x114 Core/Src/hw_timerserver.o
                0x0000000008000f28                HW_TS_Stop
 .text.HW_TS_Start
                0x000000000800103c      0x10c Core/Src/hw_timerserver.o
                0x000000000800103c                HW_TS_Start
 .text.LL_RCC_LSE_SetDriveCapability
                0x0000000008001148       0x2c Core/Src/main.o
 .text.LL_AHB2_GRP1_EnableClock
                0x0000000008001174       0x32 Core/Src/main.o
 .text.main     0x00000000080011a6       0x26 Core/Src/main.o
                0x00000000080011a6                main
 .text.SystemClock_Config
                0x00000000080011cc      0x154 Core/Src/main.o
                0x00000000080011cc                SystemClock_Config
 .text.MX_RF_Init
                0x0000000008001320        0xe Core/Src/main.o
 *fill*         0x000000000800132e        0x2 
 .text.MX_RTC_Init
                0x0000000008001330       0x50 Core/Src/main.o
 .text.MX_USART1_UART_Init
                0x0000000008001380       0x98 Core/Src/main.o
 .text.MX_USB_PCD_Init
                0x0000000008001418       0x50 Core/Src/main.o
 .text.MX_GPIO_Init
                0x0000000008001468       0xa4 Core/Src/main.o
 .text.Error_Handler
                0x000000000800150c        0xe Core/Src/main.o
                0x000000000800150c                Error_Handler
 .text.LL_RCC_EnableRTC
                0x000000000800151a       0x22 Core/Src/stm32wbxx_hal_msp.o
 .text.LL_AHB2_GRP1_EnableClock
                0x000000000800153c       0x32 Core/Src/stm32wbxx_hal_msp.o
 .text.LL_AHB3_GRP1_EnableClock
                0x000000000800156e       0x32 Core/Src/stm32wbxx_hal_msp.o
 .text.LL_APB1_GRP1_EnableClock
                0x00000000080015a0       0x32 Core/Src/stm32wbxx_hal_msp.o
 .text.LL_APB2_GRP1_EnableClock
                0x00000000080015d2       0x32 Core/Src/stm32wbxx_hal_msp.o
 .text.HAL_MspInit
                0x0000000008001604       0x10 Core/Src/stm32wbxx_hal_msp.o
                0x0000000008001604                HAL_MspInit
 .text.HAL_RTC_MspInit
                0x0000000008001614       0x34 Core/Src/stm32wbxx_hal_msp.o
                0x0000000008001614                HAL_RTC_MspInit
 .text.HAL_UART_MspInit
                0x0000000008001648       0x70 Core/Src/stm32wbxx_hal_msp.o
                0x0000000008001648                HAL_UART_MspInit
 .text.HAL_PCD_MspInit
                0x00000000080016b8       0x60 Core/Src/stm32wbxx_hal_msp.o
                0x00000000080016b8                HAL_PCD_MspInit
 .text.NMI_Handler
                0x0000000008001718        0xe Core/Src/stm32wbxx_it.o
                0x0000000008001718                NMI_Handler
 .text.HardFault_Handler
                0x0000000008001726        0x6 Core/Src/stm32wbxx_it.o
                0x0000000008001726                HardFault_Handler
 .text.MemManage_Handler
                0x000000000800172c        0x6 Core/Src/stm32wbxx_it.o
                0x000000000800172c                MemManage_Handler
 .text.BusFault_Handler
                0x0000000008001732        0x6 Core/Src/stm32wbxx_it.o
                0x0000000008001732                BusFault_Handler
 .text.UsageFault_Handler
                0x0000000008001738        0x6 Core/Src/stm32wbxx_it.o
                0x0000000008001738                UsageFault_Handler
 .text.SVC_Handler
                0x000000000800173e        0xe Core/Src/stm32wbxx_it.o
                0x000000000800173e                SVC_Handler
 .text.DebugMon_Handler
                0x000000000800174c        0xe Core/Src/stm32wbxx_it.o
                0x000000000800174c                DebugMon_Handler
 .text.PendSV_Handler
                0x000000000800175a        0xe Core/Src/stm32wbxx_it.o
                0x000000000800175a                PendSV_Handler
 .text.SysTick_Handler
                0x0000000008001768        0xc Core/Src/stm32wbxx_it.o
                0x0000000008001768                SysTick_Handler
 .text.RTC_WKUP_IRQHandler
                0x0000000008001774       0x14 Core/Src/stm32wbxx_it.o
                0x0000000008001774                RTC_WKUP_IRQHandler
 .text.EXTI4_IRQHandler
                0x0000000008001788        0xe Core/Src/stm32wbxx_it.o
                0x0000000008001788                EXTI4_IRQHandler
 *fill*         0x0000000008001796        0x2 
 .text.USART1_IRQHandler
                0x0000000008001798       0x14 Core/Src/stm32wbxx_it.o
                0x0000000008001798                USART1_IRQHandler
 .text.SystemInit
                0x00000000080017ac       0xac Core/Src/system_stm32wbxx.o
                0x00000000080017ac                SystemInit
 .text.SystemCoreClockUpdate
                0x0000000008001858      0x144 Core/Src/system_stm32wbxx.o
                0x0000000008001858                SystemCoreClockUpdate
 .text.data_initializers
                0x000000000800199c       0x18 Core/Startup/startup_stm32wb55rgvx.o
 .text.Reset_Handler
                0x00000000080019b4       0x54 Core/Startup/startup_stm32wb55rgvx.o
                0x00000000080019b4                Reset_Handler
 .text.Default_Handler
                0x0000000008001a08        0x2 Core/Startup/startup_stm32wb55rgvx.o
                0x0000000008001a08                RTC_Alarm_IRQHandler
                0x0000000008001a08                EXTI2_IRQHandler
                0x0000000008001a08                TIM1_CC_IRQHandler
                0x0000000008001a08                TSC_IRQHandler
                0x0000000008001a08                USB_HP_IRQHandler
                0x0000000008001a08                EXTI3_IRQHandler
                0x0000000008001a08                LPTIM2_IRQHandler
                0x0000000008001a08                I2C3_ER_IRQHandler
                0x0000000008001a08                EXTI0_IRQHandler
                0x0000000008001a08                FPU_IRQHandler
                0x0000000008001a08                TIM1_UP_TIM16_IRQHandler
                0x0000000008001a08                AES1_IRQHandler
                0x0000000008001a08                SPI1_IRQHandler
                0x0000000008001a08                PWR_SOTF_BLEACT_802ACT_RFPHASE_IRQHandler
                0x0000000008001a08                DMA2_Channel2_IRQHandler
                0x0000000008001a08                DMA1_Channel4_IRQHandler
                0x0000000008001a08                ADC1_IRQHandler
                0x0000000008001a08                PKA_IRQHandler
                0x0000000008001a08                DMA1_Channel7_IRQHandler
                0x0000000008001a08                LCD_IRQHandler
                0x0000000008001a08                IPCC_C1_TX_IRQHandler
                0x0000000008001a08                DMA2_Channel1_IRQHandler
                0x0000000008001a08                QUADSPI_IRQHandler
                0x0000000008001a08                I2C1_EV_IRQHandler
                0x0000000008001a08                DMAMUX1_OVR_IRQHandler
                0x0000000008001a08                DMA1_Channel6_IRQHandler
                0x0000000008001a08                DMA2_Channel4_IRQHandler
                0x0000000008001a08                RCC_IRQHandler
                0x0000000008001a08                DMA1_Channel1_IRQHandler
                0x0000000008001a08                Default_Handler
                0x0000000008001a08                DMA2_Channel7_IRQHandler
                0x0000000008001a08                EXTI15_10_IRQHandler
                0x0000000008001a08                IPCC_C1_RX_IRQHandler
                0x0000000008001a08                C2SEV_PWR_C2H_IRQHandler
                0x0000000008001a08                AES2_IRQHandler
                0x0000000008001a08                I2C3_EV_IRQHandler
                0x0000000008001a08                EXTI9_5_IRQHandler
                0x0000000008001a08                PVD_PVM_IRQHandler
                0x0000000008001a08                SPI2_IRQHandler
                0x0000000008001a08                DMA2_Channel5_IRQHandler
                0x0000000008001a08                CRS_IRQHandler
                0x0000000008001a08                DMA1_Channel5_IRQHandler
                0x0000000008001a08                USB_LP_IRQHandler
                0x0000000008001a08                RNG_IRQHandler
                0x0000000008001a08                TIM1_TRG_COM_TIM17_IRQHandler
                0x0000000008001a08                TAMP_STAMP_LSECSS_IRQHandler
                0x0000000008001a08                DMA1_Channel3_IRQHandler
                0x0000000008001a08                COMP_IRQHandler
                0x0000000008001a08                HSEM_IRQHandler
                0x0000000008001a08                WWDG_IRQHandler
                0x0000000008001a08                LPUART1_IRQHandler
                0x0000000008001a08                DMA2_Channel6_IRQHandler
                0x0000000008001a08                TIM2_IRQHandler
                0x0000000008001a08                TIM1_BRK_IRQHandler
                0x0000000008001a08                EXTI1_IRQHandler
                0x0000000008001a08                DMA1_Channel2_IRQHandler
                0x0000000008001a08                FLASH_IRQHandler
                0x0000000008001a08                I2C1_ER_IRQHandler
                0x0000000008001a08                LPTIM1_IRQHandler
                0x0000000008001a08                SAI1_IRQHandler
                0x0000000008001a08                DMA2_Channel3_IRQHandler
 *fill*         0x0000000008001a0a        0x2 
 .text.HAL_Init
                0x0000000008001a0c       0x40 Drivers/STM32WBxx_HAL_Driver/Src/stm32wbxx_hal.o
                0x0000000008001a0c                HAL_Init
 .text.HAL_InitTick
                0x0000000008001a4c       0x74 Drivers/STM32WBxx_HAL_Driver/Src/stm32wbxx_hal.o
                0x0000000008001a4c                HAL_InitTick
 .text.HAL_IncTick
                0x0000000008001ac0       0x24 Drivers/STM32WBxx_HAL_Driver/Src/stm32wbxx_hal.o
                0x0000000008001ac0                HAL_IncTick
 .text.HAL_GetTick
                0x0000000008001ae4       0x18 Drivers/STM32WBxx_HAL_Driver/Src/stm32wbxx_hal.o
                0x0000000008001ae4                HAL_GetTick
 .text.HAL_GetTickPrio
                0x0000000008001afc       0x18 Drivers/STM32WBxx_HAL_Driver/Src/stm32wbxx_hal.o
                0x0000000008001afc                HAL_GetTickPrio
 .text.__NVIC_SetPriorityGrouping
                0x0000000008001b14       0x48 Drivers/STM32WBxx_HAL_Driver/Src/stm32wbxx_hal_cortex.o
 .text.__NVIC_GetPriorityGrouping
                0x0000000008001b5c       0x1c Drivers/STM32WBxx_HAL_Driver/Src/stm32wbxx_hal_cortex.o
 .text.__NVIC_EnableIRQ
                0x0000000008001b78       0x3c Drivers/STM32WBxx_HAL_Driver/Src/stm32wbxx_hal_cortex.o
 .text.__NVIC_DisableIRQ
                0x0000000008001bb4       0x44 Drivers/STM32WBxx_HAL_Driver/Src/stm32wbxx_hal_cortex.o
 .text.__NVIC_SetPendingIRQ
                0x0000000008001bf8       0x3c Drivers/STM32WBxx_HAL_Driver/Src/stm32wbxx_hal_cortex.o
 .text.__NVIC_ClearPendingIRQ
                0x0000000008001c34       0x3c Drivers/STM32WBxx_HAL_Driver/Src/stm32wbxx_hal_cortex.o
 .text.__NVIC_SetPriority
                0x0000000008001c70       0x54 Drivers/STM32WBxx_HAL_Driver/Src/stm32wbxx_hal_cortex.o
 .text.NVIC_EncodePriority
                0x0000000008001cc4       0x66 Drivers/STM32WBxx_HAL_Driver/Src/stm32wbxx_hal_cortex.o
 *fill*         0x0000000008001d2a        0x2 
 .text.SysTick_Config
                0x0000000008001d2c       0x44 Drivers/STM32WBxx_HAL_Driver/Src/stm32wbxx_hal_cortex.o
 .text.HAL_NVIC_SetPriorityGrouping
                0x0000000008001d70       0x16 Drivers/STM32WBxx_HAL_Driver/Src/stm32wbxx_hal_cortex.o
                0x0000000008001d70                HAL_NVIC_SetPriorityGrouping
 .text.HAL_NVIC_SetPriority
                0x0000000008001d86       0x34 Drivers/STM32WBxx_HAL_Driver/Src/stm32wbxx_hal_cortex.o
                0x0000000008001d86                HAL_NVIC_SetPriority
 .text.HAL_NVIC_EnableIRQ
                0x0000000008001dba       0x1c Drivers/STM32WBxx_HAL_Driver/Src/stm32wbxx_hal_cortex.o
                0x0000000008001dba                HAL_NVIC_EnableIRQ
 .text.HAL_NVIC_DisableIRQ
                0x0000000008001dd6       0x1c Drivers/STM32WBxx_HAL_Driver/Src/stm32wbxx_hal_cortex.o
                0x0000000008001dd6                HAL_NVIC_DisableIRQ
 .text.HAL_SYSTICK_Config
                0x0000000008001df2       0x18 Drivers/STM32WBxx_HAL_Driver/Src/stm32wbxx_hal_cortex.o
                0x0000000008001df2                HAL_SYSTICK_Config
 .text.HAL_NVIC_SetPendingIRQ
                0x0000000008001e0a       0x1c Drivers/STM32WBxx_HAL_Driver/Src/stm32wbxx_hal_cortex.o
                0x0000000008001e0a                HAL_NVIC_SetPendingIRQ
 .text.HAL_NVIC_ClearPendingIRQ
                0x0000000008001e26       0x1c Drivers/STM32WBxx_HAL_Driver/Src/stm32wbxx_hal_cortex.o
                0x0000000008001e26                HAL_NVIC_ClearPendingIRQ
 .text.HAL_DMA_Abort_IT
                0x0000000008001e42       0xbe Drivers/STM32WBxx_HAL_Driver/Src/stm32wbxx_hal_dma.o
                0x0000000008001e42                HAL_DMA_Abort_IT
 .text.HAL_GPIO_Init
                0x0000000008001f00      0x2e0 Drivers/STM32WBxx_HAL_Driver/Src/stm32wbxx_hal_gpio.o
                0x0000000008001f00                HAL_GPIO_Init
 .text.HAL_GPIO_WritePin
                0x00000000080021e0       0x30 Drivers/STM32WBxx_HAL_Driver/Src/stm32wbxx_hal_gpio.o
                0x00000000080021e0                HAL_GPIO_WritePin
 .text.HAL_GPIO_EXTI_IRQHandler
                0x0000000008002210       0x30 Drivers/STM32WBxx_HAL_Driver/Src/stm32wbxx_hal_gpio.o
                0x0000000008002210                HAL_GPIO_EXTI_IRQHandler
 .text.HAL_GPIO_EXTI_Callback
                0x0000000008002240       0x16 Drivers/STM32WBxx_HAL_Driver/Src/stm32wbxx_hal_gpio.o
                0x0000000008002240                HAL_GPIO_EXTI_Callback
 .text.HAL_PCD_Init
                0x0000000008002256      0x176 Drivers/STM32WBxx_HAL_Driver/Src/stm32wbxx_hal_pcd.o
                0x0000000008002256                HAL_PCD_Init
 .text.HAL_PCDEx_ActivateLPM
                0x00000000080023cc       0x54 Drivers/STM32WBxx_HAL_Driver/Src/stm32wbxx_hal_pcd_ex.o
                0x00000000080023cc                HAL_PCDEx_ActivateLPM
 .text.HAL_PWR_EnableBkUpAccess
                0x0000000008002420       0x20 Drivers/STM32WBxx_HAL_Driver/Src/stm32wbxx_hal_pwr.o
                0x0000000008002420                HAL_PWR_EnableBkUpAccess
 .text.HAL_PWREx_GetVoltageRange
                0x0000000008002440       0x1c Drivers/STM32WBxx_HAL_Driver/Src/stm32wbxx_hal_pwr_ex.o
                0x0000000008002440                HAL_PWREx_GetVoltageRange
 .text.LL_RCC_HSE_IsEnabledDiv2
                0x000000000800245c       0x24 Drivers/STM32WBxx_HAL_Driver/Src/stm32wbxx_hal_rcc.o
 .text.LL_RCC_HSE_EnableBypass
                0x0000000008002480       0x1e Drivers/STM32WBxx_HAL_Driver/Src/stm32wbxx_hal_rcc.o
 .text.LL_RCC_HSE_DisableBypass
                0x000000000800249e       0x1e Drivers/STM32WBxx_HAL_Driver/Src/stm32wbxx_hal_rcc.o
 .text.LL_RCC_HSE_Enable
                0x00000000080024bc       0x1e Drivers/STM32WBxx_HAL_Driver/Src/stm32wbxx_hal_rcc.o
 .text.LL_RCC_HSE_Disable
                0x00000000080024da       0x1e Drivers/STM32WBxx_HAL_Driver/Src/stm32wbxx_hal_rcc.o
 .text.LL_RCC_HSE_IsReady
                0x00000000080024f8       0x24 Drivers/STM32WBxx_HAL_Driver/Src/stm32wbxx_hal_rcc.o
 .text.LL_RCC_HSI_Enable
                0x000000000800251c       0x1e Drivers/STM32WBxx_HAL_Driver/Src/stm32wbxx_hal_rcc.o
 .text.LL_RCC_HSI_Disable
                0x000000000800253a       0x1e Drivers/STM32WBxx_HAL_Driver/Src/stm32wbxx_hal_rcc.o
 .text.LL_RCC_HSI_IsReady
                0x0000000008002558       0x24 Drivers/STM32WBxx_HAL_Driver/Src/stm32wbxx_hal_rcc.o
 .text.LL_RCC_HSI_SetCalibTrimming
                0x000000000800257c       0x2a Drivers/STM32WBxx_HAL_Driver/Src/stm32wbxx_hal_rcc.o
 .text.LL_RCC_HSI48_Enable
                0x00000000080025a6       0x22 Drivers/STM32WBxx_HAL_Driver/Src/stm32wbxx_hal_rcc.o
 .text.LL_RCC_HSI48_Disable
                0x00000000080025c8       0x22 Drivers/STM32WBxx_HAL_Driver/Src/stm32wbxx_hal_rcc.o
 .text.LL_RCC_HSI48_IsReady
                0x00000000080025ea       0x24 Drivers/STM32WBxx_HAL_Driver/Src/stm32wbxx_hal_rcc.o
 .text.LL_RCC_LSE_Enable
                0x000000000800260e       0x22 Drivers/STM32WBxx_HAL_Driver/Src/stm32wbxx_hal_rcc.o
 .text.LL_RCC_LSE_Disable
                0x0000000008002630       0x22 Drivers/STM32WBxx_HAL_Driver/Src/stm32wbxx_hal_rcc.o
 .text.LL_RCC_LSE_EnableBypass
                0x0000000008002652       0x22 Drivers/STM32WBxx_HAL_Driver/Src/stm32wbxx_hal_rcc.o
 .text.LL_RCC_LSE_DisableBypass
                0x0000000008002674       0x22 Drivers/STM32WBxx_HAL_Driver/Src/stm32wbxx_hal_rcc.o
 .text.LL_RCC_LSE_IsReady
                0x0000000008002696       0x24 Drivers/STM32WBxx_HAL_Driver/Src/stm32wbxx_hal_rcc.o
 .text.LL_RCC_LSI1_Enable
                0x00000000080026ba       0x22 Drivers/STM32WBxx_HAL_Driver/Src/stm32wbxx_hal_rcc.o
 .text.LL_RCC_LSI1_Disable
                0x00000000080026dc       0x22 Drivers/STM32WBxx_HAL_Driver/Src/stm32wbxx_hal_rcc.o
 .text.LL_RCC_LSI1_IsReady
                0x00000000080026fe       0x24 Drivers/STM32WBxx_HAL_Driver/Src/stm32wbxx_hal_rcc.o
 .text.LL_RCC_LSI2_Enable
                0x0000000008002722       0x22 Drivers/STM32WBxx_HAL_Driver/Src/stm32wbxx_hal_rcc.o
 .text.LL_RCC_LSI2_Disable
                0x0000000008002744       0x22 Drivers/STM32WBxx_HAL_Driver/Src/stm32wbxx_hal_rcc.o
 .text.LL_RCC_LSI2_IsReady
                0x0000000008002766       0x24 Drivers/STM32WBxx_HAL_Driver/Src/stm32wbxx_hal_rcc.o
 .text.LL_RCC_LSI2_SetTrimming
                0x000000000800278a       0x2e Drivers/STM32WBxx_HAL_Driver/Src/stm32wbxx_hal_rcc.o
 .text.LL_RCC_MSI_Enable
                0x00000000080027b8       0x1e Drivers/STM32WBxx_HAL_Driver/Src/stm32wbxx_hal_rcc.o
 .text.LL_RCC_MSI_Disable
                0x00000000080027d6       0x1e Drivers/STM32WBxx_HAL_Driver/Src/stm32wbxx_hal_rcc.o
 .text.LL_RCC_MSI_IsReady
                0x00000000080027f4       0x22 Drivers/STM32WBxx_HAL_Driver/Src/stm32wbxx_hal_rcc.o
 .text.LL_RCC_MSI_SetRange
                0x0000000008002816       0x28 Drivers/STM32WBxx_HAL_Driver/Src/stm32wbxx_hal_rcc.o
 .text.LL_RCC_MSI_GetRange
                0x000000000800283e       0x2a Drivers/STM32WBxx_HAL_Driver/Src/stm32wbxx_hal_rcc.o
 .text.LL_RCC_MSI_SetCalibTrimming
                0x0000000008002868       0x2a Drivers/STM32WBxx_HAL_Driver/Src/stm32wbxx_hal_rcc.o
 .text.LL_RCC_SetSysClkSource
                0x0000000008002892       0x28 Drivers/STM32WBxx_HAL_Driver/Src/stm32wbxx_hal_rcc.o
 .text.LL_RCC_GetSysClkSource
                0x00000000080028ba       0x18 Drivers/STM32WBxx_HAL_Driver/Src/stm32wbxx_hal_rcc.o
 .text.LL_RCC_SetAHBPrescaler
                0x00000000080028d2       0x28 Drivers/STM32WBxx_HAL_Driver/Src/stm32wbxx_hal_rcc.o
 .text.LL_C2_RCC_SetAHBPrescaler
                0x00000000080028fa       0x2c Drivers/STM32WBxx_HAL_Driver/Src/stm32wbxx_hal_rcc.o
 .text.LL_RCC_SetAHB4Prescaler
                0x0000000008002926       0x2e Drivers/STM32WBxx_HAL_Driver/Src/stm32wbxx_hal_rcc.o
 .text.LL_RCC_SetAPB1Prescaler
                0x0000000008002954       0x28 Drivers/STM32WBxx_HAL_Driver/Src/stm32wbxx_hal_rcc.o
 .text.LL_RCC_SetAPB2Prescaler
                0x000000000800297c       0x28 Drivers/STM32WBxx_HAL_Driver/Src/stm32wbxx_hal_rcc.o
 .text.LL_RCC_GetAHBPrescaler
                0x00000000080029a4       0x18 Drivers/STM32WBxx_HAL_Driver/Src/stm32wbxx_hal_rcc.o
 .text.LL_RCC_GetAHB4Prescaler
                0x00000000080029bc       0x1c Drivers/STM32WBxx_HAL_Driver/Src/stm32wbxx_hal_rcc.o
 .text.LL_RCC_GetAPB1Prescaler
                0x00000000080029d8       0x18 Drivers/STM32WBxx_HAL_Driver/Src/stm32wbxx_hal_rcc.o
 .text.LL_RCC_GetAPB2Prescaler
                0x00000000080029f0       0x18 Drivers/STM32WBxx_HAL_Driver/Src/stm32wbxx_hal_rcc.o
 .text.LL_RCC_PLL_Enable
                0x0000000008002a08       0x1e Drivers/STM32WBxx_HAL_Driver/Src/stm32wbxx_hal_rcc.o
 .text.LL_RCC_PLL_Disable
                0x0000000008002a26       0x1e Drivers/STM32WBxx_HAL_Driver/Src/stm32wbxx_hal_rcc.o
 .text.LL_RCC_PLL_IsReady
                0x0000000008002a44       0x24 Drivers/STM32WBxx_HAL_Driver/Src/stm32wbxx_hal_rcc.o
 .text.LL_RCC_PLL_GetN
                0x0000000008002a68       0x1a Drivers/STM32WBxx_HAL_Driver/Src/stm32wbxx_hal_rcc.o
 .text.LL_RCC_PLL_GetR
                0x0000000008002a82       0x18 Drivers/STM32WBxx_HAL_Driver/Src/stm32wbxx_hal_rcc.o
 .text.LL_RCC_PLL_GetDivider
                0x0000000008002a9a       0x18 Drivers/STM32WBxx_HAL_Driver/Src/stm32wbxx_hal_rcc.o
 .text.LL_RCC_PLL_GetMainSource
                0x0000000008002ab2       0x18 Drivers/STM32WBxx_HAL_Driver/Src/stm32wbxx_hal_rcc.o
 .text.LL_RCC_IsActiveFlag_HPRE
                0x0000000008002aca       0x24 Drivers/STM32WBxx_HAL_Driver/Src/stm32wbxx_hal_rcc.o
 .text.LL_RCC_IsActiveFlag_C2HPRE
                0x0000000008002aee       0x26 Drivers/STM32WBxx_HAL_Driver/Src/stm32wbxx_hal_rcc.o
 .text.LL_RCC_IsActiveFlag_SHDHPRE
                0x0000000008002b14       0x26 Drivers/STM32WBxx_HAL_Driver/Src/stm32wbxx_hal_rcc.o
 .text.LL_RCC_IsActiveFlag_PPRE1
                0x0000000008002b3a       0x24 Drivers/STM32WBxx_HAL_Driver/Src/stm32wbxx_hal_rcc.o
 .text.LL_RCC_IsActiveFlag_PPRE2
                0x0000000008002b5e       0x24 Drivers/STM32WBxx_HAL_Driver/Src/stm32wbxx_hal_rcc.o
 *fill*         0x0000000008002b82        0x2 
 .text.HAL_RCC_OscConfig
                0x0000000008002b84      0x6bc Drivers/STM32WBxx_HAL_Driver/Src/stm32wbxx_hal_rcc.o
                0x0000000008002b84                HAL_RCC_OscConfig
 .text.HAL_RCC_ClockConfig
                0x0000000008003240      0x278 Drivers/STM32WBxx_HAL_Driver/Src/stm32wbxx_hal_rcc.o
                0x0000000008003240                HAL_RCC_ClockConfig
 .text.HAL_RCC_GetSysClockFreq
                0x00000000080034b8       0xd4 Drivers/STM32WBxx_HAL_Driver/Src/stm32wbxx_hal_rcc.o
                0x00000000080034b8                HAL_RCC_GetSysClockFreq
 .text.HAL_RCC_GetHCLKFreq
                0x000000000800358c       0x28 Drivers/STM32WBxx_HAL_Driver/Src/stm32wbxx_hal_rcc.o
                0x000000000800358c                HAL_RCC_GetHCLKFreq
 .text.HAL_RCC_GetPCLK1Freq
                0x00000000080035b4       0x2c Drivers/STM32WBxx_HAL_Driver/Src/stm32wbxx_hal_rcc.o
                0x00000000080035b4                HAL_RCC_GetPCLK1Freq
 .text.HAL_RCC_GetPCLK2Freq
                0x00000000080035e0       0x2c Drivers/STM32WBxx_HAL_Driver/Src/stm32wbxx_hal_rcc.o
                0x00000000080035e0                HAL_RCC_GetPCLK2Freq
 .text.RCC_SetFlashLatencyFromMSIRange
                0x000000000800360c       0x70 Drivers/STM32WBxx_HAL_Driver/Src/stm32wbxx_hal_rcc.o
 .text.RCC_SetFlashLatency
                0x000000000800367c      0x100 Drivers/STM32WBxx_HAL_Driver/Src/stm32wbxx_hal_rcc.o
 .text.LL_RCC_LSE_IsEnabled
                0x000000000800377c       0x24 Drivers/STM32WBxx_HAL_Driver/Src/stm32wbxx_hal_rcc_ex.o
 .text.LL_RCC_LSE_IsReady
                0x00000000080037a0       0x24 Drivers/STM32WBxx_HAL_Driver/Src/stm32wbxx_hal_rcc_ex.o
 .text.LL_RCC_MSI_EnablePLLMode
                0x00000000080037c4       0x1e Drivers/STM32WBxx_HAL_Driver/Src/stm32wbxx_hal_rcc_ex.o
 .text.LL_RCC_SetRFWKPClockSource
                0x00000000080037e2       0x2c Drivers/STM32WBxx_HAL_Driver/Src/stm32wbxx_hal_rcc_ex.o
 .text.LL_RCC_SetSMPSClockSource
                0x000000000800380e       0x28 Drivers/STM32WBxx_HAL_Driver/Src/stm32wbxx_hal_rcc_ex.o
 .text.LL_RCC_SetSMPSPrescaler
                0x0000000008003836       0x28 Drivers/STM32WBxx_HAL_Driver/Src/stm32wbxx_hal_rcc_ex.o
 .text.LL_RCC_SetUSARTClockSource
                0x000000000800385e       0x2c Drivers/STM32WBxx_HAL_Driver/Src/stm32wbxx_hal_rcc_ex.o
 .text.LL_RCC_SetLPUARTClockSource
                0x000000000800388a       0x2c Drivers/STM32WBxx_HAL_Driver/Src/stm32wbxx_hal_rcc_ex.o
 .text.LL_RCC_SetI2CClockSource
                0x00000000080038b6       0x3a Drivers/STM32WBxx_HAL_Driver/Src/stm32wbxx_hal_rcc_ex.o
 .text.LL_RCC_SetLPTIMClockSource
                0x00000000080038f0       0x34 Drivers/STM32WBxx_HAL_Driver/Src/stm32wbxx_hal_rcc_ex.o
 .text.LL_RCC_SetSAIClockSource
                0x0000000008003924       0x2c Drivers/STM32WBxx_HAL_Driver/Src/stm32wbxx_hal_rcc_ex.o
 .text.LL_RCC_SetRNGClockSource
                0x0000000008003950       0x2c Drivers/STM32WBxx_HAL_Driver/Src/stm32wbxx_hal_rcc_ex.o
 .text.LL_RCC_SetCLK48ClockSource
                0x000000000800397c       0x2c Drivers/STM32WBxx_HAL_Driver/Src/stm32wbxx_hal_rcc_ex.o
 .text.LL_RCC_SetUSBClockSource
                0x00000000080039a8       0x16 Drivers/STM32WBxx_HAL_Driver/Src/stm32wbxx_hal_rcc_ex.o
 .text.LL_RCC_SetADCClockSource
                0x00000000080039be       0x2c Drivers/STM32WBxx_HAL_Driver/Src/stm32wbxx_hal_rcc_ex.o
 .text.LL_RCC_SetRTCClockSource
                0x00000000080039ea       0x2c Drivers/STM32WBxx_HAL_Driver/Src/stm32wbxx_hal_rcc_ex.o
 .text.LL_RCC_GetRTCClockSource
                0x0000000008003a16       0x1a Drivers/STM32WBxx_HAL_Driver/Src/stm32wbxx_hal_rcc_ex.o
 .text.LL_RCC_ForceBackupDomainReset
                0x0000000008003a30       0x22 Drivers/STM32WBxx_HAL_Driver/Src/stm32wbxx_hal_rcc_ex.o
 .text.LL_RCC_ReleaseBackupDomainReset
                0x0000000008003a52       0x22 Drivers/STM32WBxx_HAL_Driver/Src/stm32wbxx_hal_rcc_ex.o
 .text.LL_RCC_PLLSAI1_Enable
                0x0000000008003a74       0x1e Drivers/STM32WBxx_HAL_Driver/Src/stm32wbxx_hal_rcc_ex.o
 .text.LL_RCC_PLLSAI1_Disable
                0x0000000008003a92       0x1e Drivers/STM32WBxx_HAL_Driver/Src/stm32wbxx_hal_rcc_ex.o
 .text.LL_RCC_PLLSAI1_IsReady
                0x0000000008003ab0       0x24 Drivers/STM32WBxx_HAL_Driver/Src/stm32wbxx_hal_rcc_ex.o
 .text.HAL_RCCEx_PeriphCLKConfig
                0x0000000008003ad4      0x2ea Drivers/STM32WBxx_HAL_Driver/Src/stm32wbxx_hal_rcc_ex.o
                0x0000000008003ad4                HAL_RCCEx_PeriphCLKConfig
 .text.HAL_RCCEx_EnableMSIPLLMode
                0x0000000008003dbe        0xc Drivers/STM32WBxx_HAL_Driver/Src/stm32wbxx_hal_rcc_ex.o
                0x0000000008003dbe                HAL_RCCEx_EnableMSIPLLMode
 .text.RCCEx_PLLSAI1_ConfigNP
                0x0000000008003dca       0xb6 Drivers/STM32WBxx_HAL_Driver/Src/stm32wbxx_hal_rcc_ex.o
 .text.RCCEx_PLLSAI1_ConfigNQ
                0x0000000008003e80       0xb6 Drivers/STM32WBxx_HAL_Driver/Src/stm32wbxx_hal_rcc_ex.o
 .text.RCCEx_PLLSAI1_ConfigNR
                0x0000000008003f36       0xb6 Drivers/STM32WBxx_HAL_Driver/Src/stm32wbxx_hal_rcc_ex.o
 .text.HAL_RTC_Init
                0x0000000008003fec      0x13c Drivers/STM32WBxx_HAL_Driver/Src/stm32wbxx_hal_rtc.o
                0x0000000008003fec                HAL_RTC_Init
 .text.HAL_RTC_WaitForSynchro
                0x0000000008004128       0x4c Drivers/STM32WBxx_HAL_Driver/Src/stm32wbxx_hal_rtc.o
                0x0000000008004128                HAL_RTC_WaitForSynchro
 .text.RTC_EnterInitMode
                0x0000000008004174       0x54 Drivers/STM32WBxx_HAL_Driver/Src/stm32wbxx_hal_rtc.o
                0x0000000008004174                RTC_EnterInitMode
 .text.HAL_RTCEx_SetWakeUpTimer_IT
                0x00000000080041c8      0x178 Drivers/STM32WBxx_HAL_Driver/Src/stm32wbxx_hal_rtc_ex.o
                0x00000000080041c8                HAL_RTCEx_SetWakeUpTimer_IT
 .text.HAL_RTCEx_WakeUpTimerIRQHandler
                0x0000000008004340       0x4c Drivers/STM32WBxx_HAL_Driver/Src/stm32wbxx_hal_rtc_ex.o
                0x0000000008004340                HAL_RTCEx_WakeUpTimerIRQHandler
 .text.HAL_RTCEx_WakeUpTimerEventCallback
                0x000000000800438c       0x14 Drivers/STM32WBxx_HAL_Driver/Src/stm32wbxx_hal_rtc_ex.o
                0x000000000800438c                HAL_RTCEx_WakeUpTimerEventCallback
 .text.LL_RCC_GetUSARTClockSource
                0x00000000080043a0       0x20 Drivers/STM32WBxx_HAL_Driver/Src/stm32wbxx_hal_uart.o
 .text.LL_RCC_GetLPUARTClockSource
                0x00000000080043c0       0x20 Drivers/STM32WBxx_HAL_Driver/Src/stm32wbxx_hal_uart.o
 .text.HAL_UART_Init
                0x00000000080043e0       0xa0 Drivers/STM32WBxx_HAL_Driver/Src/stm32wbxx_hal_uart.o
                0x00000000080043e0                HAL_UART_Init
 .text.HAL_UART_IRQHandler
                0x0000000008004480      0x300 Drivers/STM32WBxx_HAL_Driver/Src/stm32wbxx_hal_uart.o
                0x0000000008004480                HAL_UART_IRQHandler
 .text.HAL_UART_TxCpltCallback
                0x0000000008004780       0x14 Drivers/STM32WBxx_HAL_Driver/Src/stm32wbxx_hal_uart.o
                0x0000000008004780                HAL_UART_TxCpltCallback
 .text.HAL_UART_ErrorCallback
                0x0000000008004794       0x14 Drivers/STM32WBxx_HAL_Driver/Src/stm32wbxx_hal_uart.o
                0x0000000008004794                HAL_UART_ErrorCallback
 .text.UART_SetConfig
                0x00000000080047a8     0x10c8 Drivers/STM32WBxx_HAL_Driver/Src/stm32wbxx_hal_uart.o
                0x00000000080047a8                UART_SetConfig
 .text.UART_AdvFeatureConfig
                0x0000000008005870      0x144 Drivers/STM32WBxx_HAL_Driver/Src/stm32wbxx_hal_uart.o
                0x0000000008005870                UART_AdvFeatureConfig
 .text.UART_CheckIdleState
                0x00000000080059b4       0x90 Drivers/STM32WBxx_HAL_Driver/Src/stm32wbxx_hal_uart.o
                0x00000000080059b4                UART_CheckIdleState
 .text.UART_WaitOnFlagUntilTimeout
                0x0000000008005a44      0x100 Drivers/STM32WBxx_HAL_Driver/Src/stm32wbxx_hal_uart.o
                0x0000000008005a44                UART_WaitOnFlagUntilTimeout
 .text.UART_EndRxTransfer
                0x0000000008005b44       0x46 Drivers/STM32WBxx_HAL_Driver/Src/stm32wbxx_hal_uart.o
 .text.UART_DMAAbortOnError
                0x0000000008005b8a       0x2c Drivers/STM32WBxx_HAL_Driver/Src/stm32wbxx_hal_uart.o
 .text.UART_EndTransmit_IT
                0x0000000008005bb6       0x34 Drivers/STM32WBxx_HAL_Driver/Src/stm32wbxx_hal_uart.o
 .text.HAL_UARTEx_WakeupCallback
                0x0000000008005bea       0x14 Drivers/STM32WBxx_HAL_Driver/Src/stm32wbxx_hal_uart_ex.o
                0x0000000008005bea                HAL_UARTEx_WakeupCallback
 .text.HAL_UARTEx_RxFifoFullCallback
                0x0000000008005bfe       0x14 Drivers/STM32WBxx_HAL_Driver/Src/stm32wbxx_hal_uart_ex.o
                0x0000000008005bfe                HAL_UARTEx_RxFifoFullCallback
 .text.HAL_UARTEx_TxFifoEmptyCallback
                0x0000000008005c12       0x14 Drivers/STM32WBxx_HAL_Driver/Src/stm32wbxx_hal_uart_ex.o
                0x0000000008005c12                HAL_UARTEx_TxFifoEmptyCallback
 .text.HAL_UARTEx_DisableFifoMode
                0x0000000008005c26       0x72 Drivers/STM32WBxx_HAL_Driver/Src/stm32wbxx_hal_uart_ex.o
                0x0000000008005c26                HAL_UARTEx_DisableFifoMode
 .text.HAL_UARTEx_SetTxFifoThreshold
                0x0000000008005c98       0x7c Drivers/STM32WBxx_HAL_Driver/Src/stm32wbxx_hal_uart_ex.o
                0x0000000008005c98                HAL_UARTEx_SetTxFifoThreshold
 .text.HAL_UARTEx_SetRxFifoThreshold
                0x0000000008005d14       0x7c Drivers/STM32WBxx_HAL_Driver/Src/stm32wbxx_hal_uart_ex.o
                0x0000000008005d14                HAL_UARTEx_SetRxFifoThreshold
 .text.UARTEx_SetNbDataToProcess
                0x0000000008005d90       0xd0 Drivers/STM32WBxx_HAL_Driver/Src/stm32wbxx_hal_uart_ex.o
 .text.USB_EnableGlobalInt
                0x0000000008005e60       0x30 Drivers/STM32WBxx_HAL_Driver/Src/stm32wbxx_ll_usb.o
                0x0000000008005e60                USB_EnableGlobalInt
 .text.USB_DisableGlobalInt
                0x0000000008005e90       0x3a Drivers/STM32WBxx_HAL_Driver/Src/stm32wbxx_ll_usb.o
                0x0000000008005e90                USB_DisableGlobalInt
 .text.USB_DevInit
                0x0000000008005eca       0x48 Drivers/STM32WBxx_HAL_Driver/Src/stm32wbxx_ll_usb.o
                0x0000000008005eca                USB_DevInit
 .text.aci_gap_set_non_discoverable
                0x0000000008005f12       0x52 Middlewares/ST/STM32_WPAN/ble/core/auto/ble_gap_aci.o
                0x0000000008005f12                aci_gap_set_non_discoverable
 .text.aci_gap_set_discoverable
                0x0000000008005f64      0x1ca Middlewares/ST/STM32_WPAN/ble/core/auto/ble_gap_aci.o
                0x0000000008005f64                aci_gap_set_discoverable
 .text.aci_gap_set_io_capability
                0x000000000800612e       0xa2 Middlewares/ST/STM32_WPAN/ble/core/auto/ble_gap_aci.o
                0x000000000800612e                aci_gap_set_io_capability
 .text.aci_gap_set_authentication_requirement
                0x00000000080061d0      0x15e Middlewares/ST/STM32_WPAN/ble/core/auto/ble_gap_aci.o
                0x00000000080061d0                aci_gap_set_authentication_requirement
 .text.aci_gap_init
                0x000000000800632e      0x116 Middlewares/ST/STM32_WPAN/ble/core/auto/ble_gap_aci.o
                0x000000000800632e                aci_gap_init
 .text.aci_gap_update_adv_data
                0x0000000008006444       0xc6 Middlewares/ST/STM32_WPAN/ble/core/auto/ble_gap_aci.o
                0x0000000008006444                aci_gap_update_adv_data
 .text.aci_gap_configure_whitelist
                0x000000000800650a       0x52 Middlewares/ST/STM32_WPAN/ble/core/auto/ble_gap_aci.o
                0x000000000800650a                aci_gap_configure_whitelist
 .text.aci_gatt_init
                0x000000000800655c       0x54 Middlewares/ST/STM32_WPAN/ble/core/auto/ble_gatt_aci.o
                0x000000000800655c                aci_gatt_init
 .text.aci_gatt_add_service
                0x00000000080065b0      0x15e Middlewares/ST/STM32_WPAN/ble/core/auto/ble_gatt_aci.o
                0x00000000080065b0                aci_gatt_add_service
 .text.aci_gatt_add_char
                0x000000000800670e      0x1d4 Middlewares/ST/STM32_WPAN/ble/core/auto/ble_gatt_aci.o
                0x000000000800670e                aci_gatt_add_char
 .text.aci_gatt_update_char_value
                0x00000000080068e2      0x11c Middlewares/ST/STM32_WPAN/ble/core/auto/ble_gatt_aci.o
                0x00000000080068e2                aci_gatt_update_char_value
 .text.aci_hal_write_config_data
                0x00000000080069fe       0xe0 Middlewares/ST/STM32_WPAN/ble/core/auto/ble_hal_aci.o
                0x00000000080069fe                aci_hal_write_config_data
 .text.aci_hal_set_tx_power_level
                0x0000000008006ade       0xbc Middlewares/ST/STM32_WPAN/ble/core/auto/ble_hal_aci.o
                0x0000000008006ade                aci_hal_set_tx_power_level
 .text.aci_hal_set_radio_activity_mask
                0x0000000008006b9a       0xa2 Middlewares/ST/STM32_WPAN/ble/core/auto/ble_hal_aci.o
                0x0000000008006b9a                aci_hal_set_radio_activity_mask
 .text.hci_reset
                0x0000000008006c3c       0x52 Middlewares/ST/STM32_WPAN/ble/core/auto/ble_hci_le.o
                0x0000000008006c3c                hci_reset
 .text.hci_le_read_phy
                0x0000000008006c8e       0xd0 Middlewares/ST/STM32_WPAN/ble/core/auto/ble_hci_le.o
                0x0000000008006c8e                hci_le_read_phy
 .text.hci_le_set_default_phy
                0x0000000008006d5e       0xdc Middlewares/ST/STM32_WPAN/ble/core/auto/ble_hci_le.o
                0x0000000008006d5e                hci_le_set_default_phy
 .text.Osal_MemCpy
                0x0000000008006e3a       0x20 Middlewares/ST/STM32_WPAN/ble/core/template/osal.o
                0x0000000008006e3a                Osal_MemCpy
 .text.Osal_MemSet
                0x0000000008006e5a       0x20 Middlewares/ST/STM32_WPAN/ble/core/template/osal.o
                0x0000000008006e5a                Osal_MemSet
 *fill*         0x0000000008006e7a        0x2 
 .text.PeerToPeer_Event_Handler
                0x0000000008006e7c       0xc4 Middlewares/ST/STM32_WPAN/ble/svc/Src/p2p_stm.o
 .text.P2PS_STM_Init
                0x0000000008006f40      0x140 Middlewares/ST/STM32_WPAN/ble/svc/Src/p2p_stm.o
                0x0000000008006f40                P2PS_STM_Init
 .text.BLS_Init
                0x0000000008007080        0xe Middlewares/ST/STM32_WPAN/ble/svc/Src/svc_ctl.o
                0x0000000008007080                BLS_Init
 .text.CRS_STM_Init
                0x000000000800708e        0xe Middlewares/ST/STM32_WPAN/ble/svc/Src/svc_ctl.o
                0x000000000800708e                CRS_STM_Init
 .text.DIS_Init
                0x000000000800709c        0xe Middlewares/ST/STM32_WPAN/ble/svc/Src/svc_ctl.o
                0x000000000800709c                DIS_Init
 .text.EDS_STM_Init
                0x00000000080070aa        0xe Middlewares/ST/STM32_WPAN/ble/svc/Src/svc_ctl.o
                0x00000000080070aa                EDS_STM_Init
 .text.HIDS_Init
                0x00000000080070b8        0xe Middlewares/ST/STM32_WPAN/ble/svc/Src/svc_ctl.o
                0x00000000080070b8                HIDS_Init
 .text.HRS_Init
                0x00000000080070c6        0xe Middlewares/ST/STM32_WPAN/ble/svc/Src/svc_ctl.o
                0x00000000080070c6                HRS_Init
 .text.HTS_Init
                0x00000000080070d4        0xe Middlewares/ST/STM32_WPAN/ble/svc/Src/svc_ctl.o
                0x00000000080070d4                HTS_Init
 .text.IAS_Init
                0x00000000080070e2        0xe Middlewares/ST/STM32_WPAN/ble/svc/Src/svc_ctl.o
                0x00000000080070e2                IAS_Init
 .text.LLS_Init
                0x00000000080070f0        0xe Middlewares/ST/STM32_WPAN/ble/svc/Src/svc_ctl.o
                0x00000000080070f0                LLS_Init
 .text.TPS_Init
                0x00000000080070fe        0xe Middlewares/ST/STM32_WPAN/ble/svc/Src/svc_ctl.o
                0x00000000080070fe                TPS_Init
 .text.MOTENV_STM_Init
                0x000000000800710c        0xe Middlewares/ST/STM32_WPAN/ble/svc/Src/svc_ctl.o
                0x000000000800710c                MOTENV_STM_Init
 .text.OTAS_STM_Init
                0x000000000800711a        0xe Middlewares/ST/STM32_WPAN/ble/svc/Src/svc_ctl.o
                0x000000000800711a                OTAS_STM_Init
 .text.MESH_Init
                0x0000000008007128        0xe Middlewares/ST/STM32_WPAN/ble/svc/Src/svc_ctl.o
                0x0000000008007128                MESH_Init
 .text.BVOPUS_STM_Init
                0x0000000008007136        0xe Middlewares/ST/STM32_WPAN/ble/svc/Src/svc_ctl.o
                0x0000000008007136                BVOPUS_STM_Init
 .text.SVCCTL_InitCustomSvc
                0x0000000008007144        0xe Middlewares/ST/STM32_WPAN/ble/svc/Src/svc_ctl.o
                0x0000000008007144                SVCCTL_InitCustomSvc
 *fill*         0x0000000008007152        0x2 
 .text.SVCCTL_Init
                0x0000000008007154       0x20 Middlewares/ST/STM32_WPAN/ble/svc/Src/svc_ctl.o
                0x0000000008007154                SVCCTL_Init
 .text.SVCCTL_SvcInit
                0x0000000008007174       0x48 Middlewares/ST/STM32_WPAN/ble/svc/Src/svc_ctl.o
                0x0000000008007174                SVCCTL_SvcInit
 .text.SVCCTL_RegisterSvcHandler
                0x00000000080071bc       0x34 Middlewares/ST/STM32_WPAN/ble/svc/Src/svc_ctl.o
                0x00000000080071bc                SVCCTL_RegisterSvcHandler
 .text.SVCCTL_UserEvtRx
                0x00000000080071f0       0xa4 Middlewares/ST/STM32_WPAN/ble/svc/Src/svc_ctl.o
                0x00000000080071f0                SVCCTL_UserEvtRx
 .text.SHCI_C2_BLE_Init
                0x0000000008007294       0x2e Middlewares/ST/STM32_WPAN/interface/patterns/ble_thread/shci/shci.o
                0x0000000008007294                SHCI_C2_BLE_Init
 *fill*         0x00000000080072c2        0x2 
 .text.hci_init
                0x00000000080072c4       0x38 Middlewares/ST/STM32_WPAN/interface/patterns/ble_thread/tl/hci_tl.o
                0x00000000080072c4                hci_init
 .text.hci_user_evt_proc
                0x00000000080072fc       0x94 Middlewares/ST/STM32_WPAN/interface/patterns/ble_thread/tl/hci_tl.o
                0x00000000080072fc                hci_user_evt_proc
 .text.hci_send_req
                0x0000000008007390       0xfc Middlewares/ST/STM32_WPAN/interface/patterns/ble_thread/tl/hci_tl.o
                0x0000000008007390                hci_send_req
 .text.TlInit   0x000000000800748c       0x60 Middlewares/ST/STM32_WPAN/interface/patterns/ble_thread/tl/hci_tl.o
 .text.SendCmd  0x00000000080074ec       0x4c Middlewares/ST/STM32_WPAN/interface/patterns/ble_thread/tl/hci_tl.o
 .text.NotifyCmdStatus
                0x0000000008007538       0x40 Middlewares/ST/STM32_WPAN/interface/patterns/ble_thread/tl/hci_tl.o
 .text.TlEvtReceived
                0x0000000008007578       0x48 Middlewares/ST/STM32_WPAN/interface/patterns/ble_thread/tl/hci_tl.o
 .text.hci_register_io_bus
                0x00000000080075c0       0x28 Middlewares/ST/STM32_WPAN/interface/patterns/ble_thread/tl/hci_tl_if.o
                0x00000000080075c0                hci_register_io_bus
 .text.shci_init
                0x00000000080075e8       0x38 Middlewares/ST/STM32_WPAN/interface/patterns/ble_thread/tl/shci_tl.o
                0x00000000080075e8                shci_init
 .text.shci_user_evt_proc
                0x0000000008007620       0x94 Middlewares/ST/STM32_WPAN/interface/patterns/ble_thread/tl/shci_tl.o
                0x0000000008007620                shci_user_evt_proc
 .text.shci_send
                0x00000000080076b4       0x7c Middlewares/ST/STM32_WPAN/interface/patterns/ble_thread/tl/shci_tl.o
                0x00000000080076b4                shci_send
 .text.TlInit   0x0000000008007730       0x64 Middlewares/ST/STM32_WPAN/interface/patterns/ble_thread/tl/shci_tl.o
 .text.Cmd_SetStatus
                0x0000000008007794       0x50 Middlewares/ST/STM32_WPAN/interface/patterns/ble_thread/tl/shci_tl.o
 .text.TlCmdEvtReceived
                0x00000000080077e4       0x16 Middlewares/ST/STM32_WPAN/interface/patterns/ble_thread/tl/shci_tl.o
 *fill*         0x00000000080077fa        0x2 
 .text.TlUserEvtReceived
                0x00000000080077fc       0x24 Middlewares/ST/STM32_WPAN/interface/patterns/ble_thread/tl/shci_tl.o
 .text.shci_register_io_bus
                0x0000000008007820       0x28 Middlewares/ST/STM32_WPAN/interface/patterns/ble_thread/tl/shci_tl_if.o
                0x0000000008007820                shci_register_io_bus
 .text.TL_Enable
                0x0000000008007848        0xc Middlewares/ST/STM32_WPAN/interface/patterns/ble_thread/tl/tl_mbox.o
                0x0000000008007848                TL_Enable
 .text.TL_Init  0x0000000008007854       0x6c Middlewares/ST/STM32_WPAN/interface/patterns/ble_thread/tl/tl_mbox.o
                0x0000000008007854                TL_Init
 .text.TL_BLE_Init
                0x00000000080078c0       0x68 Middlewares/ST/STM32_WPAN/interface/patterns/ble_thread/tl/tl_mbox.o
                0x00000000080078c0                TL_BLE_Init
 .text.TL_BLE_SendCmd
                0x0000000008007928       0x28 Middlewares/ST/STM32_WPAN/interface/patterns/ble_thread/tl/tl_mbox.o
                0x0000000008007928                TL_BLE_SendCmd
 .text.TL_SYS_Init
                0x0000000008007950       0x54 Middlewares/ST/STM32_WPAN/interface/patterns/ble_thread/tl/tl_mbox.o
                0x0000000008007950                TL_SYS_Init
 .text.TL_SYS_SendCmd
                0x00000000080079a4       0x28 Middlewares/ST/STM32_WPAN/interface/patterns/ble_thread/tl/tl_mbox.o
                0x00000000080079a4                TL_SYS_SendCmd
 .text.TL_MM_Init
                0x00000000080079cc       0x78 Middlewares/ST/STM32_WPAN/interface/patterns/ble_thread/tl/tl_mbox.o
                0x00000000080079cc                TL_MM_Init
 .text.TL_MM_EvtDone
                0x0000000008007a44       0x28 Middlewares/ST/STM32_WPAN/interface/patterns/ble_thread/tl/tl_mbox.o
                0x0000000008007a44                TL_MM_EvtDone
 .text.SendFreeBuf
                0x0000000008007a6c       0x40 Middlewares/ST/STM32_WPAN/interface/patterns/ble_thread/tl/tl_mbox.o
 .text.TL_TRACES_Init
                0x0000000008007aac       0x24 Middlewares/ST/STM32_WPAN/interface/patterns/ble_thread/tl/tl_mbox.o
                0x0000000008007aac                TL_TRACES_Init
 .text.OTP_Read
                0x0000000008007ad0       0x50 Middlewares/ST/STM32_WPAN/utilities/otp.o
                0x0000000008007ad0                OTP_Read
 .text.LST_init_head
                0x0000000008007b20       0x20 Middlewares/ST/STM32_WPAN/utilities/stm_list.o
                0x0000000008007b20                LST_init_head
 .text.LST_is_empty
                0x0000000008007b40       0x40 Middlewares/ST/STM32_WPAN/utilities/stm_list.o
                0x0000000008007b40                LST_is_empty
 .text.LST_insert_head
                0x0000000008007b80       0x48 Middlewares/ST/STM32_WPAN/utilities/stm_list.o
                0x0000000008007b80                LST_insert_head
 .text.LST_insert_tail
                0x0000000008007bc8       0x48 Middlewares/ST/STM32_WPAN/utilities/stm_list.o
                0x0000000008007bc8                LST_insert_tail
 .text.LST_remove_node
                0x0000000008007c10       0x3e Middlewares/ST/STM32_WPAN/utilities/stm_list.o
                0x0000000008007c10                LST_remove_node
 .text.LST_remove_head
                0x0000000008007c4e       0x3a Middlewares/ST/STM32_WPAN/utilities/stm_list.o
                0x0000000008007c4e                LST_remove_head
 .text.LL_FLASH_GetUDN
                0x0000000008007c88       0x18 STM32_WPAN/App/app_ble.o
 .text.LL_FLASH_GetDeviceID
                0x0000000008007ca0       0x18 STM32_WPAN/App/app_ble.o
 .text.LL_FLASH_GetSTCompanyID
                0x0000000008007cb8       0x18 STM32_WPAN/App/app_ble.o
 .text.APP_BLE_Init
                0x0000000008007cd0       0xd0 STM32_WPAN/App/app_ble.o
                0x0000000008007cd0                APP_BLE_Init
 .text.SVCCTL_App_Notification
                0x0000000008007da0      0x13c STM32_WPAN/App/app_ble.o
                0x0000000008007da0                SVCCTL_App_Notification
 .text.Ble_Tl_Init
                0x0000000008007edc       0x2c STM32_WPAN/App/app_ble.o
 .text.Ble_Hci_Gap_Gatt_Init
                0x0000000008007f08      0x1b4 STM32_WPAN/App/app_ble.o
 .text.Adv_Request
                0x00000000080080bc       0xe4 STM32_WPAN/App/app_ble.o
 .text.BleGetBdAddress
                0x00000000080081a0       0x88 STM32_WPAN/App/app_ble.o
 .text.Adv_Cancel
                0x0000000008008228       0x34 STM32_WPAN/App/app_ble.o
 .text.Adv_Cancel_Req
                0x000000000800825c       0x10 STM32_WPAN/App/app_ble.o
 .text.Switch_OFF_GPIO
                0x000000000800826c        0xe STM32_WPAN/App/app_ble.o
 .text.hci_notify_asynch_evt
                0x000000000800827a       0x18 STM32_WPAN/App/app_ble.o
                0x000000000800827a                hci_notify_asynch_evt
 .text.hci_cmd_resp_release
                0x0000000008008292       0x16 STM32_WPAN/App/app_ble.o
                0x0000000008008292                hci_cmd_resp_release
 .text.hci_cmd_resp_wait
                0x00000000080082a8       0x16 STM32_WPAN/App/app_ble.o
                0x00000000080082a8                hci_cmd_resp_wait
 .text.BLE_UserEvtRx
                0x00000000080082be       0x38 STM32_WPAN/App/app_ble.o
 .text.BLE_StatusNot
                0x00000000080082f6       0x36 STM32_WPAN/App/app_ble.o
 .text.P2PS_STM_App_Notification
                0x000000000800832c       0x30 STM32_WPAN/App/p2p_server_app.o
                0x000000000800832c                P2PS_STM_App_Notification
 .text.P2PS_APP_Notification
                0x000000000800835c       0x28 STM32_WPAN/App/p2p_server_app.o
                0x000000000800835c                P2PS_APP_Notification
 .text.P2PS_APP_Init
                0x0000000008008384        0xe STM32_WPAN/App/p2p_server_app.o
                0x0000000008008384                P2PS_APP_Init
 *fill*         0x0000000008008392        0x2 
 .text.LL_PWR_EnableBootC2
                0x0000000008008394       0x20 STM32_WPAN/Target/hw_ipcc.o
 .text.LL_AHB3_GRP1_EnableClock
                0x00000000080083b4       0x32 STM32_WPAN/Target/hw_ipcc.o
 .text.LL_C1_IPCC_EnableIT_TXF
                0x00000000080083e6       0x20 STM32_WPAN/Target/hw_ipcc.o
 .text.LL_C1_IPCC_EnableIT_RXO
                0x0000000008008406       0x20 STM32_WPAN/Target/hw_ipcc.o
 .text.LL_C1_IPCC_EnableTransmitChannel
                0x0000000008008426       0x26 STM32_WPAN/Target/hw_ipcc.o
 .text.LL_C1_IPCC_EnableReceiveChannel
                0x000000000800844c       0x24 STM32_WPAN/Target/hw_ipcc.o
 .text.LL_C1_IPCC_SetFlag_CHx
                0x0000000008008470       0x1e STM32_WPAN/Target/hw_ipcc.o
 .text.LL_C1_IPCC_IsActiveFlag_CHx
                0x000000000800848e       0x2a STM32_WPAN/Target/hw_ipcc.o
 .text.HW_IPCC_Enable
                0x00000000080084b8       0x10 STM32_WPAN/Target/hw_ipcc.o
                0x00000000080084b8                HW_IPCC_Enable
 .text.HW_IPCC_Init
                0x00000000080084c8       0x2c STM32_WPAN/Target/hw_ipcc.o
                0x00000000080084c8                HW_IPCC_Init
 .text.HW_IPCC_BLE_Init
                0x00000000080084f4       0x14 STM32_WPAN/Target/hw_ipcc.o
                0x00000000080084f4                HW_IPCC_BLE_Init
 .text.HW_IPCC_BLE_SendCmd
                0x0000000008008508       0x14 STM32_WPAN/Target/hw_ipcc.o
                0x0000000008008508                HW_IPCC_BLE_SendCmd
 .text.HW_IPCC_SYS_Init
                0x000000000800851c       0x14 STM32_WPAN/Target/hw_ipcc.o
                0x000000000800851c                HW_IPCC_SYS_Init
 .text.HW_IPCC_SYS_SendCmd
                0x0000000008008530       0x1c STM32_WPAN/Target/hw_ipcc.o
                0x0000000008008530                HW_IPCC_SYS_SendCmd
 .text.HW_IPCC_MM_SendFreeBuf
                0x000000000800854c       0x44 STM32_WPAN/Target/hw_ipcc.o
                0x000000000800854c                HW_IPCC_MM_SendFreeBuf
 .text.HW_IPCC_TRACES_Init
                0x0000000008008590       0x14 STM32_WPAN/Target/hw_ipcc.o
                0x0000000008008590                HW_IPCC_TRACES_Init
 .text.__libc_init_array
                0x00000000080085a4       0x48 c:/st/stm32cubeide_1.1.0/stm32cubeide/plugins/com.st.stm32cube.ide.mcu.externaltools.gnu-tools-for-stm32.7-2018-q2-update.win32_1.0.0.201904181610/tools/bin/../lib/gcc/arm-none-eabi/7.3.1/../../../../arm-none-eabi/lib/thumb/v7e-m/fpv4-sp/hard\libc_nano.a(lib_a-init.o)
                0x00000000080085a4                __libc_init_array
 .text.memcpy   0x00000000080085ec       0x16 c:/st/stm32cubeide_1.1.0/stm32cubeide/plugins/com.st.stm32cube.ide.mcu.externaltools.gnu-tools-for-stm32.7-2018-q2-update.win32_1.0.0.201904181610/tools/bin/../lib/gcc/arm-none-eabi/7.3.1/../../../../arm-none-eabi/lib/thumb/v7e-m/fpv4-sp/hard\libc_nano.a(lib_a-memcpy-stub.o)
                0x00000000080085ec                memcpy
 .text.memset   0x0000000008008602       0x10 c:/st/stm32cubeide_1.1.0/stm32cubeide/plugins/com.st.stm32cube.ide.mcu.externaltools.gnu-tools-for-stm32.7-2018-q2-update.win32_1.0.0.201904181610/tools/bin/../lib/gcc/arm-none-eabi/7.3.1/../../../../arm-none-eabi/lib/thumb/v7e-m/fpv4-sp/hard\libc_nano.a(lib_a-memset.o)
                0x0000000008008602                memset
 *(.glue_7)
 .glue_7        0x0000000008008612        0x0 linker stubs
 *(.glue_7t)
 .glue_7t       0x0000000008008612        0x0 linker stubs
 *(.eh_frame)
 *fill*         0x0000000008008612        0x2 
 .eh_frame      0x0000000008008614        0x0 c:/st/stm32cubeide_1.1.0/stm32cubeide/plugins/com.st.stm32cube.ide.mcu.externaltools.gnu-tools-for-stm32.7-2018-q2-update.win32_1.0.0.201904181610/tools/bin/../lib/gcc/arm-none-eabi/7.3.1/thumb/v7e-m/fpv4-sp/hard/crtbegin.o
 *(.init)
 .init          0x0000000008008614        0x4 c:/st/stm32cubeide_1.1.0/stm32cubeide/plugins/com.st.stm32cube.ide.mcu.externaltools.gnu-tools-for-stm32.7-2018-q2-update.win32_1.0.0.201904181610/tools/bin/../lib/gcc/arm-none-eabi/7.3.1/thumb/v7e-m/fpv4-sp/hard/crti.o
                0x0000000008008614                _init
 .init          0x0000000008008618        0x8 c:/st/stm32cubeide_1.1.0/stm32cubeide/plugins/com.st.stm32cube.ide.mcu.externaltools.gnu-tools-for-stm32.7-2018-q2-update.win32_1.0.0.201904181610/tools/bin/../lib/gcc/arm-none-eabi/7.3.1/thumb/v7e-m/fpv4-sp/hard/crtn.o
 *(.fini)
 .fini          0x0000000008008620        0x4 c:/st/stm32cubeide_1.1.0/stm32cubeide/plugins/com.st.stm32cube.ide.mcu.externaltools.gnu-tools-for-stm32.7-2018-q2-update.win32_1.0.0.201904181610/tools/bin/../lib/gcc/arm-none-eabi/7.3.1/thumb/v7e-m/fpv4-sp/hard/crti.o
                0x0000000008008620                _fini
 .fini          0x0000000008008624        0x8 c:/st/stm32cubeide_1.1.0/stm32cubeide/plugins/com.st.stm32cube.ide.mcu.externaltools.gnu-tools-for-stm32.7-2018-q2-update.win32_1.0.0.201904181610/tools/bin/../lib/gcc/arm-none-eabi/7.3.1/thumb/v7e-m/fpv4-sp/hard/crtn.o
                0x000000000800862c                . = ALIGN (0x4)
                0x000000000800862c                _etext = .

.vfp11_veneer   0x000000000800862c        0x0
 .vfp11_veneer  0x000000000800862c        0x0 linker stubs

.v4_bx          0x000000000800862c        0x0
 .v4_bx         0x000000000800862c        0x0 linker stubs

.iplt           0x000000000800862c        0x0
 .iplt          0x000000000800862c        0x0 c:/st/stm32cubeide_1.1.0/stm32cubeide/plugins/com.st.stm32cube.ide.mcu.externaltools.gnu-tools-for-stm32.7-2018-q2-update.win32_1.0.0.201904181610/tools/bin/../lib/gcc/arm-none-eabi/7.3.1/thumb/v7e-m/fpv4-sp/hard/crtbegin.o

.rodata         0x000000000800862c      0x144
                0x000000000800862c                . = ALIGN (0x4)
 *(.rodata)
 .rodata        0x000000000800862c       0x2c Drivers/STM32WBxx_HAL_Driver/Src/stm32wbxx_hal_rcc.o
 .rodata        0x0000000008008658       0x10 Drivers/STM32WBxx_HAL_Driver/Src/stm32wbxx_hal_uart_ex.o
 .rodata        0x0000000008008668       0x38 STM32_WPAN/App/app_ble.o
 *(.rodata*)
 .rodata.AHBPrescTable
                0x00000000080086a0       0x40 Core/Src/system_stm32wbxx.o
                0x00000000080086a0                AHBPrescTable
 .rodata.APBPrescTable
                0x00000000080086e0       0x20 Core/Src/system_stm32wbxx.o
                0x00000000080086e0                APBPrescTable
 .rodata.MSIRangeTable
                0x0000000008008700       0x40 Core/Src/system_stm32wbxx.o
                0x0000000008008700                MSIRangeTable
 .rodata.M_bd_addr
                0x0000000008008740        0x6 STM32_WPAN/App/app_ble.o
 *fill*         0x0000000008008746        0x2 
 .rodata.BLE_CFG_IR_VALUE
                0x0000000008008748       0x10 STM32_WPAN/App/app_ble.o
 .rodata.BLE_CFG_ER_VALUE
                0x0000000008008758       0x10 STM32_WPAN/App/app_ble.o
 .rodata.local_name
                0x0000000008008768        0x6 STM32_WPAN/App/app_ble.o
                0x0000000008008770                . = ALIGN (0x4)
 *fill*         0x000000000800876e        0x2 

.ARM.extab
 *(.ARM.extab* .gnu.linkonce.armextab.*)

.ARM            0x0000000008008770        0x8
                0x0000000008008770                __exidx_start = .
 *(.ARM.exidx*)
 .ARM.exidx     0x0000000008008770        0x8 c:/st/stm32cubeide_1.1.0/stm32cubeide/plugins/com.st.stm32cube.ide.mcu.externaltools.gnu-tools-for-stm32.7-2018-q2-update.win32_1.0.0.201904181610/tools/bin/../lib/gcc/arm-none-eabi/7.3.1/thumb/v7e-m/fpv4-sp/hard\libgcc.a(_udivmoddi4.o)
                0x0000000008008778                __exidx_end = .

.rel.dyn        0x0000000008008778        0x0
 .rel.iplt      0x0000000008008778        0x0 c:/st/stm32cubeide_1.1.0/stm32cubeide/plugins/com.st.stm32cube.ide.mcu.externaltools.gnu-tools-for-stm32.7-2018-q2-update.win32_1.0.0.201904181610/tools/bin/../lib/gcc/arm-none-eabi/7.3.1/thumb/v7e-m/fpv4-sp/hard/crtbegin.o

.preinit_array  0x0000000008008778        0x0
                0x0000000008008778                PROVIDE (__preinit_array_start = .)
 *(.preinit_array*)
                0x0000000008008778                PROVIDE (__preinit_array_end = .)

.init_array     0x0000000008008778        0x4
                0x0000000008008778                PROVIDE (__init_array_start = .)
 *(SORT_BY_NAME(.init_array.*))
 *(.init_array*)
 .init_array    0x0000000008008778        0x4 c:/st/stm32cubeide_1.1.0/stm32cubeide/plugins/com.st.stm32cube.ide.mcu.externaltools.gnu-tools-for-stm32.7-2018-q2-update.win32_1.0.0.201904181610/tools/bin/../lib/gcc/arm-none-eabi/7.3.1/thumb/v7e-m/fpv4-sp/hard/crtbegin.o
                0x000000000800877c                PROVIDE (__init_array_end = .)

.fini_array     0x000000000800877c        0x4
                [!provide]                        PROVIDE (__fini_array_start = .)
 *(SORT_BY_NAME(.fini_array.*))
 *(.fini_array*)
 .fini_array    0x000000000800877c        0x4 c:/st/stm32cubeide_1.1.0/stm32cubeide/plugins/com.st.stm32cube.ide.mcu.externaltools.gnu-tools-for-stm32.7-2018-q2-update.win32_1.0.0.201904181610/tools/bin/../lib/gcc/arm-none-eabi/7.3.1/thumb/v7e-m/fpv4-sp/hard/crtbegin.o
                [!provide]                        PROVIDE (__fini_array_end = .)
                0x0000000008008780                _sidata = LOADADDR (.data)

.data           0x0000000020000004       0x1c load address 0x0000000008008780
                0x0000000020000004                . = ALIGN (0x4)
                0x0000000020000004                _sdata = .
 *(.data)
 *(.data*)
 .data.SystemCoreClock
                0x0000000020000004        0x4 Core/Src/system_stm32wbxx.o
                0x0000000020000004                SystemCoreClock
 .data.uwTickPrio
                0x0000000020000008        0x4 Drivers/STM32WBxx_HAL_Driver/Src/stm32wbxx_hal.o
                0x0000000020000008                uwTickPrio
 .data.uwTickFreq
                0x000000002000000c        0x4 Drivers/STM32WBxx_HAL_Driver/Src/stm32wbxx_hal.o
                0x000000002000000c                uwTickFreq
 .data.manuf_data
                0x0000000020000010        0xe STM32_WPAN/App/app_ble.o
                0x0000000020000010                manuf_data
                0x0000000020000020                . = ALIGN (0x4)
 *fill*         0x000000002000001e        0x2 
                0x0000000020000020                _edata = .

.igot.plt       0x0000000020000020        0x0 load address 0x000000000800879c
 .igot.plt      0x0000000020000020        0x0 c:/st/stm32cubeide_1.1.0/stm32cubeide/plugins/com.st.stm32cube.ide.mcu.externaltools.gnu-tools-for-stm32.7-2018-q2-update.win32_1.0.0.201904181610/tools/bin/../lib/gcc/arm-none-eabi/7.3.1/thumb/v7e-m/fpv4-sp/hard/crtbegin.o

TIMERSERVER_CONTEXT
                0x0000000020000020       0x99 load address 0x000000000800879c
 TIMERSERVER_CONTEXT
                0x0000000020000020       0x99 Core/Src/hw_timerserver.o

BLE_DRIVER_CONTEXT
                0x00000000200000bc       0x3d load address 0x0000000008008835
 BLE_DRIVER_CONTEXT
                0x00000000200000bc        0x6 Middlewares/ST/STM32_WPAN/ble/svc/Src/p2p_stm.o
 *fill*         0x00000000200000c2        0x2 
 BLE_DRIVER_CONTEXT
                0x00000000200000c4       0x21 Middlewares/ST/STM32_WPAN/ble/svc/Src/svc_ctl.o
                0x00000000200000c4                SVCCTL_EvtHandler
                0x00000000200000e4                SVCCTL_CltHandler
 *fill*         0x00000000200000e5        0x3 
 BLE_DRIVER_CONTEXT
                0x00000000200000e8       0x11 Middlewares/ST/STM32_WPAN/interface/patterns/ble_thread/tl/hci_tl.o
                0x00000000200000f8                UserEventFlow

SYSTEM_DRIVER_CONTEXT
                0x00000000200000fc       0x11 load address 0x0000000008008872
 SYSTEM_DRIVER_CONTEXT
                0x00000000200000fc       0x11 Middlewares/ST/STM32_WPAN/interface/patterns/ble_thread/tl/shci_tl.o
                0x000000002000010c                SHCI_TL_UserEventFlow

BLE_APP_CONTEXT
                0x0000000020000110       0x98 load address 0x0000000008008883
 BLE_APP_CONTEXT
                0x0000000020000110       0x98 STM32_WPAN/App/app_ble.o
                0x00000000200001a8                . = ALIGN (0x4)

.bss            0x00000000200001a8      0x3cc load address 0x000000000800891b
                0x00000000200001a8                _sbss = .
                0x00000000200001a8                __bss_start__ = _sbss
 *(.bss)
 .bss           0x00000000200001a8       0x1c c:/st/stm32cubeide_1.1.0/stm32cubeide/plugins/com.st.stm32cube.ide.mcu.externaltools.gnu-tools-for-stm32.7-2018-q2-update.win32_1.0.0.201904181610/tools/bin/../lib/gcc/arm-none-eabi/7.3.1/thumb/v7e-m/fpv4-sp/hard/crtbegin.o
 *(.bss*)
 .bss.phrtc     0x00000000200001c4        0x4 Core/Src/hw_timerserver.o
 .bss.WakeupTimerDivider
                0x00000000200001c8        0x1 Core/Src/hw_timerserver.o
 .bss.AsynchPrescalerUserConfig
                0x00000000200001c9        0x1 Core/Src/hw_timerserver.o
 .bss.SynchPrescalerUserConfig
                0x00000000200001ca        0x2 Core/Src/hw_timerserver.o
 .bss.MaxWakeupTimerSetup
                0x00000000200001cc        0x2 Core/Src/hw_timerserver.o
 *fill*         0x00000000200001ce        0x2 
 .bss.hciContext
                0x00000000200001d0       0x20 Middlewares/ST/STM32_WPAN/interface/patterns/ble_thread/tl/hci_tl.o
 .bss.HciCmdEventQueue
                0x00000000200001f0        0x8 Middlewares/ST/STM32_WPAN/interface/patterns/ble_thread/tl/hci_tl.o
 .bss.StatusNotCallBackFunction
                0x00000000200001f8        0x4 Middlewares/ST/STM32_WPAN/interface/patterns/ble_thread/tl/hci_tl.o
 .bss.shciContext
                0x00000000200001fc       0x20 Middlewares/ST/STM32_WPAN/interface/patterns/ble_thread/tl/shci_tl.o
 .bss.StatusNotCallBackFunction
                0x000000002000021c        0x4 Middlewares/ST/STM32_WPAN/interface/patterns/ble_thread/tl/shci_tl.o
 .bss.LocalFreeBufQueue
                0x0000000020000220        0x8 Middlewares/ST/STM32_WPAN/interface/patterns/ble_thread/tl/tl_mbox.o
 .bss.BLE_IoBusEvtCallBackFunction
                0x0000000020000228        0x4 Middlewares/ST/STM32_WPAN/interface/patterns/ble_thread/tl/tl_mbox.o
 .bss.BLE_IoBusAclDataTxAck
                0x000000002000022c        0x4 Middlewares/ST/STM32_WPAN/interface/patterns/ble_thread/tl/tl_mbox.o
 .bss.SYS_CMD_IoBusCallBackFunction
                0x0000000020000230        0x4 Middlewares/ST/STM32_WPAN/interface/patterns/ble_thread/tl/tl_mbox.o
 .bss.SYS_EVT_IoBusCallBackFunction
                0x0000000020000234        0x4 Middlewares/ST/STM32_WPAN/interface/patterns/ble_thread/tl/tl_mbox.o
 .bss.p_mem_manager_table.7965
                0x0000000020000238        0x4 Middlewares/ST/STM32_WPAN/interface/patterns/ble_thread/tl/tl_mbox.o
 .bss.bd_addr_udn
                0x000000002000023c        0x6 STM32_WPAN/App/app_ble.o
 *fill*         0x0000000020000242        0x2 
 .bss.FreeBufCb
                0x0000000020000244        0x4 STM32_WPAN/Target/hw_ipcc.o
 *(COMMON)
 COMMON         0x0000000020000248      0x324 Core/Src/main.o
                0x0000000020000248                huart1
                0x00000000200002d4                hrtc
                0x00000000200002f8                hpcd_USB_FS
 COMMON         0x000000002000056c        0x4 Drivers/STM32WBxx_HAL_Driver/Src/stm32wbxx_hal.o
                0x000000002000056c                uwTick
 COMMON         0x0000000020000570        0x4 STM32_WPAN/App/app_ble.o
                0x0000000020000570                handleNotification
                0x0000000020000574                . = ALIGN (0x4)
                0x0000000020000574                _ebss = .
                0x0000000020000574                __bss_end__ = _ebss

._user_heap_stack
                0x0000000020000574      0x604 load address 0x000000000800891b
                0x0000000020000578                . = ALIGN (0x8)
 *fill*         0x0000000020000574        0x4 
                0x0000000020000578                PROVIDE (end = .)
                [!provide]                        PROVIDE (_end = .)
                0x0000000020000778                . = (. + _Min_Heap_Size)
 *fill*         0x0000000020000578      0x200 
                0x0000000020000b78                . = (. + _Min_Stack_Size)
 *fill*         0x0000000020000778      0x400 
                0x0000000020000b78                . = ALIGN (0x8)

/DISCARD/
 libc.a(*)
 libm.a(*)
 libgcc.a(*)

.ARM.attributes
                0x0000000000000000       0x30
 *(.ARM.attributes)
 .ARM.attributes
                0x0000000000000000       0x22 c:/st/stm32cubeide_1.1.0/stm32cubeide/plugins/com.st.stm32cube.ide.mcu.externaltools.gnu-tools-for-stm32.7-2018-q2-update.win32_1.0.0.201904181610/tools/bin/../lib/gcc/arm-none-eabi/7.3.1/thumb/v7e-m/fpv4-sp/hard/crti.o
 .ARM.attributes
                0x0000000000000022       0x34 c:/st/stm32cubeide_1.1.0/stm32cubeide/plugins/com.st.stm32cube.ide.mcu.externaltools.gnu-tools-for-stm32.7-2018-q2-update.win32_1.0.0.201904181610/tools/bin/../lib/gcc/arm-none-eabi/7.3.1/thumb/v7e-m/fpv4-sp/hard/crtbegin.o
 .ARM.attributes
                0x0000000000000056       0x39 Core/Src/app_entry.o
 .ARM.attributes
                0x000000000000008f       0x39 Core/Src/hw_timerserver.o
 .ARM.attributes
                0x00000000000000c8       0x39 Core/Src/main.o
 .ARM.attributes
                0x0000000000000101       0x39 Core/Src/stm32wbxx_hal_msp.o
 .ARM.attributes
                0x000000000000013a       0x39 Core/Src/stm32wbxx_it.o
 .ARM.attributes
                0x0000000000000173       0x39 Core/Src/system_stm32wbxx.o
 .ARM.attributes
                0x00000000000001ac       0x21 Core/Startup/startup_stm32wb55rgvx.o
 .ARM.attributes
                0x00000000000001cd       0x39 Drivers/STM32WBxx_HAL_Driver/Src/stm32wbxx_hal.o
 .ARM.attributes
                0x0000000000000206       0x39 Drivers/STM32WBxx_HAL_Driver/Src/stm32wbxx_hal_cortex.o
 .ARM.attributes
                0x000000000000023f       0x39 Drivers/STM32WBxx_HAL_Driver/Src/stm32wbxx_hal_dma.o
 .ARM.attributes
                0x0000000000000278       0x39 Drivers/STM32WBxx_HAL_Driver/Src/stm32wbxx_hal_gpio.o
 .ARM.attributes
                0x00000000000002b1       0x39 Drivers/STM32WBxx_HAL_Driver/Src/stm32wbxx_hal_pcd.o
 .ARM.attributes
                0x00000000000002ea       0x39 Drivers/STM32WBxx_HAL_Driver/Src/stm32wbxx_hal_pcd_ex.o
 .ARM.attributes
                0x0000000000000323       0x39 Drivers/STM32WBxx_HAL_Driver/Src/stm32wbxx_hal_pwr.o
 .ARM.attributes
                0x000000000000035c       0x39 Drivers/STM32WBxx_HAL_Driver/Src/stm32wbxx_hal_pwr_ex.o
 .ARM.attributes
                0x0000000000000395       0x39 Drivers/STM32WBxx_HAL_Driver/Src/stm32wbxx_hal_rcc.o
 .ARM.attributes
                0x00000000000003ce       0x39 Drivers/STM32WBxx_HAL_Driver/Src/stm32wbxx_hal_rcc_ex.o
 .ARM.attributes
                0x0000000000000407       0x39 Drivers/STM32WBxx_HAL_Driver/Src/stm32wbxx_hal_rtc.o
 .ARM.attributes
                0x0000000000000440       0x39 Drivers/STM32WBxx_HAL_Driver/Src/stm32wbxx_hal_rtc_ex.o
 .ARM.attributes
                0x0000000000000479       0x39 Drivers/STM32WBxx_HAL_Driver/Src/stm32wbxx_hal_uart.o
 .ARM.attributes
                0x00000000000004b2       0x39 Drivers/STM32WBxx_HAL_Driver/Src/stm32wbxx_hal_uart_ex.o
 .ARM.attributes
                0x00000000000004eb       0x39 Drivers/STM32WBxx_HAL_Driver/Src/stm32wbxx_ll_usb.o
 .ARM.attributes
                0x0000000000000524       0x39 Middlewares/ST/STM32_WPAN/ble/core/auto/ble_gap_aci.o
 .ARM.attributes
                0x000000000000055d       0x39 Middlewares/ST/STM32_WPAN/ble/core/auto/ble_gatt_aci.o
 .ARM.attributes
                0x0000000000000596       0x39 Middlewares/ST/STM32_WPAN/ble/core/auto/ble_hal_aci.o
 .ARM.attributes
                0x00000000000005cf       0x39 Middlewares/ST/STM32_WPAN/ble/core/auto/ble_hci_le.o
 .ARM.attributes
                0x0000000000000608       0x39 Middlewares/ST/STM32_WPAN/ble/core/template/osal.o
 .ARM.attributes
                0x0000000000000641       0x39 Middlewares/ST/STM32_WPAN/ble/svc/Src/p2p_stm.o
 .ARM.attributes
                0x000000000000067a       0x39 Middlewares/ST/STM32_WPAN/ble/svc/Src/svc_ctl.o
 .ARM.attributes
                0x00000000000006b3       0x39 Middlewares/ST/STM32_WPAN/interface/patterns/ble_thread/shci/shci.o
 .ARM.attributes
                0x00000000000006ec       0x39 Middlewares/ST/STM32_WPAN/interface/patterns/ble_thread/tl/hci_tl.o
 .ARM.attributes
                0x0000000000000725       0x39 Middlewares/ST/STM32_WPAN/interface/patterns/ble_thread/tl/hci_tl_if.o
 .ARM.attributes
                0x000000000000075e       0x39 Middlewares/ST/STM32_WPAN/interface/patterns/ble_thread/tl/shci_tl.o
 .ARM.attributes
                0x0000000000000797       0x39 Middlewares/ST/STM32_WPAN/interface/patterns/ble_thread/tl/shci_tl_if.o
 .ARM.attributes
                0x00000000000007d0       0x39 Middlewares/ST/STM32_WPAN/interface/patterns/ble_thread/tl/tl_mbox.o
 .ARM.attributes
                0x0000000000000809       0x39 Middlewares/ST/STM32_WPAN/utilities/otp.o
 .ARM.attributes
                0x0000000000000842       0x39 Middlewares/ST/STM32_WPAN/utilities/stm_list.o
 .ARM.attributes
                0x000000000000087b       0x39 STM32_WPAN/App/app_ble.o
 .ARM.attributes
                0x00000000000008b4       0x39 STM32_WPAN/App/p2p_server_app.o
 .ARM.attributes
                0x00000000000008ed       0x39 STM32_WPAN/Target/hw_ipcc.o
 .ARM.attributes
                0x0000000000000926       0x34 c:/st/stm32cubeide_1.1.0/stm32cubeide/plugins/com.st.stm32cube.ide.mcu.externaltools.gnu-tools-for-stm32.7-2018-q2-update.win32_1.0.0.201904181610/tools/bin/../lib/gcc/arm-none-eabi/7.3.1/../../../../arm-none-eabi/lib/thumb/v7e-m/fpv4-sp/hard\libc_nano.a(lib_a-init.o)
 .ARM.attributes
                0x000000000000095a       0x34 c:/st/stm32cubeide_1.1.0/stm32cubeide/plugins/com.st.stm32cube.ide.mcu.externaltools.gnu-tools-for-stm32.7-2018-q2-update.win32_1.0.0.201904181610/tools/bin/../lib/gcc/arm-none-eabi/7.3.1/../../../../arm-none-eabi/lib/thumb/v7e-m/fpv4-sp/hard\libc_nano.a(lib_a-memcpy-stub.o)
 .ARM.attributes
                0x000000000000098e       0x34 c:/st/stm32cubeide_1.1.0/stm32cubeide/plugins/com.st.stm32cube.ide.mcu.externaltools.gnu-tools-for-stm32.7-2018-q2-update.win32_1.0.0.201904181610/tools/bin/../lib/gcc/arm-none-eabi/7.3.1/../../../../arm-none-eabi/lib/thumb/v7e-m/fpv4-sp/hard\libc_nano.a(lib_a-memset.o)
 .ARM.attributes
                0x00000000000009c2       0x1b c:/st/stm32cubeide_1.1.0/stm32cubeide/plugins/com.st.stm32cube.ide.mcu.externaltools.gnu-tools-for-stm32.7-2018-q2-update.win32_1.0.0.201904181610/tools/bin/../lib/gcc/arm-none-eabi/7.3.1/../../../../arm-none-eabi/lib/thumb/v7e-m/fpv4-sp/hard\libc_nano.a(lib_a-strlen.o)
 .ARM.attributes
                0x00000000000009dd       0x22 c:/st/stm32cubeide_1.1.0/stm32cubeide/plugins/com.st.stm32cube.ide.mcu.externaltools.gnu-tools-for-stm32.7-2018-q2-update.win32_1.0.0.201904181610/tools/bin/../lib/gcc/arm-none-eabi/7.3.1/thumb/v7e-m/fpv4-sp/hard\libgcc.a(_aeabi_uldivmod.o)
 .ARM.attributes
                0x00000000000009ff       0x34 c:/st/stm32cubeide_1.1.0/stm32cubeide/plugins/com.st.stm32cube.ide.mcu.externaltools.gnu-tools-for-stm32.7-2018-q2-update.win32_1.0.0.201904181610/tools/bin/../lib/gcc/arm-none-eabi/7.3.1/thumb/v7e-m/fpv4-sp/hard\libgcc.a(_udivmoddi4.o)
 .ARM.attributes
                0x0000000000000a33       0x22 c:/st/stm32cubeide_1.1.0/stm32cubeide/plugins/com.st.stm32cube.ide.mcu.externaltools.gnu-tools-for-stm32.7-2018-q2-update.win32_1.0.0.201904181610/tools/bin/../lib/gcc/arm-none-eabi/7.3.1/thumb/v7e-m/fpv4-sp/hard\libgcc.a(_dvmd_tls.o)
 .ARM.attributes
                0x0000000000000a55       0x22 c:/st/stm32cubeide_1.1.0/stm32cubeide/plugins/com.st.stm32cube.ide.mcu.externaltools.gnu-tools-for-stm32.7-2018-q2-update.win32_1.0.0.201904181610/tools/bin/../lib/gcc/arm-none-eabi/7.3.1/thumb/v7e-m/fpv4-sp/hard/crtn.o

MAPPING_TABLE   0x0000000020030000       0x24
 *(MAPPING_TABLE)
 MAPPING_TABLE  0x0000000020030000       0x24 Middlewares/ST/STM32_WPAN/interface/patterns/ble_thread/tl/tl_mbox.o

MB_MEM1         0x0000000020030024      0x19f
 *(MB_MEM1)
 MB_MEM1        0x0000000020030024       0x94 Middlewares/ST/STM32_WPAN/interface/patterns/ble_thread/tl/tl_mbox.o
 MB_MEM1        0x00000000200300b8      0x10b STM32_WPAN/App/app_ble.o

MB_MEM2         0x00000000200301c4      0x880
                0x00000000200301c4                _sMB_MEM2 = .
 *(MB_MEM2)
 MB_MEM2        0x00000000200301c4      0x85e Core/Src/app_entry.o
 *fill*         0x0000000020030a22        0x2 
 MB_MEM2        0x0000000020030a24       0x20 Middlewares/ST/STM32_WPAN/interface/patterns/ble_thread/tl/tl_mbox.o
                0x0000000020030a44                _eMB_MEM2 = .
OUTPUT(tgr2020_handson4.elf elf32-littlearm)

.debug_info     0x0000000000000000    0x30a5d
 .debug_info    0x0000000000000000     0x17da Core/Src/app_entry.o
 .debug_info    0x00000000000017da     0x1a9e Core/Src/hw_timerserver.o
 .debug_info    0x0000000000003278     0x23e9 Core/Src/main.o
 .debug_info    0x0000000000005661     0x17f7 Core/Src/stm32wbxx_hal_msp.o
 .debug_info    0x0000000000006e58      0xc16 Core/Src/stm32wbxx_it.o
 .debug_info    0x0000000000007a6e      0x7b4 Core/Src/system_stm32wbxx.o
 .debug_info    0x0000000000008222       0x22 Core/Startup/startup_stm32wb55rgvx.o
 .debug_info    0x0000000000008244     0x12f3 Drivers/STM32WBxx_HAL_Driver/Src/stm32wbxx_hal.o
 .debug_info    0x0000000000009537      0xde3 Drivers/STM32WBxx_HAL_Driver/Src/stm32wbxx_hal_cortex.o
 .debug_info    0x000000000000a31a      0x978 Drivers/STM32WBxx_HAL_Driver/Src/stm32wbxx_hal_dma.o
 .debug_info    0x000000000000ac92      0x7d5 Drivers/STM32WBxx_HAL_Driver/Src/stm32wbxx_hal_gpio.o
 .debug_info    0x000000000000b467      0xef6 Drivers/STM32WBxx_HAL_Driver/Src/stm32wbxx_hal_pcd.o
 .debug_info    0x000000000000c35d      0x90f Drivers/STM32WBxx_HAL_Driver/Src/stm32wbxx_hal_pcd_ex.o
 .debug_info    0x000000000000cc6c      0x9db Drivers/STM32WBxx_HAL_Driver/Src/stm32wbxx_hal_pwr.o
 .debug_info    0x000000000000d647     0x112d Drivers/STM32WBxx_HAL_Driver/Src/stm32wbxx_hal_pwr_ex.o
 .debug_info    0x000000000000e774     0x1548 Drivers/STM32WBxx_HAL_Driver/Src/stm32wbxx_hal_rcc.o
 .debug_info    0x000000000000fcbc     0x1c98 Drivers/STM32WBxx_HAL_Driver/Src/stm32wbxx_hal_rcc_ex.o
 .debug_info    0x0000000000011954      0xd58 Drivers/STM32WBxx_HAL_Driver/Src/stm32wbxx_hal_rtc.o
 .debug_info    0x00000000000126ac     0x10ef Drivers/STM32WBxx_HAL_Driver/Src/stm32wbxx_hal_rtc_ex.o
 .debug_info    0x000000000001379b     0x1b95 Drivers/STM32WBxx_HAL_Driver/Src/stm32wbxx_hal_uart.o
 .debug_info    0x0000000000015330      0xc2e Drivers/STM32WBxx_HAL_Driver/Src/stm32wbxx_hal_uart_ex.o
 .debug_info    0x0000000000015f5e     0x15bc Drivers/STM32WBxx_HAL_Driver/Src/stm32wbxx_ll_usb.o
 .debug_info    0x000000000001751a     0x3389 Middlewares/ST/STM32_WPAN/ble/core/auto/ble_gap_aci.o
 .debug_info    0x000000000001a8a3     0x3718 Middlewares/ST/STM32_WPAN/ble/core/auto/ble_gatt_aci.o
 .debug_info    0x000000000001dfbb     0x14b9 Middlewares/ST/STM32_WPAN/ble/core/auto/ble_hal_aci.o
 .debug_info    0x000000000001f474     0x371e Middlewares/ST/STM32_WPAN/ble/core/auto/ble_hci_le.o
 .debug_info    0x0000000000022b92      0x956 Middlewares/ST/STM32_WPAN/ble/core/template/osal.o
 .debug_info    0x00000000000234e8      0xea6 Middlewares/ST/STM32_WPAN/ble/svc/Src/p2p_stm.o
 .debug_info    0x000000000002438e      0xe91 Middlewares/ST/STM32_WPAN/ble/svc/Src/svc_ctl.o
 .debug_info    0x000000000002521f     0x1bc0 Middlewares/ST/STM32_WPAN/interface/patterns/ble_thread/shci/shci.o
 .debug_info    0x0000000000026ddf     0x1134 Middlewares/ST/STM32_WPAN/interface/patterns/ble_thread/tl/hci_tl.o
 .debug_info    0x0000000000027f13      0x9c8 Middlewares/ST/STM32_WPAN/interface/patterns/ble_thread/tl/hci_tl_if.o
 .debug_info    0x00000000000288db      0xe6b Middlewares/ST/STM32_WPAN/interface/patterns/ble_thread/tl/shci_tl.o
 .debug_info    0x0000000000029746      0x9c8 Middlewares/ST/STM32_WPAN/interface/patterns/ble_thread/tl/shci_tl_if.o
 .debug_info    0x000000000002a10e     0x1379 Middlewares/ST/STM32_WPAN/interface/patterns/ble_thread/tl/tl_mbox.o
 .debug_info    0x000000000002b487      0xa55 Middlewares/ST/STM32_WPAN/utilities/otp.o
 .debug_info    0x000000000002bedc     0x10db Middlewares/ST/STM32_WPAN/utilities/stm_list.o
 .debug_info    0x000000000002cfb7     0x197a STM32_WPAN/App/app_ble.o
 .debug_info    0x000000000002e931      0xc39 STM32_WPAN/App/p2p_server_app.o
 .debug_info    0x000000000002f56a     0x14f3 STM32_WPAN/Target/hw_ipcc.o

.debug_abbrev   0x0000000000000000     0x55b7
 .debug_abbrev  0x0000000000000000      0x2e4 Core/Src/app_entry.o
 .debug_abbrev  0x00000000000002e4      0x368 Core/Src/hw_timerserver.o
 .debug_abbrev  0x000000000000064c      0x2e8 Core/Src/main.o
 .debug_abbrev  0x0000000000000934      0x205 Core/Src/stm32wbxx_hal_msp.o
 .debug_abbrev  0x0000000000000b39      0x149 Core/Src/stm32wbxx_it.o
 .debug_abbrev  0x0000000000000c82      0x163 Core/Src/system_stm32wbxx.o
 .debug_abbrev  0x0000000000000de5       0x12 Core/Startup/startup_stm32wb55rgvx.o
 .debug_abbrev  0x0000000000000df7      0x2df Drivers/STM32WBxx_HAL_Driver/Src/stm32wbxx_hal.o
 .debug_abbrev  0x00000000000010d6      0x2f1 Drivers/STM32WBxx_HAL_Driver/Src/stm32wbxx_hal_cortex.o
 .debug_abbrev  0x00000000000013c7      0x1d9 Drivers/STM32WBxx_HAL_Driver/Src/stm32wbxx_hal_dma.o
 .debug_abbrev  0x00000000000015a0      0x1d3 Drivers/STM32WBxx_HAL_Driver/Src/stm32wbxx_hal_gpio.o
 .debug_abbrev  0x0000000000001773      0x27d Drivers/STM32WBxx_HAL_Driver/Src/stm32wbxx_hal_pcd.o
 .debug_abbrev  0x00000000000019f0      0x1eb Drivers/STM32WBxx_HAL_Driver/Src/stm32wbxx_hal_pcd_ex.o
 .debug_abbrev  0x0000000000001bdb      0x1b9 Drivers/STM32WBxx_HAL_Driver/Src/stm32wbxx_hal_pwr.o
 .debug_abbrev  0x0000000000001d94      0x2d6 Drivers/STM32WBxx_HAL_Driver/Src/stm32wbxx_hal_pwr_ex.o
 .debug_abbrev  0x000000000000206a      0x24a Drivers/STM32WBxx_HAL_Driver/Src/stm32wbxx_hal_rcc.o
 .debug_abbrev  0x00000000000022b4      0x2d9 Drivers/STM32WBxx_HAL_Driver/Src/stm32wbxx_hal_rcc_ex.o
 .debug_abbrev  0x000000000000258d      0x1b5 Drivers/STM32WBxx_HAL_Driver/Src/stm32wbxx_hal_rtc.o
 .debug_abbrev  0x0000000000002742      0x1c4 Drivers/STM32WBxx_HAL_Driver/Src/stm32wbxx_hal_rtc_ex.o
 .debug_abbrev  0x0000000000002906      0x239 Drivers/STM32WBxx_HAL_Driver/Src/stm32wbxx_hal_uart.o
 .debug_abbrev  0x0000000000002b3f      0x1e2 Drivers/STM32WBxx_HAL_Driver/Src/stm32wbxx_hal_uart_ex.o
 .debug_abbrev  0x0000000000002d21      0x239 Drivers/STM32WBxx_HAL_Driver/Src/stm32wbxx_ll_usb.o
 .debug_abbrev  0x0000000000002f5a      0x204 Middlewares/ST/STM32_WPAN/ble/core/auto/ble_gap_aci.o
 .debug_abbrev  0x000000000000315e      0x20d Middlewares/ST/STM32_WPAN/ble/core/auto/ble_gatt_aci.o
 .debug_abbrev  0x000000000000336b      0x204 Middlewares/ST/STM32_WPAN/ble/core/auto/ble_hal_aci.o
 .debug_abbrev  0x000000000000356f      0x1f9 Middlewares/ST/STM32_WPAN/ble/core/auto/ble_hci_le.o
 .debug_abbrev  0x0000000000003768      0x1a4 Middlewares/ST/STM32_WPAN/ble/core/template/osal.o
 .debug_abbrev  0x000000000000390c      0x227 Middlewares/ST/STM32_WPAN/ble/svc/Src/p2p_stm.o
 .debug_abbrev  0x0000000000003b33      0x223 Middlewares/ST/STM32_WPAN/ble/svc/Src/svc_ctl.o
 .debug_abbrev  0x0000000000003d56      0x23a Middlewares/ST/STM32_WPAN/interface/patterns/ble_thread/shci/shci.o
 .debug_abbrev  0x0000000000003f90      0x278 Middlewares/ST/STM32_WPAN/interface/patterns/ble_thread/tl/hci_tl.o
 .debug_abbrev  0x0000000000004208      0x18e Middlewares/ST/STM32_WPAN/interface/patterns/ble_thread/tl/hci_tl_if.o
 .debug_abbrev  0x0000000000004396      0x224 Middlewares/ST/STM32_WPAN/interface/patterns/ble_thread/tl/shci_tl.o
 .debug_abbrev  0x00000000000045ba      0x18e Middlewares/ST/STM32_WPAN/interface/patterns/ble_thread/tl/shci_tl_if.o
 .debug_abbrev  0x0000000000004748      0x270 Middlewares/ST/STM32_WPAN/interface/patterns/ble_thread/tl/tl_mbox.o
 .debug_abbrev  0x00000000000049b8      0x1b5 Middlewares/ST/STM32_WPAN/utilities/otp.o
 .debug_abbrev  0x0000000000004b6d      0x282 Middlewares/ST/STM32_WPAN/utilities/stm_list.o
 .debug_abbrev  0x0000000000004def      0x2f9 STM32_WPAN/App/app_ble.o
 .debug_abbrev  0x00000000000050e8      0x1be STM32_WPAN/App/p2p_server_app.o
 .debug_abbrev  0x00000000000052a6      0x311 STM32_WPAN/Target/hw_ipcc.o

.debug_aranges  0x0000000000000000     0x23d8
 .debug_aranges
                0x0000000000000000       0x88 Core/Src/app_entry.o
 .debug_aranges
                0x0000000000000088       0xa8 Core/Src/hw_timerserver.o
 .debug_aranges
                0x0000000000000130       0x68 Core/Src/main.o
 .debug_aranges
                0x0000000000000198       0x90 Core/Src/stm32wbxx_hal_msp.o
 .debug_aranges
                0x0000000000000228       0x78 Core/Src/stm32wbxx_it.o
 .debug_aranges
                0x00000000000002a0       0x28 Core/Src/system_stm32wbxx.o
 .debug_aranges
                0x00000000000002c8       0x30 Core/Startup/startup_stm32wb55rgvx.o
 .debug_aranges
                0x00000000000002f8      0x280 Drivers/STM32WBxx_HAL_Driver/Src/stm32wbxx_hal.o
 .debug_aranges
                0x0000000000000578      0x108 Drivers/STM32WBxx_HAL_Driver/Src/stm32wbxx_hal_cortex.o
 .debug_aranges
                0x0000000000000680       0x90 Drivers/STM32WBxx_HAL_Driver/Src/stm32wbxx_hal_dma.o
 .debug_aranges
                0x0000000000000710       0x58 Drivers/STM32WBxx_HAL_Driver/Src/stm32wbxx_hal_gpio.o
 .debug_aranges
                0x0000000000000768      0x120 Drivers/STM32WBxx_HAL_Driver/Src/stm32wbxx_hal_pcd.o
 .debug_aranges
                0x0000000000000888       0x58 Drivers/STM32WBxx_HAL_Driver/Src/stm32wbxx_hal_pcd_ex.o
 .debug_aranges
                0x00000000000008e0       0xd0 Drivers/STM32WBxx_HAL_Driver/Src/stm32wbxx_hal_pwr.o
 .debug_aranges
                0x00000000000009b0      0x288 Drivers/STM32WBxx_HAL_Driver/Src/stm32wbxx_hal_pwr_ex.o
 .debug_aranges
                0x0000000000000c38      0x298 Drivers/STM32WBxx_HAL_Driver/Src/stm32wbxx_hal_rcc.o
 .debug_aranges