stm32wbxx_ll_system.h:2176:26:LL_FLASH_GetUDN	4	static
stm32wbxx_ll_system.h:2188:26:LL_FLASH_GetDeviceID	4	static
stm32wbxx_ll_system.h:2200:26:LL_FLASH_GetSTCompanyID	4	static
app_ble.c:381:6:APP_BLE_Init	64	static
app_ble.c:502:28:SVCCTL_App_Notification	48	static
app_ble.c:683:22:APP_BLE_Get_Server_Connection_Status	4	static
app_ble.c:689:6:HAL_GPIO_EXTI_Callback	16	static
app_ble.c:707:13:Ble_Tl_Init	16	static
app_ble.c:718:14:Ble_Hci_Gap_Gatt_Init	88	static
app_ble.c:860:13:Adv_Request	56	static
app_ble.c:944:16:BleGetBdAddress	32	static
app_ble.c:994:13:Adv_Cancel	16	static
app_ble.c:1026:13:Adv_Cancel_Req	8	static
app_ble.c:1038:13:Switch_OFF_GPIO	4	static
app_ble.c:1086:6:hci_notify_asynch_evt	16	static
app_ble.c:1092:6:hci_cmd_resp_release	16	static
app_ble.c:1098:6:hci_cmd_resp_wait	16	static
app_ble.c:1104:13:BLE_UserEvtRx	24	static
app_ble.c:1122:13:BLE_StatusNot	24	static
app_ble.c:1153:6:SVCCTL_ResumeUserEventFlow	8	static
