stm32wbxx_ll_rcc.h:1665:22:LL_RCC_LSE_SetDriveCapability	16	static
stm32wbxx_ll_bus.h:508:22:LL_AHB2_GRP1_EnableClock	24	static
main.c:112:5:main	8	static
main.c:266:6:SystemClock_Config	192	static
main.c:333:13:MX_RF_Init	4	static
main.c:354:13:MX_RTC_Init	8	static
main.c:391:13:MX_TIM16_Init	8	static
main.c:423:13:MX_TIM17_Init	8	static
main.c:455:13:MX_USART1_UART_Init	8	static
main.c:503:13:MX_GPIO_Init	32	static
main.c:552:6:HAL_TIM_PeriodElapsedCallback	16	static
main.c:591:13:is_moving	32	static
main.c:619:6:Error_Handler	4	static
