stm32wbxx_ll_rcc.h:1665:22:LL_RCC_LSE_SetDriveCapability	16	static
stm32wbxx_ll_bus.h:508:22:LL_AHB2_GRP1_EnableClock	24	static
main.c:112:5:main	8	static
main.c:249:6:SystemClock_Config	192	static
main.c:316:13:MX_RF_Init	4	static
main.c:337:13:MX_RTC_Init	8	static
main.c:374:13:MX_TIM16_Init	8	static
main.c:406:13:MX_TIM17_Init	8	static
main.c:438:13:MX_USART1_UART_Init	8	static
main.c:486:13:MX_GPIO_Init	32	static
main.c:535:6:HAL_TIM_PeriodElapsedCallback	16	static
main.c:574:13:is_moving	32	static
main.c:602:6:Error_Handler	4	static
